Archive member included to satisfy reference by file (symbol)

c:/program files (x86)/stmicroelectronics/stm32cubeide_1.1.0/stm32cubeide/plugins/com.st.stm32cube.ide.mcu.externaltools.gnu-tools-for-stm32.7-2018-q2-update.win32_1.0.0.201904181610/tools/bin/../lib/gcc/arm-none-eabi/7.3.1/../../../../arm-none-eabi/lib/thumb/v7-m\libc.a(lib_a-errno.o)
                              Core/Src/syscalls.o (__errno)
c:/program files (x86)/stmicroelectronics/stm32cubeide_1.1.0/stm32cubeide/plugins/com.st.stm32cube.ide.mcu.externaltools.gnu-tools-for-stm32.7-2018-q2-update.win32_1.0.0.201904181610/tools/bin/../lib/gcc/arm-none-eabi/7.3.1/../../../../arm-none-eabi/lib/thumb/v7-m\libc.a(lib_a-exit.o)
                              c:/program files (x86)/stmicroelectronics/stm32cubeide_1.1.0/stm32cubeide/plugins/com.st.stm32cube.ide.mcu.externaltools.gnu-tools-for-stm32.7-2018-q2-update.win32_1.0.0.201904181610/tools/bin/../lib/gcc/arm-none-eabi/7.3.1/../../../../arm-none-eabi/lib/thumb/v7-m/crt0.o (exit)
c:/program files (x86)/stmicroelectronics/stm32cubeide_1.1.0/stm32cubeide/plugins/com.st.stm32cube.ide.mcu.externaltools.gnu-tools-for-stm32.7-2018-q2-update.win32_1.0.0.201904181610/tools/bin/../lib/gcc/arm-none-eabi/7.3.1/../../../../arm-none-eabi/lib/thumb/v7-m\libc.a(lib_a-impure.o)
                              c:/program files (x86)/stmicroelectronics/stm32cubeide_1.1.0/stm32cubeide/plugins/com.st.stm32cube.ide.mcu.externaltools.gnu-tools-for-stm32.7-2018-q2-update.win32_1.0.0.201904181610/tools/bin/../lib/gcc/arm-none-eabi/7.3.1/../../../../arm-none-eabi/lib/thumb/v7-m\libc.a(lib_a-exit.o) (_global_impure_ptr)
c:/program files (x86)/stmicroelectronics/stm32cubeide_1.1.0/stm32cubeide/plugins/com.st.stm32cube.ide.mcu.externaltools.gnu-tools-for-stm32.7-2018-q2-update.win32_1.0.0.201904181610/tools/bin/../lib/gcc/arm-none-eabi/7.3.1/../../../../arm-none-eabi/lib/thumb/v7-m\libc.a(lib_a-init.o)
                              c:/program files (x86)/stmicroelectronics/stm32cubeide_1.1.0/stm32cubeide/plugins/com.st.stm32cube.ide.mcu.externaltools.gnu-tools-for-stm32.7-2018-q2-update.win32_1.0.0.201904181610/tools/bin/../lib/gcc/arm-none-eabi/7.3.1/../../../../arm-none-eabi/lib/thumb/v7-m/crt0.o (__libc_init_array)
c:/program files (x86)/stmicroelectronics/stm32cubeide_1.1.0/stm32cubeide/plugins/com.st.stm32cube.ide.mcu.externaltools.gnu-tools-for-stm32.7-2018-q2-update.win32_1.0.0.201904181610/tools/bin/../lib/gcc/arm-none-eabi/7.3.1/../../../../arm-none-eabi/lib/thumb/v7-m\libc.a(lib_a-memcpy-stub.o)
                              Core/Src/SX1278.o (memcpy)
c:/program files (x86)/stmicroelectronics/stm32cubeide_1.1.0/stm32cubeide/plugins/com.st.stm32cube.ide.mcu.externaltools.gnu-tools-for-stm32.7-2018-q2-update.win32_1.0.0.201904181610/tools/bin/../lib/gcc/arm-none-eabi/7.3.1/../../../../arm-none-eabi/lib/thumb/v7-m\libc.a(lib_a-memset.o)
                              c:/program files (x86)/stmicroelectronics/stm32cubeide_1.1.0/stm32cubeide/plugins/com.st.stm32cube.ide.mcu.externaltools.gnu-tools-for-stm32.7-2018-q2-update.win32_1.0.0.201904181610/tools/bin/../lib/gcc/arm-none-eabi/7.3.1/../../../../arm-none-eabi/lib/thumb/v7-m/crt0.o (memset)
c:/program files (x86)/stmicroelectronics/stm32cubeide_1.1.0/stm32cubeide/plugins/com.st.stm32cube.ide.mcu.externaltools.gnu-tools-for-stm32.7-2018-q2-update.win32_1.0.0.201904181610/tools/bin/../lib/gcc/arm-none-eabi/7.3.1/../../../../arm-none-eabi/lib/thumb/v7-m\libc.a(lib_a-printf.o)
                              Core/Src/DataProcessing.o (printf)
c:/program files (x86)/stmicroelectronics/stm32cubeide_1.1.0/stm32cubeide/plugins/com.st.stm32cube.ide.mcu.externaltools.gnu-tools-for-stm32.7-2018-q2-update.win32_1.0.0.201904181610/tools/bin/../lib/gcc/arm-none-eabi/7.3.1/../../../../arm-none-eabi/lib/thumb/v7-m\libc.a(lib_a-puts.o)
                              Core/Src/DataProcessing.o (puts)
c:/program files (x86)/stmicroelectronics/stm32cubeide_1.1.0/stm32cubeide/plugins/com.st.stm32cube.ide.mcu.externaltools.gnu-tools-for-stm32.7-2018-q2-update.win32_1.0.0.201904181610/tools/bin/../lib/gcc/arm-none-eabi/7.3.1/../../../../arm-none-eabi/lib/thumb/v7-m\libc.a(lib_a-snprintf.o)
                              Core/Src/DataProcessing.o (snprintf)
c:/program files (x86)/stmicroelectronics/stm32cubeide_1.1.0/stm32cubeide/plugins/com.st.stm32cube.ide.mcu.externaltools.gnu-tools-for-stm32.7-2018-q2-update.win32_1.0.0.201904181610/tools/bin/../lib/gcc/arm-none-eabi/7.3.1/../../../../arm-none-eabi/lib/thumb/v7-m\libc.a(lib_a-sprintf.o)
                              Core/Src/DataProcessing.o (sprintf)
c:/program files (x86)/stmicroelectronics/stm32cubeide_1.1.0/stm32cubeide/plugins/com.st.stm32cube.ide.mcu.externaltools.gnu-tools-for-stm32.7-2018-q2-update.win32_1.0.0.201904181610/tools/bin/../lib/gcc/arm-none-eabi/7.3.1/../../../../arm-none-eabi/lib/thumb/v7-m\libc.a(lib_a-sscanf.o)
                              Core/Src/GPS.o (sscanf)
[...]
Memory Configuration

Name             Origin             Length             Attributes
RAM              0x0000000020000000 0x0000000000004000 xrw
FLASH            0x0000000008000000 0x0000000000020000 xr
*default*        0x0000000000000000 0xffffffffffffffff

Linker script and memory map

LOAD c:/program files (x86)/stmicroelectronics/stm32cubeide_1.1.0/stm32cubeide/plugins/com.st.stm32cube.ide.mcu.externaltools.gnu-tools-for-stm32.7-2018-q2-update.win32_1.0.0.201904181610/tools/bin/../lib/gcc/arm-none-eabi/7.3.1/thumb/v7-m/crti.o
LOAD c:/program files (x86)/stmicroelectronics/stm32cubeide_1.1.0/stm32cubeide/plugins/com.st.stm32cube.ide.mcu.externaltools.gnu-tools-for-stm32.7-2018-q2-update.win32_1.0.0.201904181610/tools/bin/../lib/gcc/arm-none-eabi/7.3.1/thumb/v7-m/crtbegin.o
LOAD c:/program files (x86)/stmicroelectronics/stm32cubeide_1.1.0/stm32cubeide/plugins/com.st.stm32cube.ide.mcu.externaltools.gnu-tools-for-stm32.7-2018-q2-update.win32_1.0.0.201904181610/tools/bin/../lib/gcc/arm-none-eabi/7.3.1/../../../../arm-none-eabi/lib/thumb/v7-m/crt0.o
LOAD Core/Src/DataProcessing.o
LOAD Core/Src/GPS.o
LOAD Core/Src/SX1278.o
LOAD Core/Src/dma.o
LOAD Core/Src/gpio.o
LOAD Core/Src/iwdg.o
LOAD Core/Src/main.o
LOAD Core/Src/spi.o
LOAD Core/Src/stm32l1xx_hal_msp.o
LOAD Core/Src/stm32l1xx_it.o
LOAD Core/Src/sys.o
LOAD Core/Src/syscalls.o
LOAD Core/Src/sysmem.o
LOAD Core/Src/system_stm32l1xx.o
LOAD Core/Src/tim.o
LOAD Core/Src/usart.o
LOAD Core/Startup/startup_stm32l151cbux.o
LOAD Drivers/STM32L1xx_HAL_Driver/Src/stm32l1xx_hal.o
LOAD Drivers/STM32L1xx_HAL_Driver/Src/stm32l1xx_hal_cortex.o
LOAD Drivers/STM32L1xx_HAL_Driver/Src/stm32l1xx_hal_dma.o
LOAD Drivers/STM32L1xx_HAL_Driver/Src/stm32l1xx_hal_flash.o
LOAD Drivers/STM32L1xx_HAL_Driver/Src/stm32l1xx_hal_flash_ex.o
LOAD Drivers/STM32L1xx_HAL_Driver/Src/stm32l1xx_hal_flash_ramfunc.o
LOAD Drivers/STM32L1xx_HAL_Driver/Src/stm32l1xx_hal_gpio.o
LOAD Drivers/STM32L1xx_HAL_Driver/Src/stm32l1xx_hal_iwdg.o
LOAD Drivers/STM32L1xx_HAL_Driver/Src/stm32l1xx_hal_pwr.o
LOAD Drivers/STM32L1xx_HAL_Driver/Src/stm32l1xx_hal_pwr_ex.o
LOAD Drivers/STM32L1xx_HAL_Driver/Src/stm32l1xx_hal_rcc.o
LOAD Drivers/STM32L1xx_HAL_Driver/Src/stm32l1xx_hal_rcc_ex.o
LOAD Drivers/STM32L1xx_HAL_Driver/Src/stm32l1xx_hal_spi.o
LOAD Drivers/STM32L1xx_HAL_Driver/Src/stm32l1xx_hal_tim.o
LOAD Drivers/STM32L1xx_HAL_Driver/Src/stm32l1xx_hal_tim_ex.o
LOAD Drivers/STM32L1xx_HAL_Driver/Src/stm32l1xx_hal_uart.o
START GROUP
LOAD c:/program files (x86)/stmicroelectronics/stm32cubeide_1.1.0/stm32cubeide/plugins/com.st.stm32cube.ide.mcu.externaltools.gnu-tools-for-stm32.7-2018-q2-update.win32_1.0.0.201904181610/tools/bin/../lib/gcc/arm-none-eabi/7.3.1/../../../../arm-none-eabi/lib/thumb/v7-m\libc.a
LOAD c:/program files (x86)/stmicroelectronics/stm32cubeide_1.1.0/stm32cubeide/plugins/com.st.stm32cube.ide.mcu.externaltools.gnu-tools-for-stm32.7-2018-q2-update.win32_1.0.0.201904181610/tools/bin/../lib/gcc/arm-none-eabi/7.3.1/../../../../arm-none-eabi/lib/thumb/v7-m\libm.a
END GROUP
START GROUP
LOAD c:/program files (x86)/stmicroelectronics/stm32cubeide_1.1.0/stm32cubeide/plugins/com.st.stm32cube.ide.mcu.externaltools.gnu-tools-for-stm32.7-2018-q2-update.win32_1.0.0.201904181610/tools/bin/../lib/gcc/arm-none-eabi/7.3.1/thumb/v7-m\libgcc.a
LOAD c:/program files (x86)/stmicroelectronics/stm32cubeide_1.1.0/stm32cubeide/plugins/com.st.stm32cube.ide.mcu.externaltools.gnu-tools-for-stm32.7-2018-q2-update.win32_1.0.0.201904181610/tools/bin/../lib/gcc/arm-none-eabi/7.3.1/../../../../arm-none-eabi/lib/thumb/v7-m\libc.a
END GROUP
START GROUP
LOAD c:/program files (x86)/stmicroelectronics/stm32cubeide_1.1.0/stm32cubeide/plugins/com.st.stm32cube.ide.mcu.externaltools.gnu-tools-for-stm32.7-2018-q2-update.win32_1.0.0.201904181610/tools/bin/../lib/gcc/arm-none-eabi/7.3.1/thumb/v7-m\libgcc.a
LOAD c:/program files (x86)/stmicroelectronics/stm32cubeide_1.1.0/stm32cubeide/plugins/com.st.stm32cube.ide.mcu.externaltools.gnu-tools-for-stm32.7-2018-q2-update.win32_1.0.0.201904181610/tools/bin/../lib/gcc/arm-none-eabi/7.3.1/../../../../arm-none-eabi/lib/thumb/v7-m\libc.a
LOAD c:/program files (x86)/stmicroelectronics/stm32cubeide_1.1.0/stm32cubeide/plugins/com.st.stm32cube.ide.mcu.externaltools.gnu-tools-for-stm32.7-2018-q2-update.win32_1.0.0.201904181610/tools/bin/../lib/gcc/arm-none-eabi/7.3.1/../../../../arm-none-eabi/lib/thumb/v7-m\libnosys.a
END GROUP
LOAD c:/program files (x86)/stmicroelectronics/stm32cubeide_1.1.0/stm32cubeide/plugins/com.st.stm32cube.ide.mcu.externaltools.gnu-tools-for-stm32.7-2018-q2-update.win32_1.0.0.201904181610/tools/bin/../lib/gcc/arm-none-eabi/7.3.1/thumb/v7-m/crtend.o
LOAD c:/program files (x86)/stmicroelectronics/stm32cubeide_1.1.0/stm32cubeide/plugins/com.st.stm32cube.ide.mcu.externaltools.gnu-tools-for-stm32.7-2018-q2-update.win32_1.0.0.201904181610/tools/bin/../lib/gcc/arm-none-eabi/7.3.1/thumb/v7-m/crtn.o
                0x0000000020004000                _estack = (ORIGIN (RAM) + LENGTH (RAM))
                0x0000000000000200                _Min_Heap_Size = 0x200
                0x0000000000000400                _Min_Stack_Size = 0x400

.isr_vector     0x0000000008000000      0x13c
                0x0000000008000000                . = ALIGN (0x4)
 *(.isr_vector)
 .isr_vector    0x0000000008000000      0x13c Core/Startup/startup_stm32l151cbux.o
                0x0000000008000000                g_pfnVectors
                0x000000000800013c                . = ALIGN (0x4)

.text           0x0000000008000140     0xdfd4
                0x0000000008000140                . = ALIGN (0x4)
 *(.text)
 .text          0x0000000008000140       0x40 c:/program files (x86)/stmicroelectronics/stm32cubeide_1.1.0/stm32cubeide/plugins/com.st.stm32cube.ide.mcu.externaltools.gnu-tools-for-stm32.7-2018-q2-update.win32_1.0.0.201904181610/tools/bin/../lib/gcc/arm-none-eabi/7.3.1/thumb/v7-m/crtbegin.o
 .text          0x0000000008000180       0x10 c:/program files (x86)/stmicroelectronics/stm32cubeide_1.1.0/stm32cubeide/plugins/com.st.stm32cube.ide.mcu.externaltools.gnu-tools-for-stm32.7-2018-q2-update.win32_1.0.0.201904181610/tools/bin/../lib/gcc/arm-none-eabi/7.3.1/../../../../arm-none-eabi/lib/thumb/v7-m\libc.a(lib_a-strlen.o)
                0x0000000008000180                strlen
 .text          0x0000000008000190      0x378 c:/program files (x86)/stmicroelectronics/stm32cubeide_1.1.0/stm32cubeide/plugins/com.st.stm32cube.ide.mcu.externaltools.gnu-tools-for-stm32.7-2018-q2-update.win32_1.0.0.201904181610/tools/bin/../lib/gcc/arm-none-eabi/7.3.1/thumb/v7-m\libgcc.a(_arm_addsubdf3.o)
                0x0000000008000190                __aeabi_drsub
                0x0000000008000198                __aeabi_dsub
                0x0000000008000198                __subdf3
                0x000000000800019c                __aeabi_dadd
                0x000000000800019c                __adddf3
                0x0000000008000414                __floatunsidf
                0x0000000008000414                __aeabi_ui2d
                0x0000000008000434                __floatsidf
                0x0000000008000434                __aeabi_i2d
                0x0000000008000458                __aeabi_f2d
                0x0000000008000458                __extendsfdf2
                0x000000000800049c                __floatundidf
                0x000000000800049c                __aeabi_ul2d
                0x00000000080004ac                __floatdidf
                0x00000000080004ac                __aeabi_l2d
 .text          0x0000000008000508      0x424 c:/program files (x86)/stmicroelectronics/stm32cubeide_1.1.0/stm32cubeide/plugins/com.st.stm32cube.ide.mcu.externaltools.gnu-tools-for-stm32.7-2018-q2-update.win32_1.0.0.201904181610/tools/bin/../lib/gcc/arm-none-eabi/7.3.1/thumb/v7-m\libgcc.a(_arm_muldivdf3.o)
                0x0000000008000508                __aeabi_dmul
                0x0000000008000508                __muldf3
                0x000000000800075c                __divdf3
                0x000000000800075c                __aeabi_ddiv
 .text          0x000000000800092c      0x110 c:/program files (x86)/stmicroelectronics/stm32cubeide_1.1.0/stm32cubeide/plugins/com.st.stm32cube.ide.mcu.externaltools.gnu-tools-for-stm32.7-2018-q2-update.win32_1.0.0.201904181610/tools/bin/../lib/gcc/arm-none-eabi/7.3.1/thumb/v7-m\libgcc.a(_arm_cmpdf2.o)
                0x000000000800092c                __gtdf2
                0x000000000800092c                __gedf2
                0x0000000008000934                __ltdf2
                0x0000000008000934                __ledf2
                0x000000000800093c                __nedf2
                0x000000000800093c                __eqdf2
                0x000000000800093c                __cmpdf2
                0x00000000080009b8                __aeabi_cdrcmple
                0x00000000080009c8                __aeabi_cdcmpeq
                0x00000000080009c8                __aeabi_cdcmple
                0x00000000080009d8                __aeabi_dcmpeq
                0x00000000080009ec                __aeabi_dcmplt
                0x0000000008000a00                __aeabi_dcmple
                0x0000000008000a14                __aeabi_dcmpge
                0x0000000008000a28                __aeabi_dcmpgt
 .text          0x0000000008000a3c       0x2c c:/program files (x86)/stmicroelectronics/stm32cubeide_1.1.0/stm32cubeide/plugins/com.st.stm32cube.ide.mcu.externaltools.gnu-tools-for-stm32.7-2018-q2-update.win32_1.0.0.201904181610/tools/bin/../lib/gcc/arm-none-eabi/7.3.1/thumb/v7-m\libgcc.a(_arm_unorddf2.o)
                0x0000000008000a3c                __unorddf2
                0x0000000008000a3c                __aeabi_dcmpun
 .text          0x0000000008000a68       0x50 c:/program files (x86)/stmicroelectronics/stm32cubeide_1.1.0/stm32cubeide/plugins/com.st.stm32cube.ide.mcu.externaltools.gnu-tools-for-stm32.7-2018-q2-update.win32_1.0.0.201904181610/tools/bin/../lib/gcc/arm-none-eabi/7.3.1/thumb/v7-m\libgcc.a(_arm_fixdfsi.o)
                0x0000000008000a68                __aeabi_d2iz
                0x0000000008000a68                __fixdfsi
 .text          0x0000000008000ab8       0x40 c:/program files (x86)/stmicroelectronics/stm32cubeide_1.1.0/stm32cubeide/plugins/com.st.stm32cube.ide.mcu.externaltools.gnu-tools-for-stm32.7-2018-q2-update.win32_1.0.0.201904181610/tools/bin/../lib/gcc/arm-none-eabi/7.3.1/thumb/v7-m\libgcc.a(_arm_fixunsdfsi.o)
                0x0000000008000ab8                __aeabi_d2uiz
                0x0000000008000ab8                __fixunsdfsi
 .text          0x0000000008000af8       0xa0 c:/program files (x86)/stmicroelectronics/stm32cubeide_1.1.0/stm32cubeide/plugins/com.st.stm32cube.ide.mcu.externaltools.gnu-tools-for-stm32.7-2018-q2-update.win32_1.0.0.201904181610/tools/bin/../lib/gcc/arm-none-eabi/7.3.1/thumb/v7-m\libgcc.a(_arm_truncdfsf2.o)
                0x0000000008000af8                __truncdfsf2
                0x0000000008000af8                __aeabi_d2f
 .text          0x0000000008000b98      0x21c c:/program files (x86)/stmicroelectronics/stm32cubeide_1.1.0/stm32cubeide/plugins/com.st.stm32cube.ide.mcu.externaltools.gnu-tools-for-stm32.7-2018-q2-update.win32_1.0.0.201904181610/tools/bin/../lib/gcc/arm-none-eabi/7.3.1/thumb/v7-m\libgcc.a(_arm_addsubsf3.o)
                0x0000000008000b98                __aeabi_frsub
                0x0000000008000ba0                __subsf3
                0x0000000008000ba0                __aeabi_fsub
                0x0000000008000ba4                __aeabi_fadd
                0x0000000008000ba4                __addsf3
                0x0000000008000d04                __aeabi_ui2f
                0x0000000008000d04                __floatunsisf
                0x0000000008000d0c                __aeabi_i2f
                0x0000000008000d0c                __floatsisf
                0x0000000008000d28                __aeabi_ul2f
                0x0000000008000d28                __floatundisf
                0x0000000008000d38                __aeabi_l2f
                0x0000000008000d38                __floatdisf
 .text          0x0000000008000db4      0x2a0 c:/program files (x86)/stmicroelectronics/stm32cubeide_1.1.0/stm32cubeide/plugins/com.st.stm32cube.ide.mcu.externaltools.gnu-tools-for-stm32.7-2018-q2-update.win32_1.0.0.201904181610/tools/bin/../lib/gcc/arm-none-eabi/7.3.1/thumb/v7-m\libgcc.a(_arm_muldivsf3.o)
                0x0000000008000db4                __mulsf3
                0x0000000008000db4                __aeabi_fmul
                0x0000000008000f1c                __aeabi_fdiv
                0x0000000008000f1c                __divsf3
 .text          0x0000000008001054       0x4c c:/program files (x86)/stmicroelectronics/stm32cubeide_1.1.0/stm32cubeide/plugins/com.st.stm32cube.ide.mcu.externaltools.gnu-tools-for-stm32.7-2018-q2-update.win32_1.0.0.201904181610/tools/bin/../lib/gcc/arm-none-eabi/7.3.1/thumb/v7-m\libgcc.a(_arm_fixsfsi.o)
                0x0000000008001054                __aeabi_f2iz
                0x0000000008001054                __fixsfsi
 .text          0x00000000080010a0       0x30 c:/program files (x86)/stmicroelectronics/stm32cubeide_1.1.0/stm32cubeide/plugins/com.st.stm32cube.ide.mcu.externaltools.gnu-tools-for-stm32.7-2018-q2-update.win32_1.0.0.201904181610/tools/bin/../lib/gcc/arm-none-eabi/7.3.1/thumb/v7-m\libgcc.a(_aeabi_uldivmod.o)
                0x00000000080010a0                __aeabi_uldivmod
 .text          0x00000000080010d0      0x2d0 c:/program files (x86)/stmicroelectronics/stm32cubeide_1.1.0/stm32cubeide/plugins/com.st.stm32cube.ide.mcu.externaltools.gnu-tools-for-stm32.7-2018-q2-update.win32_1.0.0.201904181610/tools/bin/../lib/gcc/arm-none-eabi/7.3.1/thumb/v7-m\libgcc.a(_udivmoddi4.o)
                0x00000000080010d0                __udivmoddi4
 .text          0x00000000080013a0        0x4 c:/program files (x86)/stmicroelectronics/stm32cubeide_1.1.0/stm32cubeide/plugins/com.st.stm32cube.ide.mcu.externaltools.gnu-tools-for-stm32.7-2018-q2-update.win32_1.0.0.201904181610/tools/bin/../lib/gcc/arm-none-eabi/7.3.1/thumb/v7-m\libgcc.a(_dvmd_tls.o)
                0x00000000080013a0                __aeabi_idiv0
                0x00000000080013a0                __aeabi_ldiv0
 *(.text*)
 .text.idleProcess
                0x00000000080013a4       0x18 Core/Src/DataProcessing.o
                0x00000000080013a4                idleProcess
 .text.rfTxMessages
                0x00000000080013bc      0x148 Core/Src/DataProcessing.o
                0x00000000080013bc                rfTxMessages
 .text.initialiseDevices
                0x0000000008001504       0x74 Core/Src/DataProcessing.o
                0x0000000008001504                initialiseDevices
 .text.convertDegMinToDecDeg
                0x0000000008001578       0x98 Core/Src/GPS.o
                0x0000000008001578                convertDegMinToDecDeg
 .text.GPS_Init
                0x0000000008001610       0x28 Core/Src/GPS.o
                0x0000000008001610                GPS_Init
 .text.GPS_CallBack
                0x0000000008001638       0x78 Core/Src/GPS.o
                0x0000000008001638                GPS_CallBack
 .text.GPS_Process
                0x00000000080016b0      0x188 Core/Src/GPS.o
                0x00000000080016b0                GPS_Process
 .text.SX1278_device_init
                0x0000000008001838       0x64 Core/Src/SX1278.o
                0x0000000008001838                SX1278_device_init
 .text.SX1278_hw_init
                0x000000000800189c       0x2a Core/Src/SX1278.o
                0x000000000800189c                SX1278_hw_init
 .text.SX1278_hw_SetNSS
                0x00000000080018c6       0x2e Core/Src/SX1278.o
                0x00000000080018c6                SX1278_hw_SetNSS
 .text.SX1278_hw_Reset
                0x00000000080018f4       0x48 Core/Src/SX1278.o
                0x00000000080018f4                SX1278_hw_Reset
 .text.SX1278_hw_SPICommand
                0x000000000800193c       0x38 Core/Src/SX1278.o
                0x000000000800193c                SX1278_hw_SPICommand
 .text.SX1278_hw_SPIReadByte
                0x0000000008001974       0x42 Core/Src/SX1278.o
                0x0000000008001974                SX1278_hw_SPIReadByte
 .text.SX1278_hw_DelayMs
                0x00000000080019b6       0x16 Core/Src/SX1278.o
                0x00000000080019b6                SX1278_hw_DelayMs
 .text.SX1278_hw_GetDIO0
                0x00000000080019cc       0x2e Core/Src/SX1278.o
                0x00000000080019cc                SX1278_hw_GetDIO0
 .text.SX1278_SPIRead
                0x00000000080019fa       0x3e Core/Src/SX1278.o
                0x00000000080019fa                SX1278_SPIRead
 .text.SX1278_SPIWrite
                0x0000000008001a38       0x52 Core/Src/SX1278.o
                0x0000000008001a38                SX1278_SPIWrite
 .text.SX1278_SPIBurstWrite
                0x0000000008001a8a       0x76 Core/Src/SX1278.o
                0x0000000008001a8a                SX1278_SPIBurstWrite
 .text.SX1278_defaultConfig
                0x0000000008001b00       0x2a Core/Src/SX1278.o
                0x0000000008001b00                SX1278_defaultConfig
 *fill*         0x0000000008001b2a        0x2 
 .text.SX1278_config
                0x0000000008001b2c      0x154 Core/Src/SX1278.o
                0x0000000008001b2c                SX1278_config
 .text.SX1278_standby
                0x0000000008001c80       0x20 Core/Src/SX1278.o
                0x0000000008001c80                SX1278_standby
 .text.SX1278_sleep
                0x0000000008001ca0       0x20 Core/Src/SX1278.o
                0x0000000008001ca0                SX1278_sleep
 .text.SX1278_entryLoRa
                0x0000000008001cc0       0x1a Core/Src/SX1278.o
                0x0000000008001cc0                SX1278_entryLoRa
 .text.SX1278_clearLoRaIrq
                0x0000000008001cda       0x1a Core/Src/SX1278.o
                0x0000000008001cda                SX1278_clearLoRaIrq
 .text.SX1278_LoRaEntryTx
                0x0000000008001cf4       0xb0 Core/Src/SX1278.o
                0x0000000008001cf4                SX1278_LoRaEntryTx
 .text.SX1278_LoRaTxPacket
                0x0000000008001da4       0x7e Core/Src/SX1278.o
                0x0000000008001da4                SX1278_LoRaTxPacket
 .text.SX1278_begin
                0x0000000008001e22       0x50 Core/Src/SX1278.o
                0x0000000008001e22                SX1278_begin
 *fill*         0x0000000008001e72        0x2 
 .text.MX_DMA_Init
                0x0000000008001e74       0xc8 Core/Src/dma.o
                0x0000000008001e74                MX_DMA_Init
 .text.MX_GPIO_Init
                0x0000000008001f3c      0x164 Core/Src/gpio.o
                0x0000000008001f3c                MX_GPIO_Init
 .text.MX_IWDG_Init
                0x00000000080020a0       0x34 Core/Src/iwdg.o
                0x00000000080020a0                MX_IWDG_Init
 .text.__io_putchar
                0x00000000080020d4       0x24 Core/Src/main.o
                0x00000000080020d4                __io_putchar
 .text.main     0x00000000080020f8       0x74 Core/Src/main.o
                0x00000000080020f8                main
 .text.SystemClock_Config
                0x000000000800216c       0xa0 Core/Src/main.o
                0x000000000800216c                SystemClock_Config
 .text.Error_Handler
                0x000000000800220c        0xc Core/Src/main.o
                0x000000000800220c                Error_Handler
 .text.MX_SPI1_Init
                0x0000000008002218       0x6c Core/Src/spi.o
                0x0000000008002218                MX_SPI1_Init
 .text.HAL_SPI_MspInit
                0x0000000008002284      0x134 Core/Src/spi.o
                0x0000000008002284                HAL_SPI_MspInit
 .text.HAL_MspInit
                0x00000000080023b8       0x5c Core/Src/stm32l1xx_hal_msp.o
                0x00000000080023b8                HAL_MspInit
 .text.NMI_Handler
                0x0000000008002414        0xc Core/Src/stm32l1xx_it.o
                0x0000000008002414                NMI_Handler
 .text.HardFault_Handler
                0x0000000008002420        0x6 Core/Src/stm32l1xx_it.o
                0x0000000008002420                HardFault_Handler
 .text.MemManage_Handler
                0x0000000008002426        0x6 Core/Src/stm32l1xx_it.o
                0x0000000008002426                MemManage_Handler
 .text.BusFault_Handler
                0x000000000800242c        0x6 Core/Src/stm32l1xx_it.o
                0x000000000800242c                BusFault_Handler
 .text.UsageFault_Handler
                0x0000000008002432        0x6 Core/Src/stm32l1xx_it.o
                0x0000000008002432                UsageFault_Handler
 .text.SVC_Handler
                0x0000000008002438        0xc Core/Src/stm32l1xx_it.o
                0x0000000008002438                SVC_Handler
 .text.DebugMon_Handler
                0x0000000008002444        0xc Core/Src/stm32l1xx_it.o
                0x0000000008002444                DebugMon_Handler
 .text.PendSV_Handler
                0x0000000008002450        0xc Core/Src/stm32l1xx_it.o
                0x0000000008002450                PendSV_Handler
 .text.SysTick_Handler
                0x000000000800245c        0xc Core/Src/stm32l1xx_it.o
                0x000000000800245c                SysTick_Handler
 .text.DMA1_Channel2_IRQHandler
                0x0000000008002468       0x14 Core/Src/stm32l1xx_it.o
                0x0000000008002468                DMA1_Channel2_IRQHandler
 .text.DMA1_Channel3_IRQHandler
                0x000000000800247c       0x14 Core/Src/stm32l1xx_it.o
                0x000000000800247c                DMA1_Channel3_IRQHandler
 .text.DMA1_Channel4_IRQHandler
                0x0000000008002490       0x14 Core/Src/stm32l1xx_it.o
                0x0000000008002490                DMA1_Channel4_IRQHandler
 .text.DMA1_Channel6_IRQHandler
                0x00000000080024a4       0x18 Core/Src/stm32l1xx_it.o
                0x00000000080024a4                DMA1_Channel6_IRQHandler
 .text.DMA1_Channel7_IRQHandler
                0x00000000080024bc       0x14 Core/Src/stm32l1xx_it.o
                0x00000000080024bc                DMA1_Channel7_IRQHandler
 .text.USART2_IRQHandler
                0x00000000080024d0       0x14 Core/Src/stm32l1xx_it.o
                0x00000000080024d0                USART2_IRQHandler
 .text.TIM6_IRQHandler
                0x00000000080024e4       0x1c Core/Src/stm32l1xx_it.o
                0x00000000080024e4                TIM6_IRQHandler
 .text._read    0x0000000008002500       0x3a Core/Src/syscalls.o
                0x0000000008002500                _read
 .text._write   0x000000000800253a       0x38 Core/Src/syscalls.o
                0x000000000800253a                _write
 .text._close   0x0000000008002572       0x16 Core/Src/syscalls.o
                0x0000000008002572                _close
 .text._fstat   0x0000000008002588       0x1e Core/Src/syscalls.o
                0x0000000008002588                _fstat
 .text._isatty  0x00000000080025a6       0x14 Core/Src/syscalls.o
                0x00000000080025a6                _isatty
 .text._lseek   0x00000000080025ba       0x18 Core/Src/syscalls.o
                0x00000000080025ba                _lseek
 *fill*         0x00000000080025d2        0x2 
 .text._sbrk    0x00000000080025d4       0x58 Core/Src/sysmem.o
                0x00000000080025d4                _sbrk
 .text.SystemInit
                0x000000000800262c       0x68 Core/Src/system_stm32l1xx.o
                0x000000000800262c                SystemInit
 .text.MX_TIM6_Init
                0x0000000008002694       0x6c Core/Src/tim.o
                0x0000000008002694                MX_TIM6_Init
 .text.HAL_TIM_Base_MspInit
                0x0000000008002700       0x4c Core/Src/tim.o
                0x0000000008002700                HAL_TIM_Base_MspInit
 .text.MX_USART1_UART_Init
                0x000000000800274c       0x54 Core/Src/usart.o
                0x000000000800274c                MX_USART1_UART_Init
 .text.MX_USART2_UART_Init
                0x00000000080027a0       0x54 Core/Src/usart.o
                0x00000000080027a0                MX_USART2_UART_Init
 .text.HAL_UART_MspInit
                0x00000000080027f4      0x1f8 Core/Src/usart.o
                0x00000000080027f4                HAL_UART_MspInit
 .text.Reset_Handler
                0x00000000080029ec       0x48 Core/Startup/startup_stm32l151cbux.o
                0x00000000080029ec                Reset_Handler
 .text.Default_Handler
                0x0000000008002a34        0x2 Core/Startup/startup_stm32l151cbux.o
                0x0000000008002a34                RTC_Alarm_IRQHandler
                0x0000000008002a34                EXTI2_IRQHandler
                0x0000000008002a34                TIM10_IRQHandler
                0x0000000008002a34                USB_HP_IRQHandler
                0x0000000008002a34                PVD_IRQHandler
                0x0000000008002a34                EXTI3_IRQHandler
                0x0000000008002a34                EXTI0_IRQHandler
                0x0000000008002a34                I2C2_EV_IRQHandler
                0x0000000008002a34                SPI1_IRQHandler
                0x0000000008002a34                USB_FS_WKUP_IRQHandler
                0x0000000008002a34                ADC1_IRQHandler
                0x0000000008002a34                USART3_IRQHandler
                0x0000000008002a34                TIM4_IRQHandler
                0x0000000008002a34                I2C1_EV_IRQHandler
                0x0000000008002a34                TIM3_IRQHandler
                0x0000000008002a34                RCC_IRQHandler
                0x0000000008002a34                DMA1_Channel1_IRQHandler
                0x0000000008002a34                Default_Handler
                0x0000000008002a34                EXTI15_10_IRQHandler
                0x0000000008002a34                TIM7_IRQHandler
                0x0000000008002a34                EXTI9_5_IRQHandler
                0x0000000008002a34                TIM9_IRQHandler
                0x0000000008002a34                TAMPER_STAMP_IRQHandler
                0x0000000008002a34                RTC_WKUP_IRQHandler
                0x0000000008002a34                SPI2_IRQHandler
                0x0000000008002a34                DMA1_Channel5_IRQHandler
                0x0000000008002a34                USB_LP_IRQHandler
                0x0000000008002a34                EXTI4_IRQHandler
                0x0000000008002a34                COMP_IRQHandler
                0x0000000008002a34                WWDG_IRQHandler
                0x0000000008002a34                TIM2_IRQHandler
                0x0000000008002a34                DAC_IRQHandler
                0x0000000008002a34                EXTI1_IRQHandler
                0x0000000008002a34                TIM11_IRQHandler
                0x0000000008002a34                I2C2_ER_IRQHandler
                0x0000000008002a34                FLASH_IRQHandler
                0x0000000008002a34                USART1_IRQHandler
                0x0000000008002a34                I2C1_ER_IRQHandler
 .text.HAL_Init
                0x0000000008002a36       0x30 Drivers/STM32L1xx_HAL_Driver/Src/stm32l1xx_hal.o
                0x0000000008002a36                HAL_Init
 *fill*         0x0000000008002a66        0x2 
 .text.HAL_InitTick
                0x0000000008002a68       0x74 Drivers/STM32L1xx_HAL_Driver/Src/stm32l1xx_hal.o
                0x0000000008002a68                HAL_InitTick
 .text.HAL_IncTick
                0x0000000008002adc       0x24 Drivers/STM32L1xx_HAL_Driver/Src/stm32l1xx_hal.o
                0x0000000008002adc                HAL_IncTick
 .text.HAL_GetTick
                0x0000000008002b00       0x14 Drivers/STM32L1xx_HAL_Driver/Src/stm32l1xx_hal.o
                0x0000000008002b00                HAL_GetTick
 .text.HAL_Delay
                0x0000000008002b14       0x44 Drivers/STM32L1xx_HAL_Driver/Src/stm32l1xx_hal.o
                0x0000000008002b14                HAL_Delay
 .text.__NVIC_SetPriorityGrouping
                0x0000000008002b58       0x48 Drivers/STM32L1xx_HAL_Driver/Src/stm32l1xx_hal_cortex.o
 .text.__NVIC_GetPriorityGrouping
                0x0000000008002ba0       0x1c Drivers/STM32L1xx_HAL_Driver/Src/stm32l1xx_hal_cortex.o
 .text.__NVIC_EnableIRQ
                0x0000000008002bbc       0x38 Drivers/STM32L1xx_HAL_Driver/Src/stm32l1xx_hal_cortex.o
 .text.__NVIC_SetPriority
                0x0000000008002bf4       0x54 Drivers/STM32L1xx_HAL_Driver/Src/stm32l1xx_hal_cortex.o
 .text.NVIC_EncodePriority
                0x0000000008002c48       0x64 Drivers/STM32L1xx_HAL_Driver/Src/stm32l1xx_hal_cortex.o
 .text.SysTick_Config
                0x0000000008002cac       0x44 Drivers/STM32L1xx_HAL_Driver/Src/stm32l1xx_hal_cortex.o
 .text.HAL_NVIC_SetPriorityGrouping
                0x0000000008002cf0       0x16 Drivers/STM32L1xx_HAL_Driver/Src/stm32l1xx_hal_cortex.o
                0x0000000008002cf0                HAL_NVIC_SetPriorityGrouping
 .text.HAL_NVIC_SetPriority
                0x0000000008002d06       0x38 Drivers/STM32L1xx_HAL_Driver/Src/stm32l1xx_hal_cortex.o
                0x0000000008002d06                HAL_NVIC_SetPriority
 .text.HAL_NVIC_EnableIRQ
                0x0000000008002d3e       0x1c Drivers/STM32L1xx_HAL_Driver/Src/stm32l1xx_hal_cortex.o
                0x0000000008002d3e                HAL_NVIC_EnableIRQ
 .text.HAL_SYSTICK_Config
                0x0000000008002d5a       0x18 Drivers/STM32L1xx_HAL_Driver/Src/stm32l1xx_hal_cortex.o
                0x0000000008002d5a                HAL_SYSTICK_Config
 *fill*         0x0000000008002d72        0x2 
 .text.HAL_DMA_Init
                0x0000000008002d74       0xb0 Drivers/STM32L1xx_HAL_Driver/Src/stm32l1xx_hal_dma.o
                0x0000000008002d74                HAL_DMA_Init
 .text.HAL_DMA_Start_IT
                0x0000000008002e24       0xc0 Drivers/STM32L1xx_HAL_Driver/Src/stm32l1xx_hal_dma.o
                0x0000000008002e24                HAL_DMA_Start_IT
 .text.HAL_DMA_Abort_IT
                0x0000000008002ee4       0x82 Drivers/STM32L1xx_HAL_Driver/Src/stm32l1xx_hal_dma.o
                0x0000000008002ee4                HAL_DMA_Abort_IT
 .text.HAL_DMA_IRQHandler
                0x0000000008002f66      0x15e Drivers/STM32L1xx_HAL_Driver/Src/stm32l1xx_hal_dma.o
                0x0000000008002f66                HAL_DMA_IRQHandler
 .text.DMA_SetConfig
                0x00000000080030c4       0x5e Drivers/STM32L1xx_HAL_Driver/Src/stm32l1xx_hal_dma.o
 *fill*         0x0000000008003122        0x2 
 .text.HAL_GPIO_Init
                0x0000000008003124      0x2fc Drivers/STM32L1xx_HAL_Driver/Src/stm32l1xx_hal_gpio.o
                0x0000000008003124                HAL_GPIO_Init
 .text.HAL_GPIO_ReadPin
                0x0000000008003420       0x2e Drivers/STM32L1xx_HAL_Driver/Src/stm32l1xx_hal_gpio.o
                0x0000000008003420                HAL_GPIO_ReadPin
 .text.HAL_GPIO_WritePin
                0x000000000800344e       0x30 Drivers/STM32L1xx_HAL_Driver/Src/stm32l1xx_hal_gpio.o
                0x000000000800344e                HAL_GPIO_WritePin
 .text.HAL_IWDG_Init
                0x000000000800347e       0x72 Drivers/STM32L1xx_HAL_Driver/Src/stm32l1xx_hal_iwdg.o
                0x000000000800347e                HAL_IWDG_Init
 .text.HAL_IWDG_Refresh
                0x00000000080034f0       0x1e Drivers/STM32L1xx_HAL_Driver/Src/stm32l1xx_hal_iwdg.o
                0x00000000080034f0                HAL_IWDG_Refresh
 *fill*         0x000000000800350e        0x2 
 .text.HAL_RCC_OscConfig
                0x0000000008003510      0x660 Drivers/STM32L1xx_HAL_Driver/Src/stm32l1xx_hal_rcc.o
                0x0000000008003510                HAL_RCC_OscConfig
 .text.HAL_RCC_ClockConfig
                0x0000000008003b70      0x268 Drivers/STM32L1xx_HAL_Driver/Src/stm32l1xx_hal_rcc.o
                0x0000000008003b70                HAL_RCC_ClockConfig
 .text.HAL_RCC_GetSysClockFreq
                0x0000000008003dd8       0xb0 Drivers/STM32L1xx_HAL_Driver/Src/stm32l1xx_hal_rcc.o
                0x0000000008003dd8                HAL_RCC_GetSysClockFreq
 .text.HAL_RCC_GetHCLKFreq
                0x0000000008003e88       0x14 Drivers/STM32L1xx_HAL_Driver/Src/stm32l1xx_hal_rcc.o
                0x0000000008003e88                HAL_RCC_GetHCLKFreq
 .text.HAL_RCC_GetPCLK1Freq
                0x0000000008003e9c       0x28 Drivers/STM32L1xx_HAL_Driver/Src/stm32l1xx_hal_rcc.o
                0x0000000008003e9c                HAL_RCC_GetPCLK1Freq
 .text.HAL_RCC_GetPCLK2Freq
                0x0000000008003ec4       0x28 Drivers/STM32L1xx_HAL_Driver/Src/stm32l1xx_hal_rcc.o
                0x0000000008003ec4                HAL_RCC_GetPCLK2Freq
 .text.RCC_SetFlashLatencyFromMSIRange
                0x0000000008003eec       0xc0 Drivers/STM32L1xx_HAL_Driver/Src/stm32l1xx_hal_rcc.o
 .text.HAL_SPI_Init
                0x0000000008003fac       0xb2 Drivers/STM32L1xx_HAL_Driver/Src/stm32l1xx_hal_spi.o
                0x0000000008003fac                HAL_SPI_Init
 *fill*         0x000000000800405e        0x2 
 .text.HAL_SPI_Transmit_DMA
                0x0000000008004060      0x15c Drivers/STM32L1xx_HAL_Driver/Src/stm32l1xx_hal_spi.o
                0x0000000008004060                HAL_SPI_Transmit_DMA
 .text.HAL_SPI_TransmitReceive_DMA
                0x00000000080041bc      0x204 Drivers/STM32L1xx_HAL_Driver/Src/stm32l1xx_hal_spi.o
                0x00000000080041bc                HAL_SPI_TransmitReceive_DMA
 .text.HAL_SPI_TxCpltCallback
                0x00000000080043c0       0x12 Drivers/STM32L1xx_HAL_Driver/Src/stm32l1xx_hal_spi.o
                0x00000000080043c0                HAL_SPI_TxCpltCallback
 .text.HAL_SPI_RxCpltCallback
                0x00000000080043d2       0x12 Drivers/STM32L1xx_HAL_Driver/Src/stm32l1xx_hal_spi.o
                0x00000000080043d2                HAL_SPI_RxCpltCallback
 .text.HAL_SPI_TxRxCpltCallback
                0x00000000080043e4       0x12 Drivers/STM32L1xx_HAL_Driver/Src/stm32l1xx_hal_spi.o
                0x00000000080043e4                HAL_SPI_TxRxCpltCallback
 .text.HAL_SPI_TxHalfCpltCallback
                0x00000000080043f6       0x12 Drivers/STM32L1xx_HAL_Driver/Src/stm32l1xx_hal_spi.o
                0x00000000080043f6                HAL_SPI_TxHalfCpltCallback
 .text.HAL_SPI_RxHalfCpltCallback
                0x0000000008004408       0x12 Drivers/STM32L1xx_HAL_Driver/Src/stm32l1xx_hal_spi.o
                0x0000000008004408                HAL_SPI_RxHalfCpltCallback
 .text.HAL_SPI_TxRxHalfCpltCallback
                0x000000000800441a       0x12 Drivers/STM32L1xx_HAL_Driver/Src/stm32l1xx_hal_spi.o
                0x000000000800441a                HAL_SPI_TxRxHalfCpltCallback
 .text.HAL_SPI_ErrorCallback
                0x000000000800442c       0x12 Drivers/STM32L1xx_HAL_Driver/Src/stm32l1xx_hal_spi.o
                0x000000000800442c                HAL_SPI_ErrorCallback
 .text.SPI_DMATransmitCplt
                0x000000000800443e       0xa6 Drivers/STM32L1xx_HAL_Driver/Src/stm32l1xx_hal_spi.o
 .text.SPI_DMAReceiveCplt
                0x00000000080044e4       0x82 Drivers/STM32L1xx_HAL_Driver/Src/stm32l1xx_hal_spi.o
 .text.SPI_DMATransmitReceiveCplt
                0x0000000008004566       0x8e Drivers/STM32L1xx_HAL_Driver/Src/stm32l1xx_hal_spi.o
 .text.SPI_DMAHalfTransmitCplt
                0x00000000080045f4       0x1c Drivers/STM32L1xx_HAL_Driver/Src/stm32l1xx_hal_spi.o
 .text.SPI_DMAHalfReceiveCplt
                0x0000000008004610       0x1c Drivers/STM32L1xx_HAL_Driver/Src/stm32l1xx_hal_spi.o
 .text.SPI_DMAHalfTransmitReceiveCplt
                0x000000000800462c       0x1c Drivers/STM32L1xx_HAL_Driver/Src/stm32l1xx_hal_spi.o
 .text.SPI_DMAError
                0x0000000008004648       0x40 Drivers/STM32L1xx_HAL_Driver/Src/stm32l1xx_hal_spi.o
 .text.SPI_WaitFlagStateUntilTimeout
                0x0000000008004688       0xd4 Drivers/STM32L1xx_HAL_Driver/Src/stm32l1xx_hal_spi.o
 .text.SPI_EndRxTransaction
                0x000000000800475c       0xca Drivers/STM32L1xx_HAL_Driver/Src/stm32l1xx_hal_spi.o
 .text.SPI_EndRxTxTransaction
                0x0000000008004826       0x78 Drivers/STM32L1xx_HAL_Driver/Src/stm32l1xx_hal_spi.o
 .text.HAL_TIM_Base_Init
                0x000000000800489e       0x56 Drivers/STM32L1xx_HAL_Driver/Src/stm32l1xx_hal_tim.o
                0x000000000800489e                HAL_TIM_Base_Init
 .text.HAL_TIM_Base_Start_IT
                0x00000000080048f4       0x46 Drivers/STM32L1xx_HAL_Driver/Src/stm32l1xx_hal_tim.o
                0x00000000080048f4                HAL_TIM_Base_Start_IT
 .text.HAL_TIM_IRQHandler
                0x000000000800493a      0x1b8 Drivers/STM32L1xx_HAL_Driver/Src/stm32l1xx_hal_tim.o
                0x000000000800493a                HAL_TIM_IRQHandler
 .text.HAL_TIM_PeriodElapsedCallback
                0x0000000008004af2       0x12 Drivers/STM32L1xx_HAL_Driver/Src/stm32l1xx_hal_tim.o
                0x0000000008004af2                HAL_TIM_PeriodElapsedCallback
 .text.HAL_TIM_OC_DelayElapsedCallback
                0x0000000008004b04       0x12 Drivers/STM32L1xx_HAL_Driver/Src/stm32l1xx_hal_tim.o
                0x0000000008004b04                HAL_TIM_OC_DelayElapsedCallback
 .text.HAL_TIM_IC_CaptureCallback
                0x0000000008004b16       0x12 Drivers/STM32L1xx_HAL_Driver/Src/stm32l1xx_hal_tim.o
                0x0000000008004b16                HAL_TIM_IC_CaptureCallback
 .text.HAL_TIM_PWM_PulseFinishedCallback
                0x0000000008004b28       0x12 Drivers/STM32L1xx_HAL_Driver/Src/stm32l1xx_hal_tim.o
                0x0000000008004b28                HAL_TIM_PWM_PulseFinishedCallback
 .text.HAL_TIM_TriggerCallback
                0x0000000008004b3a       0x12 Drivers/STM32L1xx_HAL_Driver/Src/stm32l1xx_hal_tim.o
                0x0000000008004b3a                HAL_TIM_TriggerCallback
 .text.TIM_Base_SetConfig
                0x0000000008004b4c       0xc4 Drivers/STM32L1xx_HAL_Driver/Src/stm32l1xx_hal_tim.o
 .text.HAL_TIMEx_MasterConfigSynchronization
                0x0000000008004c10       0x88 Drivers/STM32L1xx_HAL_Driver/Src/stm32l1xx_hal_tim_ex.o
                0x0000000008004c10                HAL_TIMEx_MasterConfigSynchronization
 .text.HAL_UART_Init
                0x0000000008004c98       0x9a Drivers/STM32L1xx_HAL_Driver/Src/stm32l1xx_hal_uart.o
                0x0000000008004c98                HAL_UART_Init
 .text.HAL_UART_Transmit
                0x0000000008004d32      0x132 Drivers/STM32L1xx_HAL_Driver/Src/stm32l1xx_hal_uart.o
                0x0000000008004d32                HAL_UART_Transmit
 .text.HAL_UART_Receive_DMA
                0x0000000008004e64      0x100 Drivers/STM32L1xx_HAL_Driver/Src/stm32l1xx_hal_uart.o
                0x0000000008004e64                HAL_UART_Receive_DMA
 .text.HAL_UART_IRQHandler
                0x0000000008004f64      0x1f8 Drivers/STM32L1xx_HAL_Driver/Src/stm32l1xx_hal_uart.o
                0x0000000008004f64                HAL_UART_IRQHandler
 .text.HAL_UART_TxCpltCallback
                0x000000000800515c       0x12 Drivers/STM32L1xx_HAL_Driver/Src/stm32l1xx_hal_uart.o
                0x000000000800515c                HAL_UART_TxCpltCallback
 .text.HAL_UART_RxCpltCallback
                0x000000000800516e       0x12 Drivers/STM32L1xx_HAL_Driver/Src/stm32l1xx_hal_uart.o
                0x000000000800516e                HAL_UART_RxCpltCallback
 .text.HAL_UART_RxHalfCpltCallback
                0x0000000008005180       0x12 Drivers/STM32L1xx_HAL_Driver/Src/stm32l1xx_hal_uart.o
                0x0000000008005180                HAL_UART_RxHalfCpltCallback
 .text.HAL_UART_ErrorCallback
                0x0000000008005192       0x12 Drivers/STM32L1xx_HAL_Driver/Src/stm32l1xx_hal_uart.o
                0x0000000008005192                HAL_UART_ErrorCallback
 .text.UART_DMAReceiveCplt
                0x00000000080051a4       0x68 Drivers/STM32L1xx_HAL_Driver/Src/stm32l1xx_hal_uart.o
 .text.UART_DMARxHalfCplt
                0x000000000800520c       0x1c Drivers/STM32L1xx_HAL_Driver/Src/stm32l1xx_hal_uart.o
 .text.UART_DMAError
                0x0000000008005228       0x94 Drivers/STM32L1xx_HAL_Driver/Src/stm32l1xx_hal_uart.o
 .text.UART_WaitOnFlagUntilTimeout
                0x00000000080052bc       0x94 Drivers/STM32L1xx_HAL_Driver/Src/stm32l1xx_hal_uart.o
 .text.UART_EndTxTransfer
                0x0000000008005350       0x2a Drivers/STM32L1xx_HAL_Driver/Src/stm32l1xx_hal_uart.o
 .text.UART_EndRxTransfer
                0x000000000800537a       0x3a Drivers/STM32L1xx_HAL_Driver/Src/stm32l1xx_hal_uart.o
 .text.UART_DMAAbortOnError
                0x00000000080053b4       0x28 Drivers/STM32L1xx_HAL_Driver/Src/stm32l1xx_hal_uart.o
 .text.UART_Transmit_IT
                0x00000000080053dc       0xaa Drivers/STM32L1xx_HAL_Driver/Src/stm32l1xx_hal_uart.o
 .text.UART_EndTransmit_IT
                0x0000000008005486       0x30 Drivers/STM32L1xx_HAL_Driver/Src/stm32l1xx_hal_uart.o
 .text.UART_Receive_IT
                0x00000000080054b6      0x102 Drivers/STM32L1xx_HAL_Driver/Src/stm32l1xx_hal_uart.o
 .text.UART_SetConfig
                0x00000000080055b8      0x310 Drivers/STM32L1xx_HAL_Driver/Src/stm32l1xx_hal_uart.o
 .text.__errno  0x00000000080058c8        0xc c:/program files (x86)/stmicroelectronics/stm32cubeide_1.1.0/stm32cubeide/plugins/com.st.stm32cube.ide.mcu.externaltools.gnu-tools-for-stm32.7-2018-q2-update.win32_1.0.0.201904181610/tools/bin/../lib/gcc/arm-none-eabi/7.3.1/../../../../arm-none-eabi/lib/thumb/v7-m\libc.a(lib_a-errno.o)
                0x00000000080058c8                __errno
 .text.__libc_init_array
                0x00000000080058d4       0x48 c:/program files (x86)/stmicroelectronics/stm32cubeide_1.1.0/stm32cubeide/plugins/com.st.stm32cube.ide.mcu.externaltools.gnu-tools-for-stm32.7-2018-q2-update.win32_1.0.0.201904181610/tools/bin/../lib/gcc/arm-none-eabi/7.3.1/../../../../arm-none-eabi/lib/thumb/v7-m\libc.a(lib_a-init.o)
                0x00000000080058d4                __libc_init_array
 .text.memcpy   0x000000000800591c       0x16 c:/program files (x86)/stmicroelectronics/stm32cubeide_1.1.0/stm32cubeide/plugins/com.st.stm32cube.ide.mcu.externaltools.gnu-tools-for-stm32.7-2018-q2-update.win32_1.0.0.201904181610/tools/bin/../lib/gcc/arm-none-eabi/7.3.1/../../../../arm-none-eabi/lib/thumb/v7-m\libc.a(lib_a-memcpy-stub.o)
                0x000000000800591c                memcpy
 .text.memset   0x0000000008005932       0x10 c:/program files (x86)/stmicroelectronics/stm32cubeide_1.1.0/stm32cubeide/plugins/com.st.stm32cube.ide.mcu.externaltools.gnu-tools-for-stm32.7-2018-q2-update.win32_1.0.0.201904181610/tools/bin/../lib/gcc/arm-none-eabi/7.3.1/../../../../arm-none-eabi/lib/thumb/v7-m\libc.a(lib_a-memset.o)
                0x0000000008005932                memset
 *fill*         0x0000000008005942        0x2 
 .text.printf   0x0000000008005944       0x24 c:/program files (x86)/stmicroelectronics/stm32cubeide_1.1.0/stm32cubeide/plugins/com.st.stm32cube.ide.mcu.externaltools.gnu-tools-for-stm32.7-2018-q2-update.win32_1.0.0.201904181610/tools/bin/../lib/gcc/arm-none-eabi/7.3.1/../../../../arm-none-eabi/lib/thumb/v7-m\libc.a(lib_a-printf.o)
                0x0000000008005944                printf
 .text._puts_r  0x0000000008005968       0x8c c:/program files (x86)/stmicroelectronics/stm32cubeide_1.1.0/stm32cubeide/plugins/com.st.stm32cube.ide.mcu.externaltools.gnu-tools-for-stm32.7-2018-q2-update.win32_1.0.0.201904181610/tools/bin/../lib/gcc/arm-none-eabi/7.3.1/../../../../arm-none-eabi/lib/thumb/v7-m\libc.a(lib_a-puts.o)
                0x0000000008005968                _puts_r
 .text.puts     0x00000000080059f4       0x10 c:/program files (x86)/stmicroelectronics/stm32cubeide_1.1.0/stm32cubeide/plugins/com.st.stm32cube.ide.mcu.externaltools.gnu-tools-for-stm32.7-2018-q2-update.win32_1.0.0.201904181610/tools/bin/../lib/gcc/arm-none-eabi/7.3.1/../../../../arm-none-eabi/lib/thumb/v7-m\libc.a(lib_a-puts.o)
                0x00000000080059f4                puts
 .text.snprintf
                0x0000000008005a04       0x68 c:/program files (x86)/stmicroelectronics/stm32cubeide_1.1.0/stm32cubeide/plugins/com.st.stm32cube.ide.mcu.externaltools.gnu-tools-for-stm32.7-2018-q2-update.win32_1.0.0.201904181610/tools/bin/../lib/gcc/arm-none-eabi/7.3.1/../../../../arm-none-eabi/lib/thumb/v7-m\libc.a(lib_a-snprintf.o)
                0x0000000008005a04                snprintf
 .text.sprintf  0x0000000008005a6c       0x40 c:/program files (x86)/stmicroelectronics/stm32cubeide_1.1.0/stm32cubeide/plugins/com.st.stm32cube.ide.mcu.externaltools.gnu-tools-for-stm32.7-2018-q2-update.win32_1.0.0.201904181610/tools/bin/../lib/gcc/arm-none-eabi/7.3.1/../../../../arm-none-eabi/lib/thumb/v7-m\libc.a(lib_a-sprintf.o)
                0x0000000008005a6c                sprintf
 .text.sscanf   0x0000000008005aac       0x54 c:/program files (x86)/stmicroelectronics/stm32cubeide_1.1.0/stm32cubeide/plugins/com.st.stm32cube.ide.mcu.externaltools.gnu-tools-for-stm32.7-2018-q2-update.win32_1.0.0.201904181610/tools/bin/../lib/gcc/arm-none-eabi/7.3.1/../../../../arm-none-eabi/lib/thumb/v7-m\libc.a(lib_a-sscanf.o)
                0x0000000008005aac                sscanf
 .text.__sread  0x0000000008005b00       0x22 c:/program files (x86)/stmicroelectronics/stm32cubeide_1.1.0/stm32cubeide/plugins/com.st.stm32cube.ide.mcu.externaltools.gnu-tools-for-stm32.7-2018-q2-update.win32_1.0.0.201904181610/tools/bin/../lib/gcc/arm-none-eabi/7.3.1/../../../../arm-none-eabi/lib/thumb/v7-m\libc.a(lib_a-stdio.o)
                0x0000000008005b00                __sread
 .text.__seofread
                0x0000000008005b22        0x4 c:/program files (x86)/stmicroelectronics/stm32cubeide_1.1.0/stm32cubeide/plugins/com.st.stm32cube.ide.mcu.externaltools.gnu-tools-for-stm32.7-2018-q2-update.win32_1.0.0.201904181610/tools/bin/../lib/gcc/arm-none-eabi/7.3.1/../../../../arm-none-eabi/lib/thumb/v7-m\libc.a(lib_a-stdio.o)
                0x0000000008005b22                __seofread
 .text.__swrite
                0x0000000008005b26       0x38 c:/program files (x86)/stmicroelectronics/stm32cubeide_1.1.0/stm32cubeide/plugins/com.st.stm32cube.ide.mcu.externaltools.gnu-tools-for-stm32.7-2018-q2-update.win32_1.0.0.201904181610/tools/bin/../lib/gcc/arm-none-eabi/7.3.1/../../../../arm-none-eabi/lib/thumb/v7-m\libc.a(lib_a-stdio.o)
                0x0000000008005b26                __swrite
 .text.__sseek  0x0000000008005b5e       0x24 c:/program files (x86)/stmicroelectronics/stm32cubeide_1.1.0/stm32cubeide/plugins/com.st.stm32cube.ide.mcu.externaltools.gnu-tools-for-stm32.7-2018-q2-update.win32_1.0.0.201904181610/tools/bin/../lib/gcc/arm-none-eabi/7.3.1/../../../../arm-none-eabi/lib/thumb/v7-m\libc.a(lib_a-stdio.o)
                0x0000000008005b5e                __sseek
 .text.__sclose
                0x0000000008005b82        0x8 c:/program files (x86)/stmicroelectronics/stm32cubeide_1.1.0/stm32cubeide/plugins/com.st.stm32cube.ide.mcu.externaltools.gnu-tools-for-stm32.7-2018-q2-update.win32_1.0.0.201904181610/tools/bin/../lib/gcc/arm-none-eabi/7.3.1/../../../../arm-none-eabi/lib/thumb/v7-m\libc.a(lib_a-stdio.o)
                0x0000000008005b82                __sclose
 .text.strstr   0x0000000008005b8a       0x34 c:/program files (x86)/stmicroelectronics/stm32cubeide_1.1.0/stm32cubeide/plugins/com.st.stm32cube.ide.mcu.externaltools.gnu-tools-for-stm32.7-2018-q2-update.win32_1.0.0.201904181610/tools/bin/../lib/gcc/arm-none-eabi/7.3.1/../../../../arm-none-eabi/lib/thumb/v7-m\libc.a(lib_a-strstr.o)
                0x0000000008005b8a                strstr
 *fill*         0x0000000008005bbe        0x2 
 .text._svfprintf_r
                0x0000000008005bc0     0x141c c:/program files (x86)/stmicroelectronics/stm32cubeide_1.1.0/stm32cubeide/plugins/com.st.stm32cube.ide.mcu.externaltools.gnu-tools-for-stm32.7-2018-q2-update.win32_1.0.0.201904181610/tools/bin/../lib/gcc/arm-none-eabi/7.3.1/../../../../arm-none-eabi/lib/thumb/v7-m\libc.a(lib_a-svfprintf.o)
                0x0000000008005bc0                _svfprintf_r
 .text.__ssvfscanf_r
                0x0000000008006fdc     0x1218 c:/program files (x86)/stmicroelectronics/stm32cubeide_1.1.0/stm32cubeide/plugins/com.st.stm32cube.ide.mcu.externaltools.gnu-tools-for-stm32.7-2018-q2-update.win32_1.0.0.201904181610/tools/bin/../lib/gcc/arm-none-eabi/7.3.1/../../../../arm-none-eabi/lib/thumb/v7-m\libc.a(lib_a-svfscanf.o)
                0x0000000008006fdc                __ssvfscanf_r
 .text._vfprintf_r
                0x00000000080081f4     0x14c8 c:/program files (x86)/stmicroelectronics/stm32cubeide_1.1.0/stm32cubeide/plugins/com.st.stm32cube.ide.mcu.externaltools.gnu-tools-for-stm32.7-2018-q2-update.win32_1.0.0.201904181610/tools/bin/../lib/gcc/arm-none-eabi/7.3.1/../../../../arm-none-eabi/lib/thumb/v7-m\libc.a(lib_a-vfprintf.o)
                0x00000000080081f4                _vfprintf_r
 .text.__sbprintf
                0x00000000080096bc       0x80 c:/program files (x86)/stmicroelectronics/stm32cubeide_1.1.0/stm32cubeide/plugins/com.st.stm32cube.ide.mcu.externaltools.gnu-tools-for-stm32.7-2018-q2-update.win32_1.0.0.201904181610/tools/bin/../lib/gcc/arm-none-eabi/7.3.1/../../../../arm-none-eabi/lib/thumb/v7-m\libc.a(lib_a-vfprintf.o)
 .text._write_r
                0x000000000800973c       0x24 c:/program files (x86)/stmicroelectronics/stm32cubeide_1.1.0/stm32cubeide/plugins/com.st.stm32cube.ide.mcu.externaltools.gnu-tools-for-stm32.7-2018-q2-update.win32_1.0.0.201904181610/tools/bin/../lib/gcc/arm-none-eabi/7.3.1/../../../../arm-none-eabi/lib/thumb/v7-m\libc.a(lib_a-writer.o)
                0x000000000800973c                _write_r
 .text.__swsetup_r
                0x0000000008009760       0xb0 c:/program files (x86)/stmicroelectronics/stm32cubeide_1.1.0/stm32cubeide/plugins/com.st.stm32cube.ide.mcu.externaltools.gnu-tools-for-stm32.7-2018-q2-update.win32_1.0.0.201904181610/tools/bin/../lib/gcc/arm-none-eabi/7.3.1/../../../../arm-none-eabi/lib/thumb/v7-m\libc.a(lib_a-wsetup.o)
                0x0000000008009760                __swsetup_r
 .text.startup.register_fini
                0x0000000008009810       0x14 c:/program files (x86)/stmicroelectronics/stm32cubeide_1.1.0/stm32cubeide/plugins/com.st.stm32cube.ide.mcu.externaltools.gnu-tools-for-stm32.7-2018-q2-update.win32_1.0.0.201904181610/tools/bin/../lib/gcc/arm-none-eabi/7.3.1/../../../../arm-none-eabi/lib/thumb/v7-m\libc.a(lib_a-__call_atexit.o)
 .text.atexit   0x0000000008009824        0xc c:/program files (x86)/stmicroelectronics/stm32cubeide_1.1.0/stm32cubeide/plugins/com.st.stm32cube.ide.mcu.externaltools.gnu-tools-for-stm32.7-2018-q2-update.win32_1.0.0.201904181610/tools/bin/../lib/gcc/arm-none-eabi/7.3.1/../../../../arm-none-eabi/lib/thumb/v7-m\libc.a(lib_a-atexit.o)
                0x0000000008009824                atexit
 .text._close_r
                0x0000000008009830       0x20 c:/program files (x86)/stmicroelectronics/stm32cubeide_1.1.0/stm32cubeide/plugins/com.st.stm32cube.ide.mcu.externaltools.gnu-tools-for-stm32.7-2018-q2-update.win32_1.0.0.201904181610/tools/bin/../lib/gcc/arm-none-eabi/7.3.1/../../../../arm-none-eabi/lib/thumb/v7-m\libc.a(lib_a-closer.o)
                0x0000000008009830                _close_r
 .text.quorem   0x0000000008009850      0x11c c:/program files (x86)/stmicroelectronics/stm32cubeide_1.1.0/stm32cubeide/plugins/com.st.stm32cube.ide.mcu.externaltools.gnu-tools-for-stm32.7-2018-q2-update.win32_1.0.0.201904181610/tools/bin/../lib/gcc/arm-none-eabi/7.3.1/../../../../arm-none-eabi/lib/thumb/v7-m\libc.a(lib_a-dtoa.o)
 *fill*         0x000000000800996c        0x4 
 .text._dtoa_r  0x0000000008009970      0xb44 c:/program files (x86)/stmicroelectronics/stm32cubeide_1.1.0/stm32cubeide/plugins/com.st.stm32cube.ide.mcu.externaltools.gnu-tools-for-stm32.7-2018-q2-update.win32_1.0.0.201904181610/tools/bin/../lib/gcc/arm-none-eabi/7.3.1/../../../../arm-none-eabi/lib/thumb/v7-m\libc.a(lib_a-dtoa.o)
                0x0000000008009970                _dtoa_r
 .text.__sflush_r
                0x000000000800a4b4      0x11c c:/program files (x86)/stmicroelectronics/stm32cubeide_1.1.0/stm32cubeide/plugins/com.st.stm32cube.ide.mcu.externaltools.gnu-tools-for-stm32.7-2018-q2-update.win32_1.0.0.201904181610/tools/bin/../lib/gcc/arm-none-eabi/7.3.1/../../../../arm-none-eabi/lib/thumb/v7-m\libc.a(lib_a-fflush.o)
                0x000000000800a4b4                __sflush_r
 .text._fflush_r
                0x000000000800a5d0       0x4a c:/program files (x86)/stmicroelectronics/stm32cubeide_1.1.0/stm32cubeide/plugins/com.st.stm32cube.ide.mcu.externaltools.gnu-tools-for-stm32.7-2018-q2-update.win32_1.0.0.201904181610/tools/bin/../lib/gcc/arm-none-eabi/7.3.1/../../../../arm-none-eabi/lib/thumb/v7-m\libc.a(lib_a-fflush.o)
                0x000000000800a5d0                _fflush_r
 *fill*         0x000000000800a61a        0x2 
 .text.std      0x000000000800a61c       0x50 c:/program files (x86)/stmicroelectronics/stm32cubeide_1.1.0/stm32cubeide/plugins/com.st.stm32cube.ide.mcu.externaltools.gnu-tools-for-stm32.7-2018-q2-update.win32_1.0.0.201904181610/tools/bin/../lib/gcc/arm-none-eabi/7.3.1/../../../../arm-none-eabi/lib/thumb/v7-m\libc.a(lib_a-findfp.o)
 .text._cleanup_r
                0x000000000800a66c        0xc c:/program files (x86)/stmicroelectronics/stm32cubeide_1.1.0/stm32cubeide/plugins/com.st.stm32cube.ide.mcu.externaltools.gnu-tools-for-stm32.7-2018-q2-update.win32_1.0.0.201904181610/tools/bin/../lib/gcc/arm-none-eabi/7.3.1/../../../../arm-none-eabi/lib/thumb/v7-m\libc.a(lib_a-findfp.o)
                0x000000000800a66c                _cleanup_r
 .text.__sfp_lock_acquire
                0x000000000800a678        0xc c:/program files (x86)/stmicroelectronics/stm32cubeide_1.1.0/stm32cubeide/plugins/com.st.stm32cube.ide.mcu.externaltools.gnu-tools-for-stm32.7-2018-q2-update.win32_1.0.0.201904181610/tools/bin/../lib/gcc/arm-none-eabi/7.3.1/../../../../arm-none-eabi/lib/thumb/v7-m\libc.a(lib_a-findfp.o)
                0x000000000800a678                __sfp_lock_acquire
 .text.__sfp_lock_release
                0x000000000800a684        0xc c:/program files (x86)/stmicroelectronics/stm32cubeide_1.1.0/stm32cubeide/plugins/com.st.stm32cube.ide.mcu.externaltools.gnu-tools-for-stm32.7-2018-q2-update.win32_1.0.0.201904181610/tools/bin/../lib/gcc/arm-none-eabi/7.3.1/../../../../arm-none-eabi/lib/thumb/v7-m\libc.a(lib_a-findfp.o)
                0x000000000800a684                __sfp_lock_release
 .text.__sinit_lock_acquire
                0x000000000800a690        0xc c:/program files (x86)/stmicroelectronics/stm32cubeide_1.1.0/stm32cubeide/plugins/com.st.stm32cube.ide.mcu.externaltools.gnu-tools-for-stm32.7-2018-q2-update.win32_1.0.0.201904181610/tools/bin/../lib/gcc/arm-none-eabi/7.3.1/../../../../arm-none-eabi/lib/thumb/v7-m\libc.a(lib_a-findfp.o)
                0x000000000800a690                __sinit_lock_acquire
 .text.__sinit_lock_release
                0x000000000800a69c        0xc c:/program files (x86)/stmicroelectronics/stm32cubeide_1.1.0/stm32cubeide/plugins/com.st.stm32cube.ide.mcu.externaltools.gnu-tools-for-stm32.7-2018-q2-update.win32_1.0.0.201904181610/tools/bin/../lib/gcc/arm-none-eabi/7.3.1/../../../../arm-none-eabi/lib/thumb/v7-m\libc.a(lib_a-findfp.o)
                0x000000000800a69c                __sinit_lock_release
 .text.__sinit  0x000000000800a6a8       0x50 c:/program files (x86)/stmicroelectronics/stm32cubeide_1.1.0/stm32cubeide/plugins/com.st.stm32cube.ide.mcu.externaltools.gnu-tools-for-stm32.7-2018-q2-update.win32_1.0.0.201904181610/tools/bin/../lib/gcc/arm-none-eabi/7.3.1/../../../../arm-none-eabi/lib/thumb/v7-m\libc.a(lib_a-findfp.o)
                0x000000000800a6a8                __sinit
 .text.__libc_fini_array
                0x000000000800a6f8       0x28 c:/program files (x86)/stmicroelectronics/stm32cubeide_1.1.0/stm32cubeide/plugins/com.st.stm32cube.ide.mcu.externaltools.gnu-tools-for-stm32.7-2018-q2-update.win32_1.0.0.201904181610/tools/bin/../lib/gcc/arm-none-eabi/7.3.1/../../../../arm-none-eabi/lib/thumb/v7-m\libc.a(lib_a-fini.o)
                0x000000000800a6f8                __libc_fini_array
 .text._malloc_trim_r
                0x000000000800a720       0xa8 c:/program files (x86)/stmicroelectronics/stm32cubeide_1.1.0/stm32cubeide/plugins/com.st.stm32cube.ide.mcu.externaltools.gnu-tools-for-stm32.7-2018-q2-update.win32_1.0.0.201904181610/tools/bin/../lib/gcc/arm-none-eabi/7.3.1/../../../../arm-none-eabi/lib/thumb/v7-m\libc.a(lib_a-freer.o)
                0x000000000800a720                _malloc_trim_r
 .text._free_r  0x000000000800a7c8      0x178 c:/program files (x86)/stmicroelectronics/stm32cubeide_1.1.0/stm32cubeide/plugins/com.st.stm32cube.ide.mcu.externaltools.gnu-tools-for-stm32.7-2018-q2-update.win32_1.0.0.201904181610/tools/bin/../lib/gcc/arm-none-eabi/7.3.1/../../../../arm-none-eabi/lib/thumb/v7-m\libc.a(lib_a-freer.o)
                0x000000000800a7c8                _free_r
 .text.__sfvwrite_r
                0x000000000800a940      0x29c c:/program files (x86)/stmicroelectronics/stm32cubeide_1.1.0/stm32cubeide/plugins/com.st.stm32cube.ide.mcu.externaltools.gnu-tools-for-stm32.7-2018-q2-update.win32_1.0.0.201904181610/tools/bin/../lib/gcc/arm-none-eabi/7.3.1/../../../../arm-none-eabi/lib/thumb/v7-m\libc.a(lib_a-fvwrite.o)
                0x000000000800a940                __sfvwrite_r
 .text._fwalk_reent
                0x000000000800abdc       0x3c c:/program files (x86)/stmicroelectronics/stm32cubeide_1.1.0/stm32cubeide/plugins/com.st.stm32cube.ide.mcu.externaltools.gnu-tools-for-stm32.7-2018-q2-update.win32_1.0.0.201904181610/tools/bin/../lib/gcc/arm-none-eabi/7.3.1/../../../../arm-none-eabi/lib/thumb/v7-m\libc.a(lib_a-fwalk.o)
                0x000000000800abdc                _fwalk_reent
 .text.iswspace
                0x000000000800ac18       0x1a c:/program files (x86)/stmicroelectronics/stm32cubeide_1.1.0/stm32cubeide/plugins/com.st.stm32cube.ide.mcu.externaltools.gnu-tools-for-stm32.7-2018-q2-update.win32_1.0.0.201904181610/tools/bin/../lib/gcc/arm-none-eabi/7.3.1/../../../../arm-none-eabi/lib/thumb/v7-m\libc.a(lib_a-iswspace.o)
                0x000000000800ac18                iswspace
 *fill*         0x000000000800ac32        0x2 
 .text.__locale_mb_cur_max
                0x000000000800ac34       0x1c c:/program files (x86)/stmicroelectronics/stm32cubeide_1.1.0/stm32cubeide/plugins/com.st.stm32cube.ide.mcu.externaltools.gnu-tools-for-stm32.7-2018-q2-update.win32_1.0.0.201904181610/tools/bin/../lib/gcc/arm-none-eabi/7.3.1/../../../../arm-none-eabi/lib/thumb/v7-m\libc.a(lib_a-locale.o)
                0x000000000800ac34                __locale_mb_cur_max
 .text.__locale_ctype_ptr_l
                0x000000000800ac50        0x6 c:/program files (x86)/stmicroelectronics/stm32cubeide_1.1.0/stm32cubeide/plugins/com.st.stm32cube.ide.mcu.externaltools.gnu-tools-for-stm32.7-2018-q2-update.win32_1.0.0.201904181610/tools/bin/../lib/gcc/arm-none-eabi/7.3.1/../../../../arm-none-eabi/lib/thumb/v7-m\libc.a(lib_a-locale.o)
                0x000000000800ac50                __locale_ctype_ptr_l
 *fill*         0x000000000800ac56        0x2 
 .text.__locale_ctype_ptr
                0x000000000800ac58       0x1c c:/program files (x86)/stmicroelectronics/stm32cubeide_1.1.0/stm32cubeide/plugins/com.st.stm32cube.ide.mcu.externaltools.gnu-tools-for-stm32.7-2018-q2-update.win32_1.0.0.201904181610/tools/bin/../lib/gcc/arm-none-eabi/7.3.1/../../../../arm-none-eabi/lib/thumb/v7-m\libc.a(lib_a-locale.o)
                0x000000000800ac58                __locale_ctype_ptr
 .text.__localeconv_l
                0x000000000800ac74        0x4 c:/program files (x86)/stmicroelectronics/stm32cubeide_1.1.0/stm32cubeide/plugins/com.st.stm32cube.ide.mcu.externaltools.gnu-tools-for-stm32.7-2018-q2-update.win32_1.0.0.201904181610/tools/bin/../lib/gcc/arm-none-eabi/7.3.1/../../../../arm-none-eabi/lib/thumb/v7-m\libc.a(lib_a-localeconv.o)
                0x000000000800ac74                __localeconv_l
 .text._localeconv_r
                0x000000000800ac78       0x1c c:/program files (x86)/stmicroelectronics/stm32cubeide_1.1.0/stm32cubeide/plugins/com.st.stm32cube.ide.mcu.externaltools.gnu-tools-for-stm32.7-2018-q2-update.win32_1.0.0.201904181610/tools/bin/../lib/gcc/arm-none-eabi/7.3.1/../../../../arm-none-eabi/lib/thumb/v7-m\libc.a(lib_a-localeconv.o)
                0x000000000800ac78                _localeconv_r
 .text.__retarget_lock_init_recursive
                0x000000000800ac94        0x2 c:/program files (x86)/stmicroelectronics/stm32cubeide_1.1.0/stm32cubeide/plugins/com.st.stm32cube.ide.mcu.externaltools.gnu-tools-for-stm32.7-2018-q2-update.win32_1.0.0.201904181610/tools/bin/../lib/gcc/arm-none-eabi/7.3.1/../../../../arm-none-eabi/lib/thumb/v7-m\libc.a(lib_a-lock.o)
                0x000000000800ac94                __retarget_lock_init_recursive
 .text.__retarget_lock_close_recursive
                0x000000000800ac96        0x2 c:/program files (x86)/stmicroelectronics/stm32cubeide_1.1.0/stm32cubeide/plugins/com.st.stm32cube.ide.mcu.externaltools.gnu-tools-for-stm32.7-2018-q2-update.win32_1.0.0.201904181610/tools/bin/../lib/gcc/arm-none-eabi/7.3.1/../../../../arm-none-eabi/lib/thumb/v7-m\libc.a(lib_a-lock.o)
                0x000000000800ac96                __retarget_lock_close_recursive
 .text.__retarget_lock_acquire_recursive
                0x000000000800ac98        0x2 c:/program files (x86)/stmicroelectronics/stm32cubeide_1.1.0/stm32cubeide/plugins/com.st.stm32cube.ide.mcu.externaltools.gnu-tools-for-stm32.7-2018-q2-update.win32_1.0.0.201904181610/tools/bin/../lib/gcc/arm-none-eabi/7.3.1/../../../../arm-none-eabi/lib/thumb/v7-m\libc.a(lib_a-lock.o)
                0x000000000800ac98                __retarget_lock_acquire_recursive
 .text.__retarget_lock_release_recursive
                0x000000000800ac9a        0x2 c:/program files (x86)/stmicroelectronics/stm32cubeide_1.1.0/stm32cubeide/plugins/com.st.stm32cube.ide.mcu.externaltools.gnu-tools-for-stm32.7-2018-q2-update.win32_1.0.0.201904181610/tools/bin/../lib/gcc/arm-none-eabi/7.3.1/../../../../arm-none-eabi/lib/thumb/v7-m\libc.a(lib_a-lock.o)
                0x000000000800ac9a                __retarget_lock_release_recursive
 .text._lseek_r
                0x000000000800ac9c       0x24 c:/program files (x86)/stmicroelectronics/stm32cubeide_1.1.0/stm32cubeide/plugins/com.st.stm32cube.ide.mcu.externaltools.gnu-tools-for-stm32.7-2018-q2-update.win32_1.0.0.201904181610/tools/bin/../lib/gcc/arm-none-eabi/7.3.1/../../../../arm-none-eabi/lib/thumb/v7-m\libc.a(lib_a-lseekr.o)
                0x000000000800ac9c                _lseek_r
 .text.__swhatbuf_r
                0x000000000800acc0       0x56 c:/program files (x86)/stmicroelectronics/stm32cubeide_1.1.0/stm32cubeide/plugins/com.st.stm32cube.ide.mcu.externaltools.gnu-tools-for-stm32.7-2018-q2-update.win32_1.0.0.201904181610/tools/bin/../lib/gcc/arm-none-eabi/7.3.1/../../../../arm-none-eabi/lib/thumb/v7-m\libc.a(lib_a-makebuf.o)
                0x000000000800acc0                __swhatbuf_r
 *fill*         0x000000000800ad16        0x2 
 .text.__smakebuf_r
                0x000000000800ad18       0x80 c:/program files (x86)/stmicroelectronics/stm32cubeide_1.1.0/stm32cubeide/plugins/com.st.stm32cube.ide.mcu.externaltools.gnu-tools-for-stm32.7-2018-q2-update.win32_1.0.0.201904181610/tools/bin/../lib/gcc/arm-none-eabi/7.3.1/../../../../arm-none-eabi/lib/thumb/v7-m\libc.a(lib_a-makebuf.o)
                0x000000000800ad18                __smakebuf_r
 .text.malloc   0x000000000800ad98       0x10 c:/program files (x86)/stmicroelectronics/stm32cubeide_1.1.0/stm32cubeide/plugins/com.st.stm32cube.ide.mcu.externaltools.gnu-tools-for-stm32.7-2018-q2-update.win32_1.0.0.201904181610/tools/bin/../lib/gcc/arm-none-eabi/7.3.1/../../../../arm-none-eabi/lib/thumb/v7-m\libc.a(lib_a-malloc.o)
                0x000000000800ad98                malloc
 .text.free     0x000000000800ada8       0x10 c:/program files (x86)/stmicroelectronics/stm32cubeide_1.1.0/stm32cubeide/plugins/com.st.stm32cube.ide.mcu.externaltools.gnu-tools-for-stm32.7-2018-q2-update.win32_1.0.0.201904181610/tools/bin/../lib/gcc/arm-none-eabi/7.3.1/../../../../arm-none-eabi/lib/thumb/v7-m\libc.a(lib_a-malloc.o)
                0x000000000800ada8                free
 .text._malloc_r
                0x000000000800adb8      0x46c c:/program files (x86)/stmicroelectronics/stm32cubeide_1.1.0/stm32cubeide/plugins/com.st.stm32cube.ide.mcu.externaltools.gnu-tools-for-stm32.7-2018-q2-update.win32_1.0.0.201904181610/tools/bin/../lib/gcc/arm-none-eabi/7.3.1/../../../../arm-none-eabi/lib/thumb/v7-m\libc.a(lib_a-mallocr.o)
                0x000000000800adb8                _malloc_r
 .text._mbrtowc_r
                0x000000000800b224       0x54 c:/program files (x86)/stmicroelectronics/stm32cubeide_1.1.0/stm32cubeide/plugins/com.st.stm32cube.ide.mcu.externaltools.gnu-tools-for-stm32.7-2018-q2-update.win32_1.0.0.201904181610/tools/bin/../lib/gcc/arm-none-eabi/7.3.1/../../../../arm-none-eabi/lib/thumb/v7-m\libc.a(lib_a-mbrtowc.o)
                0x000000000800b224                _mbrtowc_r
 .text.__ascii_mbtowc
                0x000000000800b278       0x24 c:/program files (x86)/stmicroelectronics/stm32cubeide_1.1.0/stm32cubeide/plugins/com.st.stm32cube.ide.mcu.externaltools.gnu-tools-for-stm32.7-2018-q2-update.win32_1.0.0.201904181610/tools/bin/../lib/gcc/arm-none-eabi/7.3.1/../../../../arm-none-eabi/lib/thumb/v7-m\libc.a(lib_a-mbtowc_r.o)
                0x000000000800b278                __ascii_mbtowc
 .text.memchr   0x000000000800b29c       0x1c c:/program files (x86)/stmicroelectronics/stm32cubeide_1.1.0/stm32cubeide/plugins/com.st.stm32cube.ide.mcu.externaltools.gnu-tools-for-stm32.7-2018-q2-update.win32_1.0.0.201904181610/tools/bin/../lib/gcc/arm-none-eabi/7.3.1/../../../../arm-none-eabi/lib/thumb/v7-m\libc.a(lib_a-memchr-stub.o)
                0x000000000800b29c                memchr
 .text.memmove  0x000000000800b2b8       0x32 c:/program files (x86)/stmicroelectronics/stm32cubeide_1.1.0/stm32cubeide/plugins/com.st.stm32cube.ide.mcu.externaltools.gnu-tools-for-stm32.7-2018-q2-update.win32_1.0.0.201904181610/tools/bin/../lib/gcc/arm-none-eabi/7.3.1/../../../../arm-none-eabi/lib/thumb/v7-m\libc.a(lib_a-memmove.o)
                0x000000000800b2b8                memmove
 *fill*         0x000000000800b2ea        0x2 
 .text.__malloc_lock
                0x000000000800b2ec        0xc c:/program files (x86)/stmicroelectronics/stm32cubeide_1.1.0/stm32cubeide/plugins/com.st.stm32cube.ide.mcu.externaltools.gnu-tools-for-stm32.7-2018-q2-update.win32_1.0.0.201904181610/tools/bin/../lib/gcc/arm-none-eabi/7.3.1/../../../../arm-none-eabi/lib/thumb/v7-m\libc.a(lib_a-mlock.o)
                0x000000000800b2ec                __malloc_lock
 .text.__malloc_unlock
                0x000000000800b2f8        0xc c:/program files (x86)/stmicroelectronics/stm32cubeide_1.1.0/stm32cubeide/plugins/com.st.stm32cube.ide.mcu.externaltools.gnu-tools-for-stm32.7-2018-q2-update.win32_1.0.0.201904181610/tools/bin/../lib/gcc/arm-none-eabi/7.3.1/../../../../arm-none-eabi/lib/thumb/v7-m\libc.a(lib_a-mlock.o)
                0x000000000800b2f8                __malloc_unlock
 .text._Balloc  0x000000000800b304       0x4a c:/program files (x86)/stmicroelectronics/stm32cubeide_1.1.0/stm32cubeide/plugins/com.st.stm32cube.ide.mcu.externaltools.gnu-tools-for-stm32.7-2018-q2-update.win32_1.0.0.201904181610/tools/bin/../lib/gcc/arm-none-eabi/7.3.1/../../../../arm-none-eabi/lib/thumb/v7-m\libc.a(lib_a-mprec.o)
                0x000000000800b304                _Balloc
 .text._Bfree   0x000000000800b34e       0x12 c:/program files (x86)/stmicroelectronics/stm32cubeide_1.1.0/stm32cubeide/plugins/com.st.stm32cube.ide.mcu.externaltools.gnu-tools-for-stm32.7-2018-q2-update.win32_1.0.0.201904181610/tools/bin/../lib/gcc/arm-none-eabi/7.3.1/../../../../arm-none-eabi/lib/thumb/v7-m\libc.a(lib_a-mprec.o)
                0x000000000800b34e                _Bfree
 .text.__multadd
                0x000000000800b360       0x76 c:/program files (x86)/stmicroelectronics/stm32cubeide_1.1.0/stm32cubeide/plugins/com.st.stm32cube.ide.mcu.externaltools.gnu-tools-for-stm32.7-2018-q2-update.win32_1.0.0.201904181610/tools/bin/../lib/gcc/arm-none-eabi/7.3.1/../../../../arm-none-eabi/lib/thumb/v7-m\libc.a(lib_a-mprec.o)
                0x000000000800b360                __multadd
 .text.__s2b    0x000000000800b3d6       0x7c c:/program files (x86)/stmicroelectronics/stm32cubeide_1.1.0/stm32cubeide/plugins/com.st.stm32cube.ide.mcu.externaltools.gnu-tools-for-stm32.7-2018-q2-update.win32_1.0.0.201904181610/tools/bin/../lib/gcc/arm-none-eabi/7.3.1/../../../../arm-none-eabi/lib/thumb/v7-m\libc.a(lib_a-mprec.o)
                0x000000000800b3d6                __s2b
 .text.__hi0bits
                0x000000000800b452       0x3e c:/program files (x86)/stmicroelectronics/stm32cubeide_1.1.0/stm32cubeide/plugins/com.st.stm32cube.ide.mcu.externaltools.gnu-tools-for-stm32.7-2018-q2-update.win32_1.0.0.201904181610/tools/bin/../lib/gcc/arm-none-eabi/7.3.1/../../../../arm-none-eabi/lib/thumb/v7-m\libc.a(lib_a-mprec.o)
                0x000000000800b452                __hi0bits
 .text.__lo0bits
                0x000000000800b490       0x5e c:/program files (x86)/stmicroelectronics/stm32cubeide_1.1.0/stm32cubeide/plugins/com.st.stm32cube.ide.mcu.externaltools.gnu-tools-for-stm32.7-2018-q2-update.win32_1.0.0.201904181610/tools/bin/../lib/gcc/arm-none-eabi/7.3.1/../../../../arm-none-eabi/lib/thumb/v7-m\libc.a(lib_a-mprec.o)
                0x000000000800b490                __lo0bits
 .text.__i2b    0x000000000800b4ee       0x12 c:/program files (x86)/stmicroelectronics/stm32cubeide_1.1.0/stm32cubeide/plugins/com.st.stm32cube.ide.mcu.externaltools.gnu-tools-for-stm32.7-2018-q2-update.win32_1.0.0.201904181610/tools/bin/../lib/gcc/arm-none-eabi/7.3.1/../../../../arm-none-eabi/lib/thumb/v7-m\libc.a(lib_a-mprec.o)
                0x000000000800b4ee                __i2b
 .text.__multiply
                0x000000000800b500      0x12a c:/program files (x86)/stmicroelectronics/stm32cubeide_1.1.0/stm32cubeide/plugins/com.st.stm32cube.ide.mcu.externaltools.gnu-tools-for-stm32.7-2018-q2-update.win32_1.0.0.201904181610/tools/bin/../lib/gcc/arm-none-eabi/7.3.1/../../../../arm-none-eabi/lib/thumb/v7-m\libc.a(lib_a-mprec.o)
                0x000000000800b500                __multiply
 *fill*         0x000000000800b62a        0x2 
 .text.__pow5mult
                0x000000000800b62c       0x80 c:/program files (x86)/stmicroelectronics/stm32cubeide_1.1.0/stm32cubeide/plugins/com.st.stm32cube.ide.mcu.externaltools.gnu-tools-for-stm32.7-2018-q2-update.win32_1.0.0.201904181610/tools/bin/../lib/gcc/arm-none-eabi/7.3.1/../../../../arm-none-eabi/lib/thumb/v7-m\libc.a(lib_a-mprec.o)
                0x000000000800b62c                __pow5mult
 .text.__lshift
                0x000000000800b6ac       0xa8 c:/program files (x86)/stmicroelectronics/stm32cubeide_1.1.0/stm32cubeide/plugins/com.st.stm32cube.ide.mcu.externaltools.gnu-tools-for-stm32.7-2018-q2-update.win32_1.0.0.201904181610/tools/bin/../lib/gcc/arm-none-eabi/7.3.1/../../../../arm-none-eabi/lib/thumb/v7-m\libc.a(lib_a-mprec.o)
                0x000000000800b6ac                __lshift
 .text.__mcmp   0x000000000800b754       0x34 c:/program files (x86)/stmicroelectronics/stm32cubeide_1.1.0/stm32cubeide/plugins/com.st.stm32cube.ide.mcu.externaltools.gnu-tools-for-stm32.7-2018-q2-update.win32_1.0.0.201904181610/tools/bin/../lib/gcc/arm-none-eabi/7.3.1/../../../../arm-none-eabi/lib/thumb/v7-m\libc.a(lib_a-mprec.o)
                0x000000000800b754                __mcmp
 .text.__mdiff  0x000000000800b788       0xbc c:/program files (x86)/stmicroelectronics/stm32cubeide_1.1.0/stm32cubeide/plugins/com.st.stm32cube.ide.mcu.externaltools.gnu-tools-for-stm32.7-2018-q2-update.win32_1.0.0.201904181610/tools/bin/../lib/gcc/arm-none-eabi/7.3.1/../../../../arm-none-eabi/lib/thumb/v7-m\libc.a(lib_a-mprec.o)
                0x000000000800b788                __mdiff
 .text.__ulp    0x000000000800b844       0x48 c:/program files (x86)/stmicroelectronics/stm32cubeide_1.1.0/stm32cubeide/plugins/com.st.stm32cube.ide.mcu.externaltools.gnu-tools-for-stm32.7-2018-q2-update.win32_1.0.0.201904181610/tools/bin/../lib/gcc/arm-none-eabi/7.3.1/../../../../arm-none-eabi/lib/thumb/v7-m\libc.a(lib_a-mprec.o)
                0x000000000800b844                __ulp
 .text.__b2d    0x000000000800b88c       0xa4 c:/program files (x86)/stmicroelectronics/stm32cubeide_1.1.0/stm32cubeide/plugins/com.st.stm32cube.ide.mcu.externaltools.gnu-tools-for-stm32.7-2018-q2-update.win32_1.0.0.201904181610/tools/bin/../lib/gcc/arm-none-eabi/7.3.1/../../../../arm-none-eabi/lib/thumb/v7-m\libc.a(lib_a-mprec.o)
                0x000000000800b88c                __b2d
 .text.__d2b    0x000000000800b930       0x9e c:/program files (x86)/stmicroelectronics/stm32cubeide_1.1.0/stm32cubeide/plugins/com.st.stm32cube.ide.mcu.externaltools.gnu-tools-for-stm32.7-2018-q2-update.win32_1.0.0.201904181610/tools/bin/../lib/gcc/arm-none-eabi/7.3.1/../../../../arm-none-eabi/lib/thumb/v7-m\libc.a(lib_a-mprec.o)
                0x000000000800b930                __d2b
 .text.__ratio  0x000000000800b9ce       0x5c c:/program files (x86)/stmicroelectronics/stm32cubeide_1.1.0/stm32cubeide/plugins/com.st.stm32cube.ide.mcu.externaltools.gnu-tools-for-stm32.7-2018-q2-update.win32_1.0.0.201904181610/tools/bin/../lib/gcc/arm-none-eabi/7.3.1/../../../../arm-none-eabi/lib/thumb/v7-m\libc.a(lib_a-mprec.o)
                0x000000000800b9ce                __ratio
 .text.__copybits
                0x000000000800ba2a       0x34 c:/program files (x86)/stmicroelectronics/stm32cubeide_1.1.0/stm32cubeide/plugins/com.st.stm32cube.ide.mcu.externaltools.gnu-tools-for-stm32.7-2018-q2-update.win32_1.0.0.201904181610/tools/bin/../lib/gcc/arm-none-eabi/7.3.1/../../../../arm-none-eabi/lib/thumb/v7-m\libc.a(lib_a-mprec.o)
                0x000000000800ba2a                __copybits
 .text.__any_on
                0x000000000800ba5e       0x42 c:/program files (x86)/stmicroelectronics/stm32cubeide_1.1.0/stm32cubeide/plugins/com.st.stm32cube.ide.mcu.externaltools.gnu-tools-for-stm32.7-2018-q2-update.win32_1.0.0.201904181610/tools/bin/../lib/gcc/arm-none-eabi/7.3.1/../../../../arm-none-eabi/lib/thumb/v7-m\libc.a(lib_a-mprec.o)
                0x000000000800ba5e                __any_on
 .text._read_r  0x000000000800baa0       0x24 c:/program files (x86)/stmicroelectronics/stm32cubeide_1.1.0/stm32cubeide/plugins/com.st.stm32cube.ide.mcu.externaltools.gnu-tools-for-stm32.7-2018-q2-update.win32_1.0.0.201904181610/tools/bin/../lib/gcc/arm-none-eabi/7.3.1/../../../../arm-none-eabi/lib/thumb/v7-m\libc.a(lib_a-readr.o)
                0x000000000800baa0                _read_r
 .text.realloc  0x000000000800bac4       0x10 c:/program files (x86)/stmicroelectronics/stm32cubeide_1.1.0/stm32cubeide/plugins/com.st.stm32cube.ide.mcu.externaltools.gnu-tools-for-stm32.7-2018-q2-update.win32_1.0.0.201904181610/tools/bin/../lib/gcc/arm-none-eabi/7.3.1/../../../../arm-none-eabi/lib/thumb/v7-m\libc.a(lib_a-realloc.o)
                0x000000000800bac4                realloc
 .text._realloc_r
                0x000000000800bad4      0x358 c:/program files (x86)/stmicroelectronics/stm32cubeide_1.1.0/stm32cubeide/plugins/com.st.stm32cube.ide.mcu.externaltools.gnu-tools-for-stm32.7-2018-q2-update.win32_1.0.0.201904181610/tools/bin/../lib/gcc/arm-none-eabi/7.3.1/../../../../arm-none-eabi/lib/thumb/v7-m\libc.a(lib_a-reallocr.o)
                0x000000000800bad4                _realloc_r
 .text.frexp    0x000000000800be2c       0x64 c:/program files (x86)/stmicroelectronics/stm32cubeide_1.1.0/stm32cubeide/plugins/com.st.stm32cube.ide.mcu.externaltools.gnu-tools-for-stm32.7-2018-q2-update.win32_1.0.0.201904181610/tools/bin/../lib/gcc/arm-none-eabi/7.3.1/../../../../arm-none-eabi/lib/thumb/v7-m\libc.a(lib_a-s_frexp.o)
                0x000000000800be2c                frexp
 .text._sbrk_r  0x000000000800be90       0x20 c:/program files (x86)/stmicroelectronics/stm32cubeide_1.1.0/stm32cubeide/plugins/com.st.stm32cube.ide.mcu.externaltools.gnu-tools-for-stm32.7-2018-q2-update.win32_1.0.0.201904181610/tools/bin/../lib/gcc/arm-none-eabi/7.3.1/../../../../arm-none-eabi/lib/thumb/v7-m\libc.a(lib_a-sbrkr.o)
                0x000000000800be90                _sbrk_r
 .text.__sccl   0x000000000800beb0       0x62 c:/program files (x86)/stmicroelectronics/stm32cubeide_1.1.0/stm32cubeide/plugins/com.st.stm32cube.ide.mcu.externaltools.gnu-tools-for-stm32.7-2018-q2-update.win32_1.0.0.201904181610/tools/bin/../lib/gcc/arm-none-eabi/7.3.1/../../../../arm-none-eabi/lib/thumb/v7-m\libc.a(lib_a-sccl.o)
                0x000000000800beb0                __sccl
 *fill*         0x000000000800bf12        0x2 
 .text.nanf     0x000000000800bf14        0x8 c:/program files (x86)/stmicroelectronics/stm32cubeide_1.1.0/stm32cubeide/plugins/com.st.stm32cube.ide.mcu.externaltools.gnu-tools-for-stm32.7-2018-q2-update.win32_1.0.0.201904181610/tools/bin/../lib/gcc/arm-none-eabi/7.3.1/../../../../arm-none-eabi/lib/thumb/v7-m\libc.a(lib_a-sf_nan.o)
                0x000000000800bf14                nanf
 .text.strncpy  0x000000000800bf1c       0x2a c:/program files (x86)/stmicroelectronics/stm32cubeide_1.1.0/stm32cubeide/plugins/com.st.stm32cube.ide.mcu.externaltools.gnu-tools-for-stm32.7-2018-q2-update.win32_1.0.0.201904181610/tools/bin/../lib/gcc/arm-none-eabi/7.3.1/../../../../arm-none-eabi/lib/thumb/v7-m\libc.a(lib_a-strncpy.o)
                0x000000000800bf1c                strncpy
 .text.unlikely.sulp
                0x000000000800bf46       0x42 c:/program files (x86)/stmicroelectronics/stm32cubeide_1.1.0/stm32cubeide/plugins/com.st.stm32cube.ide.mcu.externaltools.gnu-tools-for-stm32.7-2018-q2-update.win32_1.0.0.201904181610/tools/bin/../lib/gcc/arm-none-eabi/7.3.1/../../../../arm-none-eabi/lib/thumb/v7-m\libc.a(lib_a-strtod.o)
 .text._strtod_l
                0x000000000800bf88      0xc00 c:/program files (x86)/stmicroelectronics/stm32cubeide_1.1.0/stm32cubeide/plugins/com.st.stm32cube.ide.mcu.externaltools.gnu-tools-for-stm32.7-2018-q2-update.win32_1.0.0.201904181610/tools/bin/../lib/gcc/arm-none-eabi/7.3.1/../../../../arm-none-eabi/lib/thumb/v7-m\libc.a(lib_a-strtod.o)
                0x000000000800bf88                _strtod_l
 .text._strtod_r
                0x000000000800cb88       0x20 c:/program files (x86)/stmicroelectronics/stm32cubeide_1.1.0/stm32cubeide/plugins/com.st.stm32cube.ide.mcu.externaltools.gnu-tools-for-stm32.7-2018-q2-update.win32_1.0.0.201904181610/tools/bin/../lib/gcc/arm-none-eabi/7.3.1/../../../../arm-none-eabi/lib/thumb/v7-m\libc.a(lib_a-strtod.o)
                0x000000000800cb88                _strtod_r
 .text._strtol_l.isra.0
                0x000000000800cba8       0xf6 c:/program files (x86)/stmicroelectronics/stm32cubeide_1.1.0/stm32cubeide/plugins/com.st.stm32cube.ide.mcu.externaltools.gnu-tools-for-stm32.7-2018-q2-update.win32_1.0.0.201904181610/tools/bin/../lib/gcc/arm-none-eabi/7.3.1/../../../../arm-none-eabi/lib/thumb/v7-m\libc.a(lib_a-strtol.o)
 *fill*         0x000000000800cc9e        0x2 
 .text._strtol_r
                0x000000000800cca0       0x24 c:/program files (x86)/stmicroelectronics/stm32cubeide_1.1.0/stm32cubeide/plugins/com.st.stm32cube.ide.mcu.externaltools.gnu-tools-for-stm32.7-2018-q2-update.win32_1.0.0.201904181610/tools/bin/../lib/gcc/arm-none-eabi/7.3.1/../../../../arm-none-eabi/lib/thumb/v7-m\libc.a(lib_a-strtol.o)
                0x000000000800cca0                _strtol_r
 .text._strtoll_l.isra.0
                0x000000000800ccc4      0x166 c:/program files (x86)/stmicroelectronics/stm32cubeide_1.1.0/stm32cubeide/plugins/com.st.stm32cube.ide.mcu.externaltools.gnu-tools-for-stm32.7-2018-q2-update.win32_1.0.0.201904181610/tools/bin/../lib/gcc/arm-none-eabi/7.3.1/../../../../arm-none-eabi/lib/thumb/v7-m\libc.a(lib_a-strtoll.o)
 *fill*         0x000000000800ce2a        0x2 
 .text._strtoll_r
                0x000000000800ce2c       0x24 c:/program files (x86)/stmicroelectronics/stm32cubeide_1.1.0/stm32cubeide/plugins/com.st.stm32cube.ide.mcu.externaltools.gnu-tools-for-stm32.7-2018-q2-update.win32_1.0.0.201904181610/tools/bin/../lib/gcc/arm-none-eabi/7.3.1/../../../../arm-none-eabi/lib/thumb/v7-m\libc.a(lib_a-strtoll.o)
                0x000000000800ce2c                _strtoll_r
 .text._strtoul_l.isra.0
                0x000000000800ce50       0xf4 c:/program files (x86)/stmicroelectronics/stm32cubeide_1.1.0/stm32cubeide/plugins/com.st.stm32cube.ide.mcu.externaltools.gnu-tools-for-stm32.7-2018-q2-update.win32_1.0.0.201904181610/tools/bin/../lib/gcc/arm-none-eabi/7.3.1/../../../../arm-none-eabi/lib/thumb/v7-m\libc.a(lib_a-strtoul.o)
 .text._strtoul_r
                0x000000000800cf44       0x24 c:/program files (x86)/stmicroelectronics/stm32cubeide_1.1.0/stm32cubeide/plugins/com.st.stm32cube.ide.mcu.externaltools.gnu-tools-for-stm32.7-2018-q2-update.win32_1.0.0.201904181610/tools/bin/../lib/gcc/arm-none-eabi/7.3.1/../../../../arm-none-eabi/lib/thumb/v7-m\libc.a(lib_a-strtoul.o)
                0x000000000800cf44                _strtoul_r
 .text._strtoull_l.isra.0
                0x000000000800cf68      0x16a c:/program files (x86)/stmicroelectronics/stm32cubeide_1.1.0/stm32cubeide/plugins/com.st.stm32cube.ide.mcu.externaltools.gnu-tools-for-stm32.7-2018-q2-update.win32_1.0.0.201904181610/tools/bin/../lib/gcc/arm-none-eabi/7.3.1/../../../../arm-none-eabi/lib/thumb/v7-m\libc.a(lib_a-strtoull.o)
 *fill*         0x000000000800d0d2        0x2 
 .text._strtoull_r
                0x000000000800d0d4       0x24 c:/program files (x86)/stmicroelectronics/stm32cubeide_1.1.0/stm32cubeide/plugins/com.st.stm32cube.ide.mcu.externaltools.gnu-tools-for-stm32.7-2018-q2-update.win32_1.0.0.201904181610/tools/bin/../lib/gcc/arm-none-eabi/7.3.1/../../../../arm-none-eabi/lib/thumb/v7-m\libc.a(lib_a-strtoull.o)
                0x000000000800d0d4                _strtoull_r
 .text.__ssprint_r
                0x000000000800d0f8       0xf0 c:/program files (x86)/stmicroelectronics/stm32cubeide_1.1.0/stm32cubeide/plugins/com.st.stm32cube.ide.mcu.externaltools.gnu-tools-for-stm32.7-2018-q2-update.win32_1.0.0.201904181610/tools/bin/../lib/gcc/arm-none-eabi/7.3.1/../../../../arm-none-eabi/lib/thumb/v7-m\libc.a(lib_a-svfiprintf.o)
                0x000000000800d0f8                __ssprint_r
 .text._sungetc_r
                0x000000000800d1e8       0x7a c:/program files (x86)/stmicroelectronics/stm32cubeide_1.1.0/stm32cubeide/plugins/com.st.stm32cube.ide.mcu.externaltools.gnu-tools-for-stm32.7-2018-q2-update.win32_1.0.0.201904181610/tools/bin/../lib/gcc/arm-none-eabi/7.3.1/../../../../arm-none-eabi/lib/thumb/v7-m\libc.a(lib_a-svfiscanf.o)
                0x000000000800d1e8                _sungetc_r
 .text.__ssrefill_r
                0x000000000800d262       0x3a c:/program files (x86)/stmicroelectronics/stm32cubeide_1.1.0/stm32cubeide/plugins/com.st.stm32cube.ide.mcu.externaltools.gnu-tools-for-stm32.7-2018-q2-update.win32_1.0.0.201904181610/tools/bin/../lib/gcc/arm-none-eabi/7.3.1/../../../../arm-none-eabi/lib/thumb/v7-m\libc.a(lib_a-svfiscanf.o)
                0x000000000800d262                __ssrefill_r
 .text._sfread_r
                0x000000000800d29c       0x6c c:/program files (x86)/stmicroelectronics/stm32cubeide_1.1.0/stm32cubeide/plugins/com.st.stm32cube.ide.mcu.externaltools.gnu-tools-for-stm32.7-2018-q2-update.win32_1.0.0.201904181610/tools/bin/../lib/gcc/arm-none-eabi/7.3.1/../../../../arm-none-eabi/lib/thumb/v7-m\libc.a(lib_a-svfiscanf.o)
                0x000000000800d29c                _sfread_r
 .text.sysconf  0x000000000800d308       0x1a c:/program files (x86)/stmicroelectronics/stm32cubeide_1.1.0/stm32cubeide/plugins/com.st.stm32cube.ide.mcu.externaltools.gnu-tools-for-stm32.7-2018-q2-update.win32_1.0.0.201904181610/tools/bin/../lib/gcc/arm-none-eabi/7.3.1/../../../../arm-none-eabi/lib/thumb/v7-m\libc.a(lib_a-sysconf.o)
                0x000000000800d308                sysconf
 .text.__submore
                0x000000000800d322       0x70 c:/program files (x86)/stmicroelectronics/stm32cubeide_1.1.0/stm32cubeide/plugins/com.st.stm32cube.ide.mcu.externaltools.gnu-tools-for-stm32.7-2018-q2-update.win32_1.0.0.201904181610/tools/bin/../lib/gcc/arm-none-eabi/7.3.1/../../../../arm-none-eabi/lib/thumb/v7-m\libc.a(lib_a-ungetc.o)
                0x000000000800d322                __submore
 .text.__sprint_r
                0x000000000800d392       0x64 c:/program files (x86)/stmicroelectronics/stm32cubeide_1.1.0/stm32cubeide/plugins/com.st.stm32cube.ide.mcu.externaltools.gnu-tools-for-stm32.7-2018-q2-update.win32_1.0.0.201904181610/tools/bin/../lib/gcc/arm-none-eabi/7.3.1/../../../../arm-none-eabi/lib/thumb/v7-m\libc.a(lib_a-vfiprintf.o)
                0x000000000800d392                __sprint_r
 .text.__ascii_wctomb
                0x000000000800d3f6       0x1a c:/program files (x86)/stmicroelectronics/stm32cubeide_1.1.0/stm32cubeide/plugins/com.st.stm32cube.ide.mcu.externaltools.gnu-tools-for-stm32.7-2018-q2-update.win32_1.0.0.201904181610/tools/bin/../lib/gcc/arm-none-eabi/7.3.1/../../../../arm-none-eabi/lib/thumb/v7-m\libc.a(lib_a-wctomb_r.o)
                0x000000000800d3f6                __ascii_wctomb
 .text.__register_exitproc
                0x000000000800d410       0xac c:/program files (x86)/stmicroelectronics/stm32cubeide_1.1.0/stm32cubeide/plugins/com.st.stm32cube.ide.mcu.externaltools.gnu-tools-for-stm32.7-2018-q2-update.win32_1.0.0.201904181610/tools/bin/../lib/gcc/arm-none-eabi/7.3.1/../../../../arm-none-eabi/lib/thumb/v7-m\libc.a(lib_a-__atexit.o)
                0x000000000800d410                __register_exitproc
 .text._calloc_r
                0x000000000800d4bc       0x5a c:/program files (x86)/stmicroelectronics/stm32cubeide_1.1.0/stm32cubeide/plugins/com.st.stm32cube.ide.mcu.externaltools.gnu-tools-for-stm32.7-2018-q2-update.win32_1.0.0.201904181610/tools/bin/../lib/gcc/arm-none-eabi/7.3.1/../../../../arm-none-eabi/lib/thumb/v7-m\libc.a(lib_a-callocr.o)
                0x000000000800d4bc                _calloc_r
 .text._fclose_r
                0x000000000800d516       0xae c:/program files (x86)/stmicroelectronics/stm32cubeide_1.1.0/stm32cubeide/plugins/com.st.stm32cube.ide.mcu.externaltools.gnu-tools-for-stm32.7-2018-q2-update.win32_1.0.0.201904181610/tools/bin/../lib/gcc/arm-none-eabi/7.3.1/../../../../arm-none-eabi/lib/thumb/v7-m\libc.a(lib_a-fclose.o)
                0x000000000800d516                _fclose_r
 .text.__fputwc
                0x000000000800d5c4       0x82 c:/program files (x86)/stmicroelectronics/stm32cubeide_1.1.0/stm32cubeide/plugins/com.st.stm32cube.ide.mcu.externaltools.gnu-tools-for-stm32.7-2018-q2-update.win32_1.0.0.201904181610/tools/bin/../lib/gcc/arm-none-eabi/7.3.1/../../../../arm-none-eabi/lib/thumb/v7-m\libc.a(lib_a-fputwc.o)
                0x000000000800d5c4                __fputwc
 .text._fputwc_r
                0x000000000800d646       0x52 c:/program files (x86)/stmicroelectronics/stm32cubeide_1.1.0/stm32cubeide/plugins/com.st.stm32cube.ide.mcu.externaltools.gnu-tools-for-stm32.7-2018-q2-update.win32_1.0.0.201904181610/tools/bin/../lib/gcc/arm-none-eabi/7.3.1/../../../../arm-none-eabi/lib/thumb/v7-m\libc.a(lib_a-fputwc.o)
                0x000000000800d646                _fputwc_r
 .text._fstat_r
                0x000000000800d698       0x24 c:/program files (x86)/stmicroelectronics/stm32cubeide_1.1.0/stm32cubeide/plugins/com.st.stm32cube.ide.mcu.externaltools.gnu-tools-for-stm32.7-2018-q2-update.win32_1.0.0.201904181610/tools/bin/../lib/gcc/arm-none-eabi/7.3.1/../../../../arm-none-eabi/lib/thumb/v7-m\libc.a(lib_a-fstatr.o)
                0x000000000800d698                _fstat_r
 .text.rshift   0x000000000800d6bc       0x76 c:/program files (x86)/stmicroelectronics/stm32cubeide_1.1.0/stm32cubeide/plugins/com.st.stm32cube.ide.mcu.externaltools.gnu-tools-for-stm32.7-2018-q2-update.win32_1.0.0.201904181610/tools/bin/../lib/gcc/arm-none-eabi/7.3.1/../../../../arm-none-eabi/lib/thumb/v7-m\libc.a(lib_a-gdtoa-gethex.o)
 .text.__hexdig_fun
                0x000000000800d732       0x2a c:/program files (x86)/stmicroelectronics/stm32cubeide_1.1.0/stm32cubeide/plugins/com.st.stm32cube.ide.mcu.externaltools.gnu-tools-for-stm32.7-2018-q2-update.win32_1.0.0.201904181610/tools/bin/../lib/gcc/arm-none-eabi/7.3.1/../../../../arm-none-eabi/lib/thumb/v7-m\libc.a(lib_a-gdtoa-gethex.o)
                0x000000000800d732                __hexdig_fun
 .text.__gethex
                0x000000000800d75c      0x444 c:/program files (x86)/stmicroelectronics/stm32cubeide_1.1.0/stm32cubeide/plugins/com.st.stm32cube.ide.mcu.externaltools.gnu-tools-for-stm32.7-2018-q2-update.win32_1.0.0.201904181610/tools/bin/../lib/gcc/arm-none-eabi/7.3.1/../../../../arm-none-eabi/lib/thumb/v7-m\libc.a(lib_a-gdtoa-gethex.o)
                0x000000000800d75c                __gethex
 .text.L_shift  0x000000000800dba0       0x24 c:/program files (x86)/stmicroelectronics/stm32cubeide_1.1.0/stm32cubeide/plugins/com.st.stm32cube.ide.mcu.externaltools.gnu-tools-for-stm32.7-2018-q2-update.win32_1.0.0.201904181610/tools/bin/../lib/gcc/arm-none-eabi/7.3.1/../../../../arm-none-eabi/lib/thumb/v7-m\libc.a(lib_a-gdtoa-hexnan.o)
 .text.__match  0x000000000800dbc4       0x28 c:/program files (x86)/stmicroelectronics/stm32cubeide_1.1.0/stm32cubeide/plugins/com.st.stm32cube.ide.mcu.externaltools.gnu-tools-for-stm32.7-2018-q2-update.win32_1.0.0.201904181610/tools/bin/../lib/gcc/arm-none-eabi/7.3.1/../../../../arm-none-eabi/lib/thumb/v7-m\libc.a(lib_a-gdtoa-hexnan.o)
                0x000000000800dbc4                __match
 .text.__hexnan
                0x000000000800dbec      0x120 c:/program files (x86)/stmicroelectronics/stm32cubeide_1.1.0/stm32cubeide/plugins/com.st.stm32cube.ide.mcu.externaltools.gnu-tools-for-stm32.7-2018-q2-update.win32_1.0.0.201904181610/tools/bin/../lib/gcc/arm-none-eabi/7.3.1/../../../../arm-none-eabi/lib/thumb/v7-m\libc.a(lib_a-gdtoa-hexnan.o)
                0x000000000800dbec                __hexnan
 .text._isatty_r
                0x000000000800dd0c       0x20 c:/program files (x86)/stmicroelectronics/stm32cubeide_1.1.0/stm32cubeide/plugins/com.st.stm32cube.ide.mcu.externaltools.gnu-tools-for-stm32.7-2018-q2-update.win32_1.0.0.201904181610/tools/bin/../lib/gcc/arm-none-eabi/7.3.1/../../../../arm-none-eabi/lib/thumb/v7-m\libc.a(lib_a-isattyr.o)
                0x000000000800dd0c                _isatty_r
 .text.strncmp  0x000000000800dd2c       0x24 c:/program files (x86)/stmicroelectronics/stm32cubeide_1.1.0/stm32cubeide/plugins/com.st.stm32cube.ide.mcu.externaltools.gnu-tools-for-stm32.7-2018-q2-update.win32_1.0.0.201904181610/tools/bin/../lib/gcc/arm-none-eabi/7.3.1/../../../../arm-none-eabi/lib/thumb/v7-m\libc.a(lib_a-strncmp.o)
                0x000000000800dd2c                strncmp
 .text.__swbuf_r
                0x000000000800dd50       0x92 c:/program files (x86)/stmicroelectronics/stm32cubeide_1.1.0/stm32cubeide/plugins/com.st.stm32cube.ide.mcu.externaltools.gnu-tools-for-stm32.7-2018-q2-update.win32_1.0.0.201904181610/tools/bin/../lib/gcc/arm-none-eabi/7.3.1/../../../../arm-none-eabi/lib/thumb/v7-m\libc.a(lib_a-wbuf.o)
                0x000000000800dd50                __swbuf_r
 *fill*         0x000000000800dde2        0x2 
 .text._wcrtomb_r
                0x000000000800dde4       0x48 c:/program files (x86)/stmicroelectronics/stm32cubeide_1.1.0/stm32cubeide/plugins/com.st.stm32cube.ide.mcu.externaltools.gnu-tools-for-stm32.7-2018-q2-update.win32_1.0.0.201904181610/tools/bin/../lib/gcc/arm-none-eabi/7.3.1/../../../../arm-none-eabi/lib/thumb/v7-m\libc.a(lib_a-wcrtomb.o)
                0x000000000800dde4                _wcrtomb_r
 .text.fmod     0x000000000800de2c       0xb8 c:/program files (x86)/stmicroelectronics/stm32cubeide_1.1.0/stm32cubeide/plugins/com.st.stm32cube.ide.mcu.externaltools.gnu-tools-for-stm32.7-2018-q2-update.win32_1.0.0.201904181610/tools/bin/../lib/gcc/arm-none-eabi/7.3.1/../../../../arm-none-eabi/lib/thumb/v7-m\libm.a(lib_a-w_fmod.o)
                0x000000000800de2c                fmod
 .text.__ieee754_fmod
                0x000000000800dee4      0x214 c:/program files (x86)/stmicroelectronics/stm32cubeide_1.1.0/stm32cubeide/plugins/com.st.stm32cube.ide.mcu.externaltools.gnu-tools-for-stm32.7-2018-q2-update.win32_1.0.0.201904181610/tools/bin/../lib/gcc/arm-none-eabi/7.3.1/../../../../arm-none-eabi/lib/thumb/v7-m\libm.a(lib_a-e_fmod.o)
                0x000000000800dee4                __ieee754_fmod
 .text.matherr  0x000000000800e0f8        0x4 c:/program files (x86)/stmicroelectronics/stm32cubeide_1.1.0/stm32cubeide/plugins/com.st.stm32cube.ide.mcu.externaltools.gnu-tools-for-stm32.7-2018-q2-update.win32_1.0.0.201904181610/tools/bin/../lib/gcc/arm-none-eabi/7.3.1/../../../../arm-none-eabi/lib/thumb/v7-m\libm.a(lib_a-s_matherr.o)
                0x000000000800e0f8                matherr
 *(.glue_7)
 .glue_7        0x000000000800e0fc        0x0 linker stubs
 *(.glue_7t)
 .glue_7t       0x000000000800e0fc        0x0 linker stubs
 *(.eh_frame)
 .eh_frame      0x000000000800e0fc        0x0 c:/program files (x86)/stmicroelectronics/stm32cubeide_1.1.0/stm32cubeide/plugins/com.st.stm32cube.ide.mcu.externaltools.gnu-tools-for-stm32.7-2018-q2-update.win32_1.0.0.201904181610/tools/bin/../lib/gcc/arm-none-eabi/7.3.1/thumb/v7-m/crtbegin.o
 *(.init)
 .init          0x000000000800e0fc        0x4 c:/program files (x86)/stmicroelectronics/stm32cubeide_1.1.0/stm32cubeide/plugins/com.st.stm32cube.ide.mcu.externaltools.gnu-tools-for-stm32.7-2018-q2-update.win32_1.0.0.201904181610/tools/bin/../lib/gcc/arm-none-eabi/7.3.1/thumb/v7-m/crti.o
                0x000000000800e0fc                _init
 .init          0x000000000800e100        0x8 c:/program files (x86)/stmicroelectronics/stm32cubeide_1.1.0/stm32cubeide/plugins/com.st.stm32cube.ide.mcu.externaltools.gnu-tools-for-stm32.7-2018-q2-update.win32_1.0.0.201904181610/tools/bin/../lib/gcc/arm-none-eabi/7.3.1/thumb/v7-m/crtn.o
 *(.fini)
 .fini          0x000000000800e108        0x4 c:/program files (x86)/stmicroelectronics/stm32cubeide_1.1.0/stm32cubeide/plugins/com.st.stm32cube.ide.mcu.externaltools.gnu-tools-for-stm32.7-2018-q2-update.win32_1.0.0.201904181610/tools/bin/../lib/gcc/arm-none-eabi/7.3.1/thumb/v7-m/crti.o
                0x000000000800e108                _fini