Archive member included to satisfy reference by file (symbol)

c:/program files (x86)/stmicroelectronics/stm32cubeide_1.1.0/stm32cubeide/plugins/com.st.stm32cube.ide.mcu.externaltools.gnu-tools-for-stm32.7-2018-q2-update.win32_1.0.0.201904181610/tools/bin/../lib/gcc/arm-none-eabi/7.3.1/../../../../arm-none-eabi/lib/thumb/v7-m\libc_nano.a(lib_a-errno.o)
                              Core/Src/syscalls.o (__errno)
c:/program files (x86)/stmicroelectronics/stm32cubeide_1.1.0/stm32cubeide/plugins/com.st.stm32cube.ide.mcu.externaltools.gnu-tools-for-stm32.7-2018-q2-update.win32_1.0.0.201904181610/tools/bin/../lib/gcc/arm-none-eabi/7.3.1/../../../../arm-none-eabi/lib/thumb/v7-m\libc_nano.a(lib_a-exit.o)
                              c:/program files (x86)/stmicroelectronics/stm32cubeide_1.1.0/stm32cubeide/plugins/com.st.stm32cube.ide.mcu.externaltools.gnu-tools-for-stm32.7-2018-q2-update.win32_1.0.0.201904181610/tools/bin/../lib/gcc/arm-none-eabi/7.3.1/../../../../arm-none-eabi/lib/thumb/v7-m/crt0.o (exit)
c:/program files (x86)/stmicroelectronics/stm32cubeide_1.1.0/stm32cubeide/plugins/com.st.stm32cube.ide.mcu.externaltools.gnu-tools-for-stm32.7-2018-q2-update.win32_1.0.0.201904181610/tools/bin/../lib/gcc/arm-none-eabi/7.3.1/../../../../arm-none-eabi/lib/thumb/v7-m\libc_nano.a(lib_a-impure.o)
                              c:/program files (x86)/stmicroelectronics/stm32cubeide_1.1.0/stm32cubeide/plugins/com.st.stm32cube.ide.mcu.externaltools.gnu-tools-for-stm32.7-2018-q2-update.win32_1.0.0.201904181610/tools/bin/../lib/gcc/arm-none-eabi/7.3.1/../../../../arm-none-eabi/lib/thumb/v7-m\libc_nano.a(lib_a-exit.o) (_global_impure_ptr)
c:/program files (x86)/stmicroelectronics/stm32cubeide_1.1.0/stm32cubeide/plugins/com.st.stm32cube.ide.mcu.externaltools.gnu-tools-for-stm32.7-2018-q2-update.win32_1.0.0.201904181610/tools/bin/../lib/gcc/arm-none-eabi/7.3.1/../../../../arm-none-eabi/lib/thumb/v7-m\libc_nano.a(lib_a-init.o)
                              c:/program files (x86)/stmicroelectronics/stm32cubeide_1.1.0/stm32cubeide/plugins/com.st.stm32cube.ide.mcu.externaltools.gnu-tools-for-stm32.7-2018-q2-update.win32_1.0.0.201904181610/tools/bin/../lib/gcc/arm-none-eabi/7.3.1/../../../../arm-none-eabi/lib/thumb/v7-m/crt0.o (__libc_init_array)
c:/program files (x86)/stmicroelectronics/stm32cubeide_1.1.0/stm32cubeide/plugins/com.st.stm32cube.ide.mcu.externaltools.gnu-tools-for-stm32.7-2018-q2-update.win32_1.0.0.201904181610/tools/bin/../lib/gcc/arm-none-eabi/7.3.1/../../../../arm-none-eabi/lib/thumb/v7-m\libc_nano.a(lib_a-memcpy-stub.o)
                              Core/Src/SX1278.o (memcpy)
c:/program files (x86)/stmicroelectronics/stm32cubeide_1.1.0/stm32cubeide/plugins/com.st.stm32cube.ide.mcu.externaltools.gnu-tools-for-stm32.7-2018-q2-update.win32_1.0.0.201904181610/tools/bin/../lib/gcc/arm-none-eabi/7.3.1/../../../../arm-none-eabi/lib/thumb/v7-m\libc_nano.a(lib_a-memset.o)
                              c:/program files (x86)/stmicroelectronics/stm32cubeide_1.1.0/stm32cubeide/plugins/com.st.stm32cube.ide.mcu.externaltools.gnu-tools-for-stm32.7-2018-q2-update.win32_1.0.0.201904181610/tools/bin/../lib/gcc/arm-none-eabi/7.3.1/../../../../arm-none-eabi/lib/thumb/v7-m/crt0.o (memset)
c:/program files (x86)/stmicroelectronics/stm32cubeide_1.1.0/stm32cubeide/plugins/com.st.stm32cube.ide.mcu.externaltools.gnu-tools-for-stm32.7-2018-q2-update.win32_1.0.0.201904181610/tools/bin/../lib/gcc/arm-none-eabi/7.3.1/../../../../arm-none-eabi/lib/thumb/v7-m\libc_nano.a(lib_a-printf.o)
                              Core/Src/main.o (printf)
c:/program files (x86)/stmicroelectronics/stm32cubeide_1.1.0/stm32cubeide/plugins/com.st.stm32cube.ide.mcu.externaltools.gnu-tools-for-stm32.7-2018-q2-update.win32_1.0.0.201904181610/tools/bin/../lib/gcc/arm-none-eabi/7.3.1/../../../../arm-none-eabi/lib/thumb/v7-m\libc_nano.a(lib_a-puts.o)
                              Core/Src/main.o (puts)
c:/program files (x86)/stmicroelectronics/stm32cubeide_1.1.0/stm32cubeide/plugins/com.st.stm32cube.ide.mcu.externaltools.gnu-tools-for-stm32.7-2018-q2-update.win32_1.0.0.201904181610/tools/bin/../lib/gcc/arm-none-eabi/7.3.1/../../../../arm-none-eabi/lib/thumb/v7-m\libc_nano.a(lib_a-wbuf.o)
                              c:/program files (x86)/stmicroelectronics/stm32cubeide_1.1.0/stm32cubeide/plugins/com.st.stm32cube.ide.mcu.externaltools.gnu-tools-for-stm32.7-2018-q2-update.win32_1.0.0.201904181610/tools/bin/../lib/gcc/arm-none-eabi/7.3.1/../../../../arm-none-eabi/lib/thumb/v7-m\libc_nano.a(lib_a-puts.o) (__swbuf_r)
c:/program files (x86)/stmicroelectronics/stm32cubeide_1.1.0/stm32cubeide/plugins/com.st.stm32cube.ide.mcu.externaltools.gnu-tools-for-stm32.7-2018-q2-update.win32_1.0.0.201904181610/tools/bin/../lib/gcc/arm-none-eabi/7.3.1/../../../../arm-none-eabi/lib/thumb/v7-m\libc_nano.a(lib_a-wsetup.o)
[...]
Memory Configuration

Name             Origin             Length             Attributes
RAM              0x0000000020000000 0x0000000000004000 xrw
FLASH            0x0000000008000000 0x0000000000020000 xr
*default*        0x0000000000000000 0xffffffffffffffff

Linker script and memory map

LOAD c:/program files (x86)/stmicroelectronics/stm32cubeide_1.1.0/stm32cubeide/plugins/com.st.stm32cube.ide.mcu.externaltools.gnu-tools-for-stm32.7-2018-q2-update.win32_1.0.0.201904181610/tools/bin/../lib/gcc/arm-none-eabi/7.3.1/thumb/v7-m/crti.o
LOAD c:/program files (x86)/stmicroelectronics/stm32cubeide_1.1.0/stm32cubeide/plugins/com.st.stm32cube.ide.mcu.externaltools.gnu-tools-for-stm32.7-2018-q2-update.win32_1.0.0.201904181610/tools/bin/../lib/gcc/arm-none-eabi/7.3.1/thumb/v7-m/crtbegin.o
LOAD c:/program files (x86)/stmicroelectronics/stm32cubeide_1.1.0/stm32cubeide/plugins/com.st.stm32cube.ide.mcu.externaltools.gnu-tools-for-stm32.7-2018-q2-update.win32_1.0.0.201904181610/tools/bin/../lib/gcc/arm-none-eabi/7.3.1/../../../../arm-none-eabi/lib/thumb/v7-m/crt0.o
LOAD Core/Src/SX1278.o
LOAD Core/Src/dma.o
LOAD Core/Src/gpio.o
LOAD Core/Src/iwdg.o
LOAD Core/Src/main.o
LOAD Core/Src/spi.o
LOAD Core/Src/stm32l1xx_hal_msp.o
LOAD Core/Src/stm32l1xx_it.o
LOAD Core/Src/sys.o
LOAD Core/Src/syscalls.o
LOAD Core/Src/sysmem.o
LOAD Core/Src/system_stm32l1xx.o
LOAD Core/Src/usart.o
LOAD Core/Startup/startup_stm32l151cbux.o
LOAD Drivers/STM32L1xx_HAL_Driver/Src/stm32l1xx_hal.o
LOAD Drivers/STM32L1xx_HAL_Driver/Src/stm32l1xx_hal_cortex.o
LOAD Drivers/STM32L1xx_HAL_Driver/Src/stm32l1xx_hal_dma.o
LOAD Drivers/STM32L1xx_HAL_Driver/Src/stm32l1xx_hal_flash.o
LOAD Drivers/STM32L1xx_HAL_Driver/Src/stm32l1xx_hal_flash_ex.o
LOAD Drivers/STM32L1xx_HAL_Driver/Src/stm32l1xx_hal_flash_ramfunc.o
LOAD Drivers/STM32L1xx_HAL_Driver/Src/stm32l1xx_hal_gpio.o
LOAD Drivers/STM32L1xx_HAL_Driver/Src/stm32l1xx_hal_iwdg.o
LOAD Drivers/STM32L1xx_HAL_Driver/Src/stm32l1xx_hal_pwr.o
LOAD Drivers/STM32L1xx_HAL_Driver/Src/stm32l1xx_hal_pwr_ex.o
LOAD Drivers/STM32L1xx_HAL_Driver/Src/stm32l1xx_hal_rcc.o
LOAD Drivers/STM32L1xx_HAL_Driver/Src/stm32l1xx_hal_rcc_ex.o
LOAD Drivers/STM32L1xx_HAL_Driver/Src/stm32l1xx_hal_spi.o
LOAD Drivers/STM32L1xx_HAL_Driver/Src/stm32l1xx_hal_tim.o
LOAD Drivers/STM32L1xx_HAL_Driver/Src/stm32l1xx_hal_tim_ex.o
LOAD Drivers/STM32L1xx_HAL_Driver/Src/stm32l1xx_hal_uart.o
START GROUP
LOAD c:/program files (x86)/stmicroelectronics/stm32cubeide_1.1.0/stm32cubeide/plugins/com.st.stm32cube.ide.mcu.externaltools.gnu-tools-for-stm32.7-2018-q2-update.win32_1.0.0.201904181610/tools/bin/../lib/gcc/arm-none-eabi/7.3.1/../../../../arm-none-eabi/lib/thumb/v7-m\libc_nano.a
LOAD c:/program files (x86)/stmicroelectronics/stm32cubeide_1.1.0/stm32cubeide/plugins/com.st.stm32cube.ide.mcu.externaltools.gnu-tools-for-stm32.7-2018-q2-update.win32_1.0.0.201904181610/tools/bin/../lib/gcc/arm-none-eabi/7.3.1/../../../../arm-none-eabi/lib/thumb/v7-m\libm.a
END GROUP
START GROUP
LOAD c:/program files (x86)/stmicroelectronics/stm32cubeide_1.1.0/stm32cubeide/plugins/com.st.stm32cube.ide.mcu.externaltools.gnu-tools-for-stm32.7-2018-q2-update.win32_1.0.0.201904181610/tools/bin/../lib/gcc/arm-none-eabi/7.3.1/thumb/v7-m\libgcc.a
LOAD c:/program files (x86)/stmicroelectronics/stm32cubeide_1.1.0/stm32cubeide/plugins/com.st.stm32cube.ide.mcu.externaltools.gnu-tools-for-stm32.7-2018-q2-update.win32_1.0.0.201904181610/tools/bin/../lib/gcc/arm-none-eabi/7.3.1/../../../../arm-none-eabi/lib/thumb/v7-m\libc_nano.a
END GROUP
START GROUP
LOAD c:/program files (x86)/stmicroelectronics/stm32cubeide_1.1.0/stm32cubeide/plugins/com.st.stm32cube.ide.mcu.externaltools.gnu-tools-for-stm32.7-2018-q2-update.win32_1.0.0.201904181610/tools/bin/../lib/gcc/arm-none-eabi/7.3.1/thumb/v7-m\libgcc.a
LOAD c:/program files (x86)/stmicroelectronics/stm32cubeide_1.1.0/stm32cubeide/plugins/com.st.stm32cube.ide.mcu.externaltools.gnu-tools-for-stm32.7-2018-q2-update.win32_1.0.0.201904181610/tools/bin/../lib/gcc/arm-none-eabi/7.3.1/../../../../arm-none-eabi/lib/thumb/v7-m\libc_nano.a
LOAD c:/program files (x86)/stmicroelectronics/stm32cubeide_1.1.0/stm32cubeide/plugins/com.st.stm32cube.ide.mcu.externaltools.gnu-tools-for-stm32.7-2018-q2-update.win32_1.0.0.201904181610/tools/bin/../lib/gcc/arm-none-eabi/7.3.1/../../../../arm-none-eabi/lib/thumb/v7-m\libnosys.a
END GROUP
START GROUP
LOAD c:/program files (x86)/stmicroelectronics/stm32cubeide_1.1.0/stm32cubeide/plugins/com.st.stm32cube.ide.mcu.externaltools.gnu-tools-for-stm32.7-2018-q2-update.win32_1.0.0.201904181610/tools/bin/../lib/gcc/arm-none-eabi/7.3.1/thumb/v7-m\libgcc.a
LOAD c:/program files (x86)/stmicroelectronics/stm32cubeide_1.1.0/stm32cubeide/plugins/com.st.stm32cube.ide.mcu.externaltools.gnu-tools-for-stm32.7-2018-q2-update.win32_1.0.0.201904181610/tools/bin/../lib/gcc/arm-none-eabi/7.3.1/../../../../arm-none-eabi/lib/thumb/v7-m\libc_nano.a
LOAD c:/program files (x86)/stmicroelectronics/stm32cubeide_1.1.0/stm32cubeide/plugins/com.st.stm32cube.ide.mcu.externaltools.gnu-tools-for-stm32.7-2018-q2-update.win32_1.0.0.201904181610/tools/bin/../lib/gcc/arm-none-eabi/7.3.1/../../../../arm-none-eabi/lib/thumb/v7-m\libnosys.a
END GROUP
LOAD c:/program files (x86)/stmicroelectronics/stm32cubeide_1.1.0/stm32cubeide/plugins/com.st.stm32cube.ide.mcu.externaltools.gnu-tools-for-stm32.7-2018-q2-update.win32_1.0.0.201904181610/tools/bin/../lib/gcc/arm-none-eabi/7.3.1/thumb/v7-m/crtend.o
LOAD c:/program files (x86)/stmicroelectronics/stm32cubeide_1.1.0/stm32cubeide/plugins/com.st.stm32cube.ide.mcu.externaltools.gnu-tools-for-stm32.7-2018-q2-update.win32_1.0.0.201904181610/tools/bin/../lib/gcc/arm-none-eabi/7.3.1/thumb/v7-m/crtn.o
                0x0000000020004000                _estack = (ORIGIN (RAM) + LENGTH (RAM))
                0x0000000000000200                _Min_Heap_Size = 0x200
                0x0000000000000400                _Min_Stack_Size = 0x400

.isr_vector     0x0000000008000000      0x13c
                0x0000000008000000                . = ALIGN (0x4)
 *(.isr_vector)
 .isr_vector    0x0000000008000000      0x13c Core/Startup/startup_stm32l151cbux.o
                0x0000000008000000                g_pfnVectors
                0x000000000800013c                . = ALIGN (0x4)

.text           0x000000000800013c     0x444c
                0x000000000800013c                . = ALIGN (0x4)
 *(.text)
 .text          0x000000000800013c       0x40 c:/program files (x86)/stmicroelectronics/stm32cubeide_1.1.0/stm32cubeide/plugins/com.st.stm32cube.ide.mcu.externaltools.gnu-tools-for-stm32.7-2018-q2-update.win32_1.0.0.201904181610/tools/bin/../lib/gcc/arm-none-eabi/7.3.1/thumb/v7-m/crtbegin.o
 *(.text*)
 .text.SX1278_device_init
                0x000000000800017c       0x6c Core/Src/SX1278.o
                0x000000000800017c                SX1278_device_init
 .text.SX1278_hw_init
                0x00000000080001e8       0x2a Core/Src/SX1278.o
                0x00000000080001e8                SX1278_hw_init
 .text.SX1278_hw_SetNSS
                0x0000000008000212       0x2e Core/Src/SX1278.o
                0x0000000008000212                SX1278_hw_SetNSS
 .text.SX1278_hw_Reset
                0x0000000008000240       0x48 Core/Src/SX1278.o
                0x0000000008000240                SX1278_hw_Reset
 .text.SX1278_hw_SPICommand
                0x0000000008000288       0x38 Core/Src/SX1278.o
                0x0000000008000288                SX1278_hw_SPICommand
 .text.SX1278_hw_SPIReadByte
                0x00000000080002c0       0x42 Core/Src/SX1278.o
                0x00000000080002c0                SX1278_hw_SPIReadByte
 .text.SX1278_hw_DelayMs
                0x0000000008000302       0x16 Core/Src/SX1278.o
                0x0000000008000302                SX1278_hw_DelayMs
 .text.SX1278_hw_GetDIO0
                0x0000000008000318       0x2e Core/Src/SX1278.o
                0x0000000008000318                SX1278_hw_GetDIO0
 .text.SX1278_SPIRead
                0x0000000008000346       0x3e Core/Src/SX1278.o
                0x0000000008000346                SX1278_SPIRead
 .text.SX1278_SPIWrite
                0x0000000008000384       0x52 Core/Src/SX1278.o
                0x0000000008000384                SX1278_SPIWrite
 .text.SX1278_SPIBurstRead
                0x00000000080003d6       0x72 Core/Src/SX1278.o
                0x00000000080003d6                SX1278_SPIBurstRead
 .text.SX1278_SPIBurstWrite
                0x0000000008000448       0x76 Core/Src/SX1278.o
                0x0000000008000448                SX1278_SPIBurstWrite
 .text.SX1278_defaultConfig
                0x00000000080004be       0x2a Core/Src/SX1278.o
                0x00000000080004be                SX1278_defaultConfig
 .text.SX1278_config
                0x00000000080004e8      0x154 Core/Src/SX1278.o
                0x00000000080004e8                SX1278_config
 .text.SX1278_standby
                0x000000000800063c       0x20 Core/Src/SX1278.o
                0x000000000800063c                SX1278_standby
 .text.SX1278_sleep
                0x000000000800065c       0x20 Core/Src/SX1278.o
                0x000000000800065c                SX1278_sleep
 .text.SX1278_entryLoRa
                0x000000000800067c       0x1a Core/Src/SX1278.o
                0x000000000800067c                SX1278_entryLoRa
 .text.SX1278_clearLoRaIrq
                0x0000000008000696       0x1a Core/Src/SX1278.o
                0x0000000008000696                SX1278_clearLoRaIrq
 .text.SX1278_LoRaEntryRx
                0x00000000080006b0       0xca Core/Src/SX1278.o
                0x00000000080006b0                SX1278_LoRaEntryRx
 .text.SX1278_LoRaRxPacket
                0x000000000800077a       0x88 Core/Src/SX1278.o
                0x000000000800077a                SX1278_LoRaRxPacket
 .text.SX1278_begin
                0x0000000008000802       0x50 Core/Src/SX1278.o
                0x0000000008000802                SX1278_begin
 .text.SX1278_read
                0x0000000008000852       0x4c Core/Src/SX1278.o
                0x0000000008000852                SX1278_read
 .text.SX1278_RSSI_LoRa
                0x000000000800089e       0x2a Core/Src/SX1278.o
                0x000000000800089e                SX1278_RSSI_LoRa
 .text.SX1278_RSSI
                0x00000000080008c8       0x2e Core/Src/SX1278.o
                0x00000000080008c8                SX1278_RSSI
 *fill*         0x00000000080008f6        0x2 
 .text.MX_DMA_Init
                0x00000000080008f8       0x5c Core/Src/dma.o
                0x00000000080008f8                MX_DMA_Init
 .text.MX_GPIO_Init
                0x0000000008000954      0x190 Core/Src/gpio.o
                0x0000000008000954                MX_GPIO_Init
 .text.MX_IWDG_Init
                0x0000000008000ae4       0x34 Core/Src/iwdg.o
                0x0000000008000ae4                MX_IWDG_Init
 .text.__io_putchar
                0x0000000008000b18       0x24 Core/Src/main.o
                0x0000000008000b18                __io_putchar
 .text.main     0x0000000008000b3c      0x11c Core/Src/main.o
                0x0000000008000b3c                main
 .text.SystemClock_Config
                0x0000000008000c58       0xa0 Core/Src/main.o
                0x0000000008000c58                SystemClock_Config
 .text.Error_Handler
                0x0000000008000cf8        0xc Core/Src/main.o
                0x0000000008000cf8                Error_Handler
 .text.MX_SPI1_Init
                0x0000000008000d04       0x6c Core/Src/spi.o
                0x0000000008000d04                MX_SPI1_Init
 .text.HAL_SPI_MspInit
                0x0000000008000d70      0x134 Core/Src/spi.o
                0x0000000008000d70                HAL_SPI_MspInit
 .text.HAL_MspInit
                0x0000000008000ea4       0x5c Core/Src/stm32l1xx_hal_msp.o
                0x0000000008000ea4                HAL_MspInit
 .text.NMI_Handler
                0x0000000008000f00        0xc Core/Src/stm32l1xx_it.o
                0x0000000008000f00                NMI_Handler
 .text.HardFault_Handler
                0x0000000008000f0c        0x6 Core/Src/stm32l1xx_it.o
                0x0000000008000f0c                HardFault_Handler
 .text.MemManage_Handler
                0x0000000008000f12        0x6 Core/Src/stm32l1xx_it.o
                0x0000000008000f12                MemManage_Handler
 .text.BusFault_Handler
                0x0000000008000f18        0x6 Core/Src/stm32l1xx_it.o
                0x0000000008000f18                BusFault_Handler
 .text.UsageFault_Handler
                0x0000000008000f1e        0x6 Core/Src/stm32l1xx_it.o
                0x0000000008000f1e                UsageFault_Handler
 .text.SVC_Handler
                0x0000000008000f24        0xc Core/Src/stm32l1xx_it.o
                0x0000000008000f24                SVC_Handler
 .text.DebugMon_Handler
                0x0000000008000f30        0xc Core/Src/stm32l1xx_it.o
                0x0000000008000f30                DebugMon_Handler
 .text.PendSV_Handler
                0x0000000008000f3c        0xc Core/Src/stm32l1xx_it.o
                0x0000000008000f3c                PendSV_Handler
 .text.SysTick_Handler
                0x0000000008000f48        0xc Core/Src/stm32l1xx_it.o
                0x0000000008000f48                SysTick_Handler
 .text.EXTI0_IRQHandler
                0x0000000008000f54       0x18 Core/Src/stm32l1xx_it.o
                0x0000000008000f54                EXTI0_IRQHandler
 .text.DMA1_Channel2_IRQHandler
                0x0000000008000f6c       0x14 Core/Src/stm32l1xx_it.o
                0x0000000008000f6c                DMA1_Channel2_IRQHandler
 .text.DMA1_Channel3_IRQHandler
                0x0000000008000f80       0x14 Core/Src/stm32l1xx_it.o
                0x0000000008000f80                DMA1_Channel3_IRQHandler
 .text.DMA1_Channel4_IRQHandler
                0x0000000008000f94       0x14 Core/Src/stm32l1xx_it.o
                0x0000000008000f94                DMA1_Channel4_IRQHandler
 .text._read    0x0000000008000fa8       0x3a Core/Src/syscalls.o
                0x0000000008000fa8                _read
 .text._write   0x0000000008000fe2       0x38 Core/Src/syscalls.o
                0x0000000008000fe2                _write
 .text._close   0x000000000800101a       0x16 Core/Src/syscalls.o
                0x000000000800101a                _close
 .text._fstat   0x0000000008001030       0x1e Core/Src/syscalls.o
                0x0000000008001030                _fstat
 .text._isatty  0x000000000800104e       0x14 Core/Src/syscalls.o
                0x000000000800104e                _isatty
 .text._lseek   0x0000000008001062       0x18 Core/Src/syscalls.o
                0x0000000008001062                _lseek
 *fill*         0x000000000800107a        0x2 
 .text._sbrk    0x000000000800107c       0x58 Core/Src/sysmem.o
                0x000000000800107c                _sbrk
 .text.SystemInit
                0x00000000080010d4       0x68 Core/Src/system_stm32l1xx.o
                0x00000000080010d4                SystemInit
 .text.MX_USART1_UART_Init
                0x000000000800113c       0x54 Core/Src/usart.o
                0x000000000800113c                MX_USART1_UART_Init
 .text.HAL_UART_MspInit
                0x0000000008001190       0xdc Core/Src/usart.o
                0x0000000008001190                HAL_UART_MspInit
 .text.Reset_Handler
                0x000000000800126c       0x48 Core/Startup/startup_stm32l151cbux.o
                0x000000000800126c                Reset_Handler
 .text.Default_Handler
                0x00000000080012b4        0x2 Core/Startup/startup_stm32l151cbux.o
                0x00000000080012b4                RTC_Alarm_IRQHandler
                0x00000000080012b4                EXTI2_IRQHandler
                0x00000000080012b4                TIM10_IRQHandler
                0x00000000080012b4                USB_HP_IRQHandler
                0x00000000080012b4                TIM6_IRQHandler
                0x00000000080012b4                PVD_IRQHandler
                0x00000000080012b4                EXTI3_IRQHandler
                0x00000000080012b4                I2C2_EV_IRQHandler
                0x00000000080012b4                SPI1_IRQHandler
                0x00000000080012b4                USB_FS_WKUP_IRQHandler
                0x00000000080012b4                ADC1_IRQHandler
                0x00000000080012b4                USART3_IRQHandler
                0x00000000080012b4                DMA1_Channel7_IRQHandler
                0x00000000080012b4                TIM4_IRQHandler
                0x00000000080012b4                I2C1_EV_IRQHandler
                0x00000000080012b4                DMA1_Channel6_IRQHandler
                0x00000000080012b4                TIM3_IRQHandler
                0x00000000080012b4                RCC_IRQHandler
                0x00000000080012b4                DMA1_Channel1_IRQHandler
                0x00000000080012b4                Default_Handler
                0x00000000080012b4                EXTI15_10_IRQHandler
                0x00000000080012b4                TIM7_IRQHandler
                0x00000000080012b4                EXTI9_5_IRQHandler
                0x00000000080012b4                TIM9_IRQHandler
                0x00000000080012b4                TAMPER_STAMP_IRQHandler
                0x00000000080012b4                RTC_WKUP_IRQHandler
                0x00000000080012b4                SPI2_IRQHandler
                0x00000000080012b4                DMA1_Channel5_IRQHandler
                0x00000000080012b4                USB_LP_IRQHandler
                0x00000000080012b4                EXTI4_IRQHandler
                0x00000000080012b4                COMP_IRQHandler
                0x00000000080012b4                WWDG_IRQHandler
                0x00000000080012b4                TIM2_IRQHandler
                0x00000000080012b4                DAC_IRQHandler
                0x00000000080012b4                EXTI1_IRQHandler
                0x00000000080012b4                TIM11_IRQHandler
                0x00000000080012b4                USART2_IRQHandler
                0x00000000080012b4                I2C2_ER_IRQHandler
                0x00000000080012b4                FLASH_IRQHandler
                0x00000000080012b4                USART1_IRQHandler
                0x00000000080012b4                I2C1_ER_IRQHandler
 .text.HAL_Init
                0x00000000080012b6       0x30 Drivers/STM32L1xx_HAL_Driver/Src/stm32l1xx_hal.o
                0x00000000080012b6                HAL_Init
 *fill*         0x00000000080012e6        0x2 
 .text.HAL_InitTick
                0x00000000080012e8       0x74 Drivers/STM32L1xx_HAL_Driver/Src/stm32l1xx_hal.o
                0x00000000080012e8                HAL_InitTick
 .text.HAL_IncTick
                0x000000000800135c       0x24 Drivers/STM32L1xx_HAL_Driver/Src/stm32l1xx_hal.o
                0x000000000800135c                HAL_IncTick
 .text.HAL_GetTick
                0x0000000008001380       0x14 Drivers/STM32L1xx_HAL_Driver/Src/stm32l1xx_hal.o
                0x0000000008001380                HAL_GetTick
 .text.HAL_Delay
                0x0000000008001394       0x44 Drivers/STM32L1xx_HAL_Driver/Src/stm32l1xx_hal.o
                0x0000000008001394                HAL_Delay
 .text.__NVIC_SetPriorityGrouping
                0x00000000080013d8       0x48 Drivers/STM32L1xx_HAL_Driver/Src/stm32l1xx_hal_cortex.o
 .text.__NVIC_GetPriorityGrouping
                0x0000000008001420       0x1c Drivers/STM32L1xx_HAL_Driver/Src/stm32l1xx_hal_cortex.o
 .text.__NVIC_EnableIRQ
                0x000000000800143c       0x38 Drivers/STM32L1xx_HAL_Driver/Src/stm32l1xx_hal_cortex.o
 .text.__NVIC_SetPriority
                0x0000000008001474       0x54 Drivers/STM32L1xx_HAL_Driver/Src/stm32l1xx_hal_cortex.o
 .text.NVIC_EncodePriority
                0x00000000080014c8       0x64 Drivers/STM32L1xx_HAL_Driver/Src/stm32l1xx_hal_cortex.o
 .text.SysTick_Config
                0x000000000800152c       0x44 Drivers/STM32L1xx_HAL_Driver/Src/stm32l1xx_hal_cortex.o
 .text.HAL_NVIC_SetPriorityGrouping
                0x0000000008001570       0x16 Drivers/STM32L1xx_HAL_Driver/Src/stm32l1xx_hal_cortex.o
                0x0000000008001570                HAL_NVIC_SetPriorityGrouping
 .text.HAL_NVIC_SetPriority
                0x0000000008001586       0x38 Drivers/STM32L1xx_HAL_Driver/Src/stm32l1xx_hal_cortex.o
                0x0000000008001586                HAL_NVIC_SetPriority
 .text.HAL_NVIC_EnableIRQ
                0x00000000080015be       0x1c Drivers/STM32L1xx_HAL_Driver/Src/stm32l1xx_hal_cortex.o
                0x00000000080015be                HAL_NVIC_EnableIRQ
 .text.HAL_SYSTICK_Config
                0x00000000080015da       0x18 Drivers/STM32L1xx_HAL_Driver/Src/stm32l1xx_hal_cortex.o
                0x00000000080015da                HAL_SYSTICK_Config
 *fill*         0x00000000080015f2        0x2 
 .text.HAL_DMA_Init
                0x00000000080015f4       0xb0 Drivers/STM32L1xx_HAL_Driver/Src/stm32l1xx_hal_dma.o
                0x00000000080015f4                HAL_DMA_Init
 .text.HAL_DMA_Start_IT
                0x00000000080016a4       0xc0 Drivers/STM32L1xx_HAL_Driver/Src/stm32l1xx_hal_dma.o
                0x00000000080016a4                HAL_DMA_Start_IT
 .text.HAL_DMA_IRQHandler
                0x0000000008001764      0x15e Drivers/STM32L1xx_HAL_Driver/Src/stm32l1xx_hal_dma.o
                0x0000000008001764                HAL_DMA_IRQHandler
 .text.DMA_SetConfig
                0x00000000080018c2       0x5e Drivers/STM32L1xx_HAL_Driver/Src/stm32l1xx_hal_dma.o
 .text.HAL_GPIO_Init
                0x0000000008001920      0x2fc Drivers/STM32L1xx_HAL_Driver/Src/stm32l1xx_hal_gpio.o
                0x0000000008001920                HAL_GPIO_Init
 .text.HAL_GPIO_ReadPin
                0x0000000008001c1c       0x2e Drivers/STM32L1xx_HAL_Driver/Src/stm32l1xx_hal_gpio.o
                0x0000000008001c1c                HAL_GPIO_ReadPin
 .text.HAL_GPIO_WritePin
                0x0000000008001c4a       0x30 Drivers/STM32L1xx_HAL_Driver/Src/stm32l1xx_hal_gpio.o
                0x0000000008001c4a                HAL_GPIO_WritePin
 *fill*         0x0000000008001c7a        0x2 
 .text.HAL_GPIO_EXTI_IRQHandler
                0x0000000008001c7c       0x30 Drivers/STM32L1xx_HAL_Driver/Src/stm32l1xx_hal_gpio.o
                0x0000000008001c7c                HAL_GPIO_EXTI_IRQHandler
 .text.HAL_GPIO_EXTI_Callback
                0x0000000008001cac       0x14 Drivers/STM32L1xx_HAL_Driver/Src/stm32l1xx_hal_gpio.o
                0x0000000008001cac                HAL_GPIO_EXTI_Callback
 .text.HAL_IWDG_Init
                0x0000000008001cc0       0x72 Drivers/STM32L1xx_HAL_Driver/Src/stm32l1xx_hal_iwdg.o
                0x0000000008001cc0                HAL_IWDG_Init
 .text.HAL_IWDG_Refresh
                0x0000000008001d32       0x1e Drivers/STM32L1xx_HAL_Driver/Src/stm32l1xx_hal_iwdg.o
                0x0000000008001d32                HAL_IWDG_Refresh
 .text.HAL_RCC_OscConfig
                0x0000000008001d50      0x660 Drivers/STM32L1xx_HAL_Driver/Src/stm32l1xx_hal_rcc.o
                0x0000000008001d50                HAL_RCC_OscConfig
 .text.HAL_RCC_ClockConfig
                0x00000000080023b0      0x268 Drivers/STM32L1xx_HAL_Driver/Src/stm32l1xx_hal_rcc.o
                0x00000000080023b0                HAL_RCC_ClockConfig
 .text.HAL_RCC_GetSysClockFreq
                0x0000000008002618       0xb0 Drivers/STM32L1xx_HAL_Driver/Src/stm32l1xx_hal_rcc.o
                0x0000000008002618                HAL_RCC_GetSysClockFreq
 .text.HAL_RCC_GetHCLKFreq
                0x00000000080026c8       0x14 Drivers/STM32L1xx_HAL_Driver/Src/stm32l1xx_hal_rcc.o
                0x00000000080026c8                HAL_RCC_GetHCLKFreq
 .text.HAL_RCC_GetPCLK1Freq
                0x00000000080026dc       0x28 Drivers/STM32L1xx_HAL_Driver/Src/stm32l1xx_hal_rcc.o
                0x00000000080026dc                HAL_RCC_GetPCLK1Freq
 .text.HAL_RCC_GetPCLK2Freq
                0x0000000008002704       0x28 Drivers/STM32L1xx_HAL_Driver/Src/stm32l1xx_hal_rcc.o
                0x0000000008002704                HAL_RCC_GetPCLK2Freq
 .text.RCC_SetFlashLatencyFromMSIRange
                0x000000000800272c       0xc0 Drivers/STM32L1xx_HAL_Driver/Src/stm32l1xx_hal_rcc.o
 .text.HAL_SPI_Init
                0x00000000080027ec       0xb2 Drivers/STM32L1xx_HAL_Driver/Src/stm32l1xx_hal_spi.o
                0x00000000080027ec                HAL_SPI_Init
 *fill*         0x000000000800289e        0x2 
 .text.HAL_SPI_Transmit_DMA
                0x00000000080028a0      0x15c Drivers/STM32L1xx_HAL_Driver/Src/stm32l1xx_hal_spi.o
                0x00000000080028a0                HAL_SPI_Transmit_DMA
 .text.HAL_SPI_TransmitReceive_DMA
                0x00000000080029fc      0x204 Drivers/STM32L1xx_HAL_Driver/Src/stm32l1xx_hal_spi.o
                0x00000000080029fc                HAL_SPI_TransmitReceive_DMA
 .text.HAL_SPI_TxCpltCallback
                0x0000000008002c00       0x12 Drivers/STM32L1xx_HAL_Driver/Src/stm32l1xx_hal_spi.o
                0x0000000008002c00                HAL_SPI_TxCpltCallback
 .text.HAL_SPI_RxCpltCallback
                0x0000000008002c12       0x12 Drivers/STM32L1xx_HAL_Driver/Src/stm32l1xx_hal_spi.o
                0x0000000008002c12                HAL_SPI_RxCpltCallback
 .text.HAL_SPI_TxRxCpltCallback
                0x0000000008002c24       0x12 Drivers/STM32L1xx_HAL_Driver/Src/stm32l1xx_hal_spi.o
                0x0000000008002c24                HAL_SPI_TxRxCpltCallback
 .text.HAL_SPI_TxHalfCpltCallback
                0x0000000008002c36       0x12 Drivers/STM32L1xx_HAL_Driver/Src/stm32l1xx_hal_spi.o
                0x0000000008002c36                HAL_SPI_TxHalfCpltCallback
 .text.HAL_SPI_RxHalfCpltCallback
                0x0000000008002c48       0x12 Drivers/STM32L1xx_HAL_Driver/Src/stm32l1xx_hal_spi.o
                0x0000000008002c48                HAL_SPI_RxHalfCpltCallback
 .text.HAL_SPI_TxRxHalfCpltCallback
                0x0000000008002c5a       0x12 Drivers/STM32L1xx_HAL_Driver/Src/stm32l1xx_hal_spi.o
                0x0000000008002c5a                HAL_SPI_TxRxHalfCpltCallback
 .text.HAL_SPI_ErrorCallback
                0x0000000008002c6c       0x12 Drivers/STM32L1xx_HAL_Driver/Src/stm32l1xx_hal_spi.o
                0x0000000008002c6c                HAL_SPI_ErrorCallback
 .text.SPI_DMATransmitCplt
                0x0000000008002c7e       0xa6 Drivers/STM32L1xx_HAL_Driver/Src/stm32l1xx_hal_spi.o
 .text.SPI_DMAReceiveCplt
                0x0000000008002d24       0x82 Drivers/STM32L1xx_HAL_Driver/Src/stm32l1xx_hal_spi.o
 .text.SPI_DMATransmitReceiveCplt
                0x0000000008002da6       0x8e Drivers/STM32L1xx_HAL_Driver/Src/stm32l1xx_hal_spi.o
 .text.SPI_DMAHalfTransmitCplt
                0x0000000008002e34       0x1c Drivers/STM32L1xx_HAL_Driver/Src/stm32l1xx_hal_spi.o
 .text.SPI_DMAHalfReceiveCplt
                0x0000000008002e50       0x1c Drivers/STM32L1xx_HAL_Driver/Src/stm32l1xx_hal_spi.o
 .text.SPI_DMAHalfTransmitReceiveCplt
                0x0000000008002e6c       0x1c Drivers/STM32L1xx_HAL_Driver/Src/stm32l1xx_hal_spi.o
 .text.SPI_DMAError
                0x0000000008002e88       0x40 Drivers/STM32L1xx_HAL_Driver/Src/stm32l1xx_hal_spi.o
 .text.SPI_WaitFlagStateUntilTimeout
                0x0000000008002ec8       0xd4 Drivers/STM32L1xx_HAL_Driver/Src/stm32l1xx_hal_spi.o
 .text.SPI_EndRxTransaction
                0x0000000008002f9c       0xca Drivers/STM32L1xx_HAL_Driver/Src/stm32l1xx_hal_spi.o
 .text.SPI_EndRxTxTransaction
                0x0000000008003066       0x78 Drivers/STM32L1xx_HAL_Driver/Src/stm32l1xx_hal_spi.o
 .text.HAL_UART_Init
                0x00000000080030de       0x9a Drivers/STM32L1xx_HAL_Driver/Src/stm32l1xx_hal_uart.o
                0x00000000080030de                HAL_UART_Init
 .text.HAL_UART_Transmit
                0x0000000008003178      0x132 Drivers/STM32L1xx_HAL_Driver/Src/stm32l1xx_hal_uart.o
                0x0000000008003178                HAL_UART_Transmit
 .text.UART_WaitOnFlagUntilTimeout
                0x00000000080032aa       0x94 Drivers/STM32L1xx_HAL_Driver/Src/stm32l1xx_hal_uart.o
 *fill*         0x000000000800333e        0x2 
 .text.UART_SetConfig
                0x0000000008003340      0x310 Drivers/STM32L1xx_HAL_Driver/Src/stm32l1xx_hal_uart.o
 .text.__errno  0x0000000008003650        0xc c:/program files (x86)/stmicroelectronics/stm32cubeide_1.1.0/stm32cubeide/plugins/com.st.stm32cube.ide.mcu.externaltools.gnu-tools-for-stm32.7-2018-q2-update.win32_1.0.0.201904181610/tools/bin/../lib/gcc/arm-none-eabi/7.3.1/../../../../arm-none-eabi/lib/thumb/v7-m\libc_nano.a(lib_a-errno.o)
                0x0000000008003650                __errno
 .text.__libc_init_array
                0x000000000800365c       0x48 c:/program files (x86)/stmicroelectronics/stm32cubeide_1.1.0/stm32cubeide/plugins/com.st.stm32cube.ide.mcu.externaltools.gnu-tools-for-stm32.7-2018-q2-update.win32_1.0.0.201904181610/tools/bin/../lib/gcc/arm-none-eabi/7.3.1/../../../../arm-none-eabi/lib/thumb/v7-m\libc_nano.a(lib_a-init.o)
                0x000000000800365c                __libc_init_array
 .text.memcpy   0x00000000080036a4       0x16 c:/program files (x86)/stmicroelectronics/stm32cubeide_1.1.0/stm32cubeide/plugins/com.st.stm32cube.ide.mcu.externaltools.gnu-tools-for-stm32.7-2018-q2-update.win32_1.0.0.201904181610/tools/bin/../lib/gcc/arm-none-eabi/7.3.1/../../../../arm-none-eabi/lib/thumb/v7-m\libc_nano.a(lib_a-memcpy-stub.o)
                0x00000000080036a4                memcpy
 .text.memset   0x00000000080036ba       0x10 c:/program files (x86)/stmicroelectronics/stm32cubeide_1.1.0/stm32cubeide/plugins/com.st.stm32cube.ide.mcu.externaltools.gnu-tools-for-stm32.7-2018-q2-update.win32_1.0.0.201904181610/tools/bin/../lib/gcc/arm-none-eabi/7.3.1/../../../../arm-none-eabi/lib/thumb/v7-m\libc_nano.a(lib_a-memset.o)
                0x00000000080036ba                memset
 *fill*         0x00000000080036ca        0x2 
 .text.printf   0x00000000080036cc       0x30 c:/program files (x86)/stmicroelectronics/stm32cubeide_1.1.0/stm32cubeide/plugins/com.st.stm32cube.ide.mcu.externaltools.gnu-tools-for-stm32.7-2018-q2-update.win32_1.0.0.201904181610/tools/bin/../lib/gcc/arm-none-eabi/7.3.1/../../../../arm-none-eabi/lib/thumb/v7-m\libc_nano.a(lib_a-printf.o)
                0x00000000080036cc                iprintf
                0x00000000080036cc                printf
 .text._puts_r  0x00000000080036fc       0xb8 c:/program files (x86)/stmicroelectronics/stm32cubeide_1.1.0/stm32cubeide/plugins/com.st.stm32cube.ide.mcu.externaltools.gnu-tools-for-stm32.7-2018-q2-update.win32_1.0.0.201904181610/tools/bin/../lib/gcc/arm-none-eabi/7.3.1/../../../../arm-none-eabi/lib/thumb/v7-m\libc_nano.a(lib_a-puts.o)
                0x00000000080036fc                _puts_r
 .text.puts     0x00000000080037b4       0x10 c:/program files (x86)/stmicroelectronics/stm32cubeide_1.1.0/stm32cubeide/plugins/com.st.stm32cube.ide.mcu.externaltools.gnu-tools-for-stm32.7-2018-q2-update.win32_1.0.0.201904181610/tools/bin/../lib/gcc/arm-none-eabi/7.3.1/../../../../arm-none-eabi/lib/thumb/v7-m\libc_nano.a(lib_a-puts.o)
                0x00000000080037b4                puts
 .text.__swbuf_r
                0x00000000080037c4       0xa4 c:/program files (x86)/stmicroelectronics/stm32cubeide_1.1.0/stm32cubeide/plugins/com.st.stm32cube.ide.mcu.externaltools.gnu-tools-for-stm32.7-2018-q2-update.win32_1.0.0.201904181610/tools/bin/../lib/gcc/arm-none-eabi/7.3.1/../../../../arm-none-eabi/lib/thumb/v7-m\libc_nano.a(lib_a-wbuf.o)
                0x00000000080037c4                __swbuf_r
 .text.__swsetup_r
                0x0000000008003868       0xdc c:/program files (x86)/stmicroelectronics/stm32cubeide_1.1.0/stm32cubeide/plugins/com.st.stm32cube.ide.mcu.externaltools.gnu-tools-for-stm32.7-2018-q2-update.win32_1.0.0.201904181610/tools/bin/../lib/gcc/arm-none-eabi/7.3.1/../../../../arm-none-eabi/lib/thumb/v7-m\libc_nano.a(lib_a-wsetup.o)
                0x0000000008003868                __swsetup_r
 .text.__sflush_r
                0x0000000008003944      0x10c c:/program files (x86)/stmicroelectronics/stm32cubeide_1.1.0/stm32cubeide/plugins/com.st.stm32cube.ide.mcu.externaltools.gnu-tools-for-stm32.7-2018-q2-update.win32_1.0.0.201904181610/tools/bin/../lib/gcc/arm-none-eabi/7.3.1/../../../../arm-none-eabi/lib/thumb/v7-m\libc_nano.a(lib_a-fflush.o)
                0x0000000008003944                __sflush_r
 .text._fflush_r
                0x0000000008003a50       0x54 c:/program files (x86)/stmicroelectronics/stm32cubeide_1.1.0/stm32cubeide/plugins/com.st.stm32cube.ide.mcu.externaltools.gnu-tools-for-stm32.7-2018-q2-update.win32_1.0.0.201904181610/tools/bin/../lib/gcc/arm-none-eabi/7.3.1/../../../../arm-none-eabi/lib/thumb/v7-m\libc_nano.a(lib_a-fflush.o)
                0x0000000008003a50                _fflush_r
 .text.std      0x0000000008003aa4       0x48 c:/program files (x86)/stmicroelectronics/stm32cubeide_1.1.0/stm32cubeide/plugins/com.st.stm32cube.ide.mcu.externaltools.gnu-tools-for-stm32.7-2018-q2-update.win32_1.0.0.201904181610/tools/bin/../lib/gcc/arm-none-eabi/7.3.1/../../../../arm-none-eabi/lib/thumb/v7-m\libc_nano.a(lib_a-findfp.o)
 .text._cleanup_r
                0x0000000008003aec        0xc c:/program files (x86)/stmicroelectronics/stm32cubeide_1.1.0/stm32cubeide/plugins/com.st.stm32cube.ide.mcu.externaltools.gnu-tools-for-stm32.7-2018-q2-update.win32_1.0.0.201904181610/tools/bin/../lib/gcc/arm-none-eabi/7.3.1/../../../../arm-none-eabi/lib/thumb/v7-m\libc_nano.a(lib_a-findfp.o)
                0x0000000008003aec                _cleanup_r
 .text.__sfmoreglue
                0x0000000008003af8       0x2c c:/program files (x86)/stmicroelectronics/stm32cubeide_1.1.0/stm32cubeide/plugins/com.st.stm32cube.ide.mcu.externaltools.gnu-tools-for-stm32.7-2018-q2-update.win32_1.0.0.201904181610/tools/bin/../lib/gcc/arm-none-eabi/7.3.1/../../../../arm-none-eabi/lib/thumb/v7-m\libc_nano.a(lib_a-findfp.o)
                0x0000000008003af8                __sfmoreglue
 .text.__sinit  0x0000000008003b24       0x60 c:/program files (x86)/stmicroelectronics/stm32cubeide_1.1.0/stm32cubeide/plugins/com.st.stm32cube.ide.mcu.externaltools.gnu-tools-for-stm32.7-2018-q2-update.win32_1.0.0.201904181610/tools/bin/../lib/gcc/arm-none-eabi/7.3.1/../../../../arm-none-eabi/lib/thumb/v7-m\libc_nano.a(lib_a-findfp.o)
                0x0000000008003b24                __sinit
 .text.__sfp    0x0000000008003b84       0x78 c:/program files (x86)/stmicroelectronics/stm32cubeide_1.1.0/stm32cubeide/plugins/com.st.stm32cube.ide.mcu.externaltools.gnu-tools-for-stm32.7-2018-q2-update.win32_1.0.0.201904181610/tools/bin/../lib/gcc/arm-none-eabi/7.3.1/../../../../arm-none-eabi/lib/thumb/v7-m\libc_nano.a(lib_a-findfp.o)
                0x0000000008003b84                __sfp
 .text._fwalk_reent
                0x0000000008003bfc       0x3c c:/program files (x86)/stmicroelectronics/stm32cubeide_1.1.0/stm32cubeide/plugins/com.st.stm32cube.ide.mcu.externaltools.gnu-tools-for-stm32.7-2018-q2-update.win32_1.0.0.201904181610/tools/bin/../lib/gcc/arm-none-eabi/7.3.1/../../../../arm-none-eabi/lib/thumb/v7-m\libc_nano.a(lib_a-fwalk.o)
                0x0000000008003bfc                _fwalk_reent
 .text.__swhatbuf_r
                0x0000000008003c38       0x48 c:/program files (x86)/stmicroelectronics/stm32cubeide_1.1.0/stm32cubeide/plugins/com.st.stm32cube.ide.mcu.externaltools.gnu-tools-for-stm32.7-2018-q2-update.win32_1.0.0.201904181610/tools/bin/../lib/gcc/arm-none-eabi/7.3.1/../../../../arm-none-eabi/lib/thumb/v7-m\libc_nano.a(lib_a-makebuf.o)
                0x0000000008003c38                __swhatbuf_r
 .text.__smakebuf_r
                0x0000000008003c80       0x80 c:/program files (x86)/stmicroelectronics/stm32cubeide_1.1.0/stm32cubeide/plugins/com.st.stm32cube.ide.mcu.externaltools.gnu-tools-for-stm32.7-2018-q2-update.win32_1.0.0.201904181610/tools/bin/../lib/gcc/arm-none-eabi/7.3.1/../../../../arm-none-eabi/lib/thumb/v7-m\libc_nano.a(lib_a-makebuf.o)
                0x0000000008003c80                __smakebuf_r
 .text._free_r  0x0000000008003d00       0x98 c:/program files (x86)/stmicroelectronics/stm32cubeide_1.1.0/stm32cubeide/plugins/com.st.stm32cube.ide.mcu.externaltools.gnu-tools-for-stm32.7-2018-q2-update.win32_1.0.0.201904181610/tools/bin/../lib/gcc/arm-none-eabi/7.3.1/../../../../arm-none-eabi/lib/thumb/v7-m\libc_nano.a(lib_a-nano-freer.o)
                0x0000000008003d00                _free_r
 .text._malloc_r
                0x0000000008003d98       0xb4 c:/program files (x86)/stmicroelectronics/stm32cubeide_1.1.0/stm32cubeide/plugins/com.st.stm32cube.ide.mcu.externaltools.gnu-tools-for-stm32.7-2018-q2-update.win32_1.0.0.201904181610/tools/bin/../lib/gcc/arm-none-eabi/7.3.1/../../../../arm-none-eabi/lib/thumb/v7-m\libc_nano.a(lib_a-nano-mallocr.o)
                0x0000000008003d98                _malloc_r
 .text.__sfputc_r
                0x0000000008003e4c       0x2a c:/program files (x86)/stmicroelectronics/stm32cubeide_1.1.0/stm32cubeide/plugins/com.st.stm32cube.ide.mcu.externaltools.gnu-tools-for-stm32.7-2018-q2-update.win32_1.0.0.201904181610/tools/bin/../lib/gcc/arm-none-eabi/7.3.1/../../../../arm-none-eabi/lib/thumb/v7-m\libc_nano.a(lib_a-nano-vfprintf.o)
 .text.__sfputs_r
                0x0000000008003e76       0x24 c:/program files (x86)/stmicroelectronics/stm32cubeide_1.1.0/stm32cubeide/plugins/com.st.stm32cube.ide.mcu.externaltools.gnu-tools-for-stm32.7-2018-q2-update.win32_1.0.0.201904181610/tools/bin/../lib/gcc/arm-none-eabi/7.3.1/../../../../arm-none-eabi/lib/thumb/v7-m\libc_nano.a(lib_a-nano-vfprintf.o)
                0x0000000008003e76                __sfputs_r
 *fill*         0x0000000008003e9a        0x2 
 .text._vfprintf_r
                0x0000000008003e9c      0x22c c:/program files (x86)/stmicroelectronics/stm32cubeide_1.1.0/stm32cubeide/plugins/com.st.stm32cube.ide.mcu.externaltools.gnu-tools-for-stm32.7-2018-q2-update.win32_1.0.0.201904181610/tools/bin/../lib/gcc/arm-none-eabi/7.3.1/../../../../arm-none-eabi/lib/thumb/v7-m\libc_nano.a(lib_a-nano-vfprintf.o)
                0x0000000008003e9c                _vfprintf_r
                0x0000000008003e9c                _vfiprintf_r
 .text._printf_common
                0x00000000080040c8       0xec c:/program files (x86)/stmicroelectronics/stm32cubeide_1.1.0/stm32cubeide/plugins/com.st.stm32cube.ide.mcu.externaltools.gnu-tools-for-stm32.7-2018-q2-update.win32_1.0.0.201904181610/tools/bin/../lib/gcc/arm-none-eabi/7.3.1/../../../../arm-none-eabi/lib/thumb/v7-m\libc_nano.a(lib_a-nano-vfprintf_i.o)
                0x00000000080040c8                _printf_common
 .text._printf_i
                0x00000000080041b4      0x224 c:/program files (x86)/stmicroelectronics/stm32cubeide_1.1.0/stm32cubeide/plugins/com.st.stm32cube.ide.mcu.externaltools.gnu-tools-for-stm32.7-2018-q2-update.win32_1.0.0.201904181610/tools/bin/../lib/gcc/arm-none-eabi/7.3.1/../../../../arm-none-eabi/lib/thumb/v7-m\libc_nano.a(lib_a-nano-vfprintf_i.o)
                0x00000000080041b4                _printf_i
 .text._sbrk_r  0x00000000080043d8       0x20 c:/program files (x86)/stmicroelectronics/stm32cubeide_1.1.0/stm32cubeide/plugins/com.st.stm32cube.ide.mcu.externaltools.gnu-tools-for-stm32.7-2018-q2-update.win32_1.0.0.201904181610/tools/bin/../lib/gcc/arm-none-eabi/7.3.1/../../../../arm-none-eabi/lib/thumb/v7-m\libc_nano.a(lib_a-sbrkr.o)
                0x00000000080043d8                _sbrk_r
 .text.__sread  0x00000000080043f8       0x22 c:/program files (x86)/stmicroelectronics/stm32cubeide_1.1.0/stm32cubeide/plugins/com.st.stm32cube.ide.mcu.externaltools.gnu-tools-for-stm32.7-2018-q2-update.win32_1.0.0.201904181610/tools/bin/../lib/gcc/arm-none-eabi/7.3.1/../../../../arm-none-eabi/lib/thumb/v7-m\libc_nano.a(lib_a-stdio.o)
                0x00000000080043f8                __sread
 .text.__swrite
                0x000000000800441a       0x38 c:/program files (x86)/stmicroelectronics/stm32cubeide_1.1.0/stm32cubeide/plugins/com.st.stm32cube.ide.mcu.externaltools.gnu-tools-for-stm32.7-2018-q2-update.win32_1.0.0.201904181610/tools/bin/../lib/gcc/arm-none-eabi/7.3.1/../../../../arm-none-eabi/lib/thumb/v7-m\libc_nano.a(lib_a-stdio.o)
                0x000000000800441a                __swrite
 .text.__sseek  0x0000000008004452       0x24 c:/program files (x86)/stmicroelectronics/stm32cubeide_1.1.0/stm32cubeide/plugins/com.st.stm32cube.ide.mcu.externaltools.gnu-tools-for-stm32.7-2018-q2-update.win32_1.0.0.201904181610/tools/bin/../lib/gcc/arm-none-eabi/7.3.1/../../../../arm-none-eabi/lib/thumb/v7-m\libc_nano.a(lib_a-stdio.o)
                0x0000000008004452                __sseek
 .text.__sclose
                0x0000000008004476        0x8 c:/program files (x86)/stmicroelectronics/stm32cubeide_1.1.0/stm32cubeide/plugins/com.st.stm32cube.ide.mcu.externaltools.gnu-tools-for-stm32.7-2018-q2-update.win32_1.0.0.201904181610/tools/bin/../lib/gcc/arm-none-eabi/7.3.1/../../../../arm-none-eabi/lib/thumb/v7-m\libc_nano.a(lib_a-stdio.o)
                0x0000000008004476                __sclose
 *fill*         0x000000000800447e        0x2 
 .text._write_r
                0x0000000008004480       0x24 c:/program files (x86)/stmicroelectronics/stm32cubeide_1.1.0/stm32cubeide/plugins/com.st.stm32cube.ide.mcu.externaltools.gnu-tools-for-stm32.7-2018-q2-update.win32_1.0.0.201904181610/tools/bin/../lib/gcc/arm-none-eabi/7.3.1/../../../../arm-none-eabi/lib/thumb/v7-m\libc_nano.a(lib_a-writer.o)
                0x0000000008004480                _write_r
 .text._close_r
                0x00000000080044a4       0x20 c:/program files (x86)/stmicroelectronics/stm32cubeide_1.1.0/stm32cubeide/plugins/com.st.stm32cube.ide.mcu.externaltools.gnu-tools-for-stm32.7-2018-q2-update.win32_1.0.0.201904181610/tools/bin/../lib/gcc/arm-none-eabi/7.3.1/../../../../arm-none-eabi/lib/thumb/v7-m\libc_nano.a(lib_a-closer.o)
                0x00000000080044a4                _close_r
 .text._fstat_r
                0x00000000080044c4       0x24 c:/program files (x86)/stmicroelectronics/stm32cubeide_1.1.0/stm32cubeide/plugins/com.st.stm32cube.ide.mcu.externaltools.gnu-tools-for-stm32.7-2018-q2-update.win32_1.0.0.201904181610/tools/bin/../lib/gcc/arm-none-eabi/7.3.1/../../../../arm-none-eabi/lib/thumb/v7-m\libc_nano.a(lib_a-fstatr.o)
                0x00000000080044c4                _fstat_r
 .text._isatty_r
                0x00000000080044e8       0x20 c:/program files (x86)/stmicroelectronics/stm32cubeide_1.1.0/stm32cubeide/plugins/com.st.stm32cube.ide.mcu.externaltools.gnu-tools-for-stm32.7-2018-q2-update.win32_1.0.0.201904181610/tools/bin/../lib/gcc/arm-none-eabi/7.3.1/../../../../arm-none-eabi/lib/thumb/v7-m\libc_nano.a(lib_a-isattyr.o)
                0x00000000080044e8                _isatty_r
 .text._lseek_r
                0x0000000008004508       0x24 c:/program files (x86)/stmicroelectronics/stm32cubeide_1.1.0/stm32cubeide/plugins/com.st.stm32cube.ide.mcu.externaltools.gnu-tools-for-stm32.7-2018-q2-update.win32_1.0.0.201904181610/tools/bin/../lib/gcc/arm-none-eabi/7.3.1/../../../../arm-none-eabi/lib/thumb/v7-m\libc_nano.a(lib_a-lseekr.o)
                0x0000000008004508                _lseek_r
 .text.memchr   0x000000000800452c       0x1c c:/program files (x86)/stmicroelectronics/stm32cubeide_1.1.0/stm32cubeide/plugins/com.st.stm32cube.ide.mcu.externaltools.gnu-tools-for-stm32.7-2018-q2-update.win32_1.0.0.201904181610/tools/bin/../lib/gcc/arm-none-eabi/7.3.1/../../../../arm-none-eabi/lib/thumb/v7-m\libc_nano.a(lib_a-memchr-stub.o)
                0x000000000800452c                memchr
 .text.__malloc_lock
                0x0000000008004548        0x2 c:/program files (x86)/stmicroelectronics/stm32cubeide_1.1.0/stm32cubeide/plugins/com.st.stm32cube.ide.mcu.externaltools.gnu-tools-for-stm32.7-2018-q2-update.win32_1.0.0.201904181610/tools/bin/../lib/gcc/arm-none-eabi/7.3.1/../../../../arm-none-eabi/lib/thumb/v7-m\libc_nano.a(lib_a-mlock.o)
                0x0000000008004548                __malloc_lock
 .text.__malloc_unlock
                0x000000000800454a        0x2 c:/program files (x86)/stmicroelectronics/stm32cubeide_1.1.0/stm32cubeide/plugins/com.st.stm32cube.ide.mcu.externaltools.gnu-tools-for-stm32.7-2018-q2-update.win32_1.0.0.201904181610/tools/bin/../lib/gcc/arm-none-eabi/7.3.1/../../../../arm-none-eabi/lib/thumb/v7-m\libc_nano.a(lib_a-mlock.o)
                0x000000000800454a                __malloc_unlock
 .text._read_r  0x000000000800454c       0x24 c:/program files (x86)/stmicroelectronics/stm32cubeide_1.1.0/stm32cubeide/plugins/com.st.stm32cube.ide.mcu.externaltools.gnu-tools-for-stm32.7-2018-q2-update.win32_1.0.0.201904181610/tools/bin/../lib/gcc/arm-none-eabi/7.3.1/../../../../arm-none-eabi/lib/thumb/v7-m\libc_nano.a(lib_a-readr.o)
                0x000000000800454c                _read_r
 *(.glue_7)
 .glue_7        0x0000000008004570        0x0 linker stubs
 *(.glue_7t)
 .glue_7t       0x0000000008004570        0x0 linker stubs
 *(.eh_frame)
 .eh_frame      0x0000000008004570        0x0 c:/program files (x86)/stmicroelectronics/stm32cubeide_1.1.0/stm32cubeide/plugins/com.st.stm32cube.ide.mcu.externaltools.gnu-tools-for-stm32.7-2018-q2-update.win32_1.0.0.201904181610/tools/bin/../lib/gcc/arm-none-eabi/7.3.1/thumb/v7-m/crtbegin.o
 *(.init)
 .init          0x0000000008004570        0x4 c:/program files (x86)/stmicroelectronics/stm32cubeide_1.1.0/stm32cubeide/plugins/com.st.stm32cube.ide.mcu.externaltools.gnu-tools-for-stm32.7-2018-q2-update.win32_1.0.0.201904181610/tools/bin/../lib/gcc/arm-none-eabi/7.3.1/thumb/v7-m/crti.o
                0x0000000008004570                _init
 .init          0x0000000008004574        0x8 c:/program files (x86)/stmicroelectronics/stm32cubeide_1.1.0/stm32cubeide/plugins/com.st.stm32cube.ide.mcu.externaltools.gnu-tools-for-stm32.7-2018-q2-update.win32_1.0.0.201904181610/tools/bin/../lib/gcc/arm-none-eabi/7.3.1/thumb/v7-m/crtn.o
 *(.fini)
 .fini          0x000000000800457c        0x4 c:/program files (x86)/stmicroelectronics/stm32cubeide_1.1.0/stm32cubeide/plugins/com.st.stm32cube.ide.mcu.externaltools.gnu-tools-for-stm32.7-2018-q2-update.win32_1.0.0.201904181610/tools/bin/../lib/gcc/arm-none-eabi/7.3.1/thumb/v7-m/crti.o
                0x000000000800457c                _fini
 .fini          0x0000000008004580        0x8 c:/program files (x86)/stmicroelectronics/stm32cubeide_1.1.0/stm32cubeide/plugins/com.st.stm32cube.ide.mcu.externaltools.gnu-tools-for-stm32.7-2018-q2-update.win32_1.0.0.201904181610/tools/bin/../lib/gcc/arm-none-eabi/7.3.1/thumb/v7-m/crtn.o
                0x0000000008004588                . = ALIGN (0x4)
                0x0000000008004588                _etext = .

.vfp11_veneer   0x0000000008004588        0x0
 .vfp11_veneer  0x0000000008004588        0x0 linker stubs

.v4_bx          0x0000000008004588        0x0
 .v4_bx         0x0000000008004588        0x0 linker stubs

.iplt           0x0000000008004588        0x0
 .iplt          0x0000000008004588        0x0 c:/program files (x86)/stmicroelectronics/stm32cubeide_1.1.0/stm32cubeide/plugins/com.st.stm32cube.ide.mcu.externaltools.gnu-tools-for-stm32.7-2018-q2-update.win32_1.0.0.201904181610/tools/bin/../lib/gcc/arm-none-eabi/7.3.1/thumb/v7-m/crtbegin.o

.rodata         0x0000000008004588      0x16c
                0x0000000008004588                . = ALIGN (0x4)
 *(.rodata)
 .rodata        0x0000000008004588       0x91 Core/Src/main.o
 *(.rodata*)
 *fill*         0x0000000008004619        0x3 
 .rodata.SX1278_Frequency
                0x000000000800461c        0x3 Core/Src/SX1278.o
 *fill*         0x000000000800461f        0x1 
 .rodata.SX1278_Power
                0x0000000008004620        0x4 Core/Src/SX1278.o
 .rodata.SX1278_SpreadFactor
                0x0000000008004624        0x7 Core/Src/SX1278.o
 *fill*         0x000000000800462b        0x1 
 .rodata.SX1278_LoRaBandwidth
                0x000000000800462c        0xa Core/Src/SX1278.o
 *fill*         0x0000000008004636        0x2 
 .rodata.PLLMulTable
                0x0000000008004638        0x9 Core/Src/system_stm32l1xx.o
                0x0000000008004638                PLLMulTable
 *fill*         0x0000000008004641        0x3 
 .rodata.AHBPrescTable
                0x0000000008004644       0x10 Core/Src/system_stm32l1xx.o
                0x0000000008004644                AHBPrescTable
 .rodata.APBPrescTable
                0x0000000008004654        0x8 Core/Src/system_stm32l1xx.o
                0x0000000008004654                APBPrescTable
 .rodata._global_impure_ptr
                0x000000000800465c        0x4 c:/program files (x86)/stmicroelectronics/stm32cubeide_1.1.0/stm32cubeide/plugins/com.st.stm32cube.ide.mcu.externaltools.gnu-tools-for-stm32.7-2018-q2-update.win32_1.0.0.201904181610/tools/bin/../lib/gcc/arm-none-eabi/7.3.1/../../../../arm-none-eabi/lib/thumb/v7-m\libc_nano.a(lib_a-impure.o)
                0x000000000800465c                _global_impure_ptr
 .rodata.__sf_fake_stderr
                0x0000000008004660       0x20 c:/program files (x86)/stmicroelectronics/stm32cubeide_1.1.0/stm32cubeide/plugins/com.st.stm32cube.ide.mcu.externaltools.gnu-tools-for-stm32.7-2018-q2-update.win32_1.0.0.201904181610/tools/bin/../lib/gcc/arm-none-eabi/7.3.1/../../../../arm-none-eabi/lib/thumb/v7-m\libc_nano.a(lib_a-findfp.o)
                0x0000000008004660                __sf_fake_stderr
 .rodata.__sf_fake_stdin
                0x0000000008004680       0x20 c:/program files (x86)/stmicroelectronics/stm32cubeide_1.1.0/stm32cubeide/plugins/com.st.stm32cube.ide.mcu.externaltools.gnu-tools-for-stm32.7-2018-q2-update.win32_1.0.0.201904181610/tools/bin/../lib/gcc/arm-none-eabi/7.3.1/../../../../arm-none-eabi/lib/thumb/v7-m\libc_nano.a(lib_a-findfp.o)
                0x0000000008004680                __sf_fake_stdin
 .rodata.__sf_fake_stdout
                0x00000000080046a0       0x20 c:/program files (x86)/stmicroelectronics/stm32cubeide_1.1.0/stm32cubeide/plugins/com.st.stm32cube.ide.mcu.externaltools.gnu-tools-for-stm32.7-2018-q2-update.win32_1.0.0.201904181610/tools/bin/../lib/gcc/arm-none-eabi/7.3.1/../../../../arm-none-eabi/lib/thumb/v7-m\libc_nano.a(lib_a-findfp.o)
                0x00000000080046a0                __sf_fake_stdout
 .rodata._vfprintf_r.str1.1
                0x00000000080046c0       0x11 c:/program files (x86)/stmicroelectronics/stm32cubeide_1.1.0/stm32cubeide/plugins/com.st.stm32cube.ide.mcu.externaltools.gnu-tools-for-stm32.7-2018-q2-update.win32_1.0.0.201904181610/tools/bin/../lib/gcc/arm-none-eabi/7.3.1/../../../../arm-none-eabi/lib/thumb/v7-m\libc_nano.a(lib_a-nano-vfprintf.o)
 .rodata._printf_i.str1.1
                0x00000000080046d1       0x22 c:/program files (x86)/stmicroelectronics/stm32cubeide_1.1.0/stm32cubeide/plugins/com.st.stm32cube.ide.mcu.externaltools.gnu-tools-for-stm32.7-2018-q2-update.win32_1.0.0.201904181610/tools/bin/../lib/gcc/arm-none-eabi/7.3.1/../../../../arm-none-eabi/lib/thumb/v7-m\libc_nano.a(lib_a-nano-vfprintf_i.o)
                0x00000000080046f4                . = ALIGN (0x4)
 *fill*         0x00000000080046f3        0x1 

.rel.dyn        0x00000000080046f4        0x0
 .rel.iplt      0x00000000080046f4        0x0 c:/program files (x86)/stmicroelectronics/stm32cubeide_1.1.0/stm32cubeide/plugins/com.st.stm32cube.ide.mcu.externaltools.gnu-tools-for-stm32.7-2018-q2-update.win32_1.0.0.201904181610/tools/bin/../lib/gcc/arm-none-eabi/7.3.1/thumb/v7-m/crtbegin.o

.ARM.extab      0x00000000080046f4        0x0
                0x00000000080046f4                . = ALIGN (0x4)
 *(.ARM.extab* .gnu.linkonce.armextab.*)
                0x00000000080046f4                . = ALIGN (0x4)

.ARM            0x00000000080046f4        0x0
                0x00000000080046f4                . = ALIGN (0x4)
                0x00000000080046f4                __exidx_start = .
 *(.ARM.exidx*)
                0x00000000080046f4                __exidx_end = .
                0x00000000080046f4                . = ALIGN (0x4)

.preinit_array  0x00000000080046f4        0x0
                0x00000000080046f4                . = ALIGN (0x4)
                0x00000000080046f4                PROVIDE (__preinit_array_start = .)
 *(.preinit_array*)
                0x00000000080046f4                PROVIDE (__preinit_array_end = .)
                0x00000000080046f4                . = ALIGN (0x4)

.init_array     0x00000000080046f4        0x4
                0x00000000080046f4                . = ALIGN (0x4)
                0x00000000080046f4                PROVIDE (__init_array_start = .)
 *(SORT_BY_NAME(.init_array.*))
 *(.init_array*)
 .init_array    0x00000000080046f4        0x4 c:/program files (x86)/stmicroelectronics/stm32cubeide_1.1.0/stm32cubeide/plugins/com.st.stm32cube.ide.mcu.externaltools.gnu-tools-for-stm32.7-2018-q2-update.win32_1.0.0.201904181610/tools/bin/../lib/gcc/arm-none-eabi/7.3.1/thumb/v7-m/crtbegin.o
                0x00000000080046f8                PROVIDE (__init_array_end = .)
                0x00000000080046f8                . = ALIGN (0x4)

.fini_array     0x00000000080046f8        0x4
                0x00000000080046f8                . = ALIGN (0x4)
                [!provide]                        PROVIDE (__fini_array_start = .)
 *(SORT_BY_NAME(.fini_array.*))
 *(.fini_array*)
 .fini_array    0x00000000080046f8        0x4 c:/program files (x86)/stmicroelectronics/stm32cubeide_1.1.0/stm32cubeide/plugins/com.st.stm32cube.ide.mcu.externaltools.gnu-tools-for-stm32.7-2018-q2-update.win32_1.0.0.201904181610/tools/bin/../lib/gcc/arm-none-eabi/7.3.1/thumb/v7-m/crtbegin.o
                [!provide]                        PROVIDE (__fini_array_end = .)
                0x00000000080046fc                . = ALIGN (0x4)
                0x00000000080046fc                _sidata = LOADADDR (.data)

.data           0x0000000020000000       0x70 load address 0x00000000080046fc
                0x0000000020000000                . = ALIGN (0x4)
                0x0000000020000000                _sdata = .
 *(.data)
 *(.data*)
 .data.SystemCoreClock
                0x0000000020000000        0x4 Core/Src/system_stm32l1xx.o
                0x0000000020000000                SystemCoreClock
 .data.uwTickPrio
                0x0000000020000004        0x4 Drivers/STM32L1xx_HAL_Driver/Src/stm32l1xx_hal.o
                0x0000000020000004                uwTickPrio
 .data.uwTickFreq
                0x0000000020000008        0x4 Drivers/STM32L1xx_HAL_Driver/Src/stm32l1xx_hal.o
                0x0000000020000008                uwTickFreq
 .data._impure_ptr
                0x000000002000000c        0x4 c:/program files (x86)/stmicroelectronics/stm32cubeide_1.1.0/stm32cubeide/plugins/com.st.stm32cube.ide.mcu.externaltools.gnu-tools-for-stm32.7-2018-q2-update.win32_1.0.0.201904181610/tools/bin/../lib/gcc/arm-none-eabi/7.3.1/../../../../arm-none-eabi/lib/thumb/v7-m\libc_nano.a(lib_a-impure.o)
                0x000000002000000c                _impure_ptr
 .data.impure_data
                0x0000000020000010       0x60 c:/program files (x86)/stmicroelectronics/stm32cubeide_1.1.0/stm32cubeide/plugins/com.st.stm32cube.ide.mcu.externaltools.gnu-tools-for-stm32.7-2018-q2-update.win32_1.0.0.201904181610/tools/bin/../lib/gcc/arm-none-eabi/7.3.1/../../../../arm-none-eabi/lib/thumb/v7-m\libc_nano.a(lib_a-impure.o)
                0x0000000020000070                . = ALIGN (0x4)
                0x0000000020000070                _edata = .

.igot.plt       0x0000000020000070        0x0 load address 0x000000000800476c
 .igot.plt      0x0000000020000070        0x0 c:/program files (x86)/stmicroelectronics/stm32cubeide_1.1.0/stm32cubeide/plugins/com.st.stm32cube.ide.mcu.externaltools.gnu-tools-for-stm32.7-2018-q2-update.win32_1.0.0.201904181610/tools/bin/../lib/gcc/arm-none-eabi/7.3.1/thumb/v7-m/crtbegin.o
                0x0000000020000070                . = ALIGN (0x4)

.bss            0x0000000020000070      0x368 load address 0x000000000800476c
                0x0000000020000070                _sbss = .
                0x0000000020000070                __bss_start__ = _sbss
 *(.bss)
 .bss           0x0000000020000070       0x1c c:/program files (x86)/stmicroelectronics/stm32cubeide_1.1.0/stm32cubeide/plugins/com.st.stm32cube.ide.mcu.externaltools.gnu-tools-for-stm32.7-2018-q2-update.win32_1.0.0.201904181610/tools/bin/../lib/gcc/arm-none-eabi/7.3.1/thumb/v7-m/crtbegin.o
 *(.bss*)
 .bss.loraRxFlag
                0x000000002000008c        0x1 Core/Src/stm32l1xx_it.o
                0x000000002000008c                loraRxFlag
 *fill*         0x000000002000008d        0x3 
 .bss.heap_end.5149
                0x0000000020000090        0x4 Core/Src/sysmem.o
 .bss.__malloc_free_list
                0x0000000020000094        0x4 c:/program files (x86)/stmicroelectronics/stm32cubeide_1.1.0/stm32cubeide/plugins/com.st.stm32cube.ide.mcu.externaltools.gnu-tools-for-stm32.7-2018-q2-update.win32_1.0.0.201904181610/tools/bin/../lib/gcc/arm-none-eabi/7.3.1/../../../../arm-none-eabi/lib/thumb/v7-m\libc_nano.a(lib_a-nano-mallocr.o)
                0x0000000020000094                __malloc_free_list
 .bss.__malloc_sbrk_start
                0x0000000020000098        0x4 c:/program files (x86)/stmicroelectronics/stm32cubeide_1.1.0/stm32cubeide/plugins/com.st.stm32cube.ide.mcu.externaltools.gnu-tools-for-stm32.7-2018-q2-update.win32_1.0.0.201904181610/tools/bin/../lib/gcc/arm-none-eabi/7.3.1/../../../../arm-none-eabi/lib/thumb/v7-m\libc_nano.a(lib_a-nano-mallocr.o)
                0x0000000020000098                __malloc_sbrk_start
 *(COMMON)
 COMMON         0x000000002000009c      0x128 Core/Src/SX1278.o
                0x000000002000009c                SX1278
                0x00000000200001a8                SX1278_hw
 COMMON         0x00000000200001c4        0xc Core/Src/iwdg.o
                0x00000000200001c4                hiwdg
 COMMON         0x00000000200001d0       0x9b Core/Src/main.o
                0x00000000200001d0                bufferLength
                0x00000000200001d1                RSSI
                0x00000000200001d4                buffer
                0x000000002000026a                error
 *fill*         0x000000002000026b        0x1 
 COMMON         0x000000002000026c       0xe0 Core/Src/spi.o
                0x000000002000026c                hspi1
                0x00000000200002c4                hdma_spi1_rx
                0x0000000020000308                hdma_spi1_tx
 COMMON         0x000000002000034c       0x84 Core/Src/usart.o
                0x000000002000034c                hdma_usart1_tx
                0x0000000020000390                huart1
 COMMON         0x00000000200003d0        0x4 Drivers/STM32L1xx_HAL_Driver/Src/stm32l1xx_hal.o
                0x00000000200003d0                uwTick
 COMMON         0x00000000200003d4        0x4 c:/program files (x86)/stmicroelectronics/stm32cubeide_1.1.0/stm32cubeide/plugins/com.st.stm32cube.ide.mcu.externaltools.gnu-tools-for-stm32.7-2018-q2-update.win32_1.0.0.201904181610/tools/bin/../lib/gcc/arm-none-eabi/7.3.1/../../../../arm-none-eabi/lib/thumb/v7-m\libc_nano.a(lib_a-reent.o)
                0x00000000200003d4                errno
                0x00000000200003d8                . = ALIGN (0x4)
                0x00000000200003d8                _ebss = .
                0x00000000200003d8                __bss_end__ = _ebss

._user_heap_stack
                0x00000000200003d8      0x600 load address 0x000000000800476c
                0x00000000200003d8                . = ALIGN (0x8)
                0x00000000200003d8                PROVIDE (end = .)
                [!provide]                        PROVIDE (_end = .)
                0x00000000200005d8                . = (. + _Min_Heap_Size)
 *fill*         0x00000000200003d8      0x200 
                0x00000000200009d8                . = (. + _Min_Stack_Size)
 *fill*         0x00000000200005d8      0x400 
                0x00000000200009d8                . = ALIGN (0x8)

/DISCARD/
 libc.a(*)
 libm.a(*)
 libgcc.a(*)

.ARM.attributes
                0x0000000000000000       0x29
 *(.ARM.attributes)
 .ARM.attributes
                0x0000000000000000       0x1d c:/program files (x86)/stmicroelectronics/stm32cubeide_1.1.0/stm32cubeide/plugins/com.st.stm32cube.ide.mcu.externaltools.gnu-tools-for-stm32.7-2018-q2-update.win32_1.0.0.201904181610/tools/bin/../lib/gcc/arm-none-eabi/7.3.1/thumb/v7-m/crti.o
 .ARM.attributes
                0x000000000000001d       0x2d c:/program files (x86)/stmicroelectronics/stm32cubeide_1.1.0/stm32cubeide/plugins/com.st.stm32cube.ide.mcu.externaltools.gnu-tools-for-stm32.7-2018-q2-update.win32_1.0.0.201904181610/tools/bin/../lib/gcc/arm-none-eabi/7.3.1/thumb/v7-m/crtbegin.o
 .ARM.attributes
                0x000000000000004a       0x33 Core/Src/SX1278.o
 .ARM.attributes
                0x000000000000007d       0x33 Core/Src/dma.o
 .ARM.attributes
                0x00000000000000b0       0x33 Core/Src/gpio.o
 .ARM.attributes
                0x00000000000000e3       0x33 Core/Src/iwdg.o
 .ARM.attributes
                0x0000000000000116       0x33 Core/Src/main.o
 .ARM.attributes
                0x0000000000000149       0x33 Core/Src/spi.o
 .ARM.attributes
                0x000000000000017c       0x33 Core/Src/stm32l1xx_hal_msp.o
 .ARM.attributes
                0x00000000000001af       0x33 Core/Src/stm32l1xx_it.o
 .ARM.attributes
                0x00000000000001e2       0x33 Core/Src/syscalls.o
 .ARM.attributes
                0x0000000000000215       0x33 Core/Src/sysmem.o
 .ARM.attributes
                0x0000000000000248       0x33 Core/Src/system_stm32l1xx.o
 .ARM.attributes
                0x000000000000027b       0x33 Core/Src/usart.o
 .ARM.attributes
                0x00000000000002ae       0x21 Core/Startup/startup_stm32l151cbux.o
 .ARM.attributes
                0x00000000000002cf       0x33 Drivers/STM32L1xx_HAL_Driver/Src/stm32l1xx_hal.o
 .ARM.attributes
                0x0000000000000302       0x33 Drivers/STM32L1xx_HAL_Driver/Src/stm32l1xx_hal_cortex.o
 .ARM.attributes
                0x0000000000000335       0x33 Drivers/STM32L1xx_HAL_Driver/Src/stm32l1xx_hal_dma.o
 .ARM.attributes
                0x0000000000000368       0x33 Drivers/STM32L1xx_HAL_Driver/Src/stm32l1xx_hal_gpio.o
 .ARM.attributes
                0x000000000000039b       0x33 Drivers/STM32L1xx_HAL_Driver/Src/stm32l1xx_hal_iwdg.o
 .ARM.attributes
                0x00000000000003ce       0x33 Drivers/STM32L1xx_HAL_Driver/Src/stm32l1xx_hal_rcc.o
 .ARM.attributes
                0x0000000000000401       0x33 Drivers/STM32L1xx_HAL_Driver/Src/stm32l1xx_hal_spi.o
 .ARM.attributes
                0x0000000000000434       0x33 Drivers/STM32L1xx_HAL_Driver/Src/stm32l1xx_hal_uart.o
 .ARM.attributes
                0x0000000000000467       0x2d c:/program files (x86)/stmicroelectronics/stm32cubeide_1.1.0/stm32cubeide/plugins/com.st.stm32cube.ide.mcu.externaltools.gnu-tools-for-stm32.7-2018-q2-update.win32_1.0.0.201904181610/tools/bin/../lib/gcc/arm-none-eabi/7.3.1/../../../../arm-none-eabi/lib/thumb/v7-m\libc_nano.a(lib_a-errno.o)
 .ARM.attributes
                0x0000000000000494       0x2d c:/program files (x86)/stmicroelectronics/stm32cubeide_1.1.0/stm32cubeide/plugins/com.st.stm32cube.ide.mcu.externaltools.gnu-tools-for-stm32.7-2018-q2-update.win32_1.0.0.201904181610/tools/bin/../lib/gcc/arm-none-eabi/7.3.1/../../../../arm-none-eabi/lib/thumb/v7-m\libc_nano.a(lib_a-impure.o)
 .ARM.attributes
                0x00000000000004c1       0x2d c:/program files (x86)/stmicroelectronics/stm32cubeide_1.1.0/stm32cubeide/plugins/com.st.stm32cube.ide.mcu.externaltools.gnu-tools-for-stm32.7-2018-q2-update.win32_1.0.0.201904181610/tools/bin/../lib/gcc/arm-none-eabi/7.3.1/../../../../arm-none-eabi/lib/thumb/v7-m\libc_nano.a(lib_a-init.o)
 .ARM.attributes
                0x00000000000004ee       0x2d c:/program files (x86)/stmicroelectronics/stm32cubeide_1.1.0/stm32cubeide/plugins/com.st.stm32cube.ide.mcu.externaltools.gnu-tools-for-stm32.7-2018-q2-update.win32_1.0.0.201904181610/tools/bin/../lib/gcc/arm-none-eabi/7.3.1/../../../../arm-none-eabi/lib/thumb/v7-m\libc_nano.a(lib_a-memcpy-stub.o)
 .ARM.attributes
                0x000000000000051b       0x2d c:/program files (x86)/stmicroelectronics/stm32cubeide_1.1.0/stm32cubeide/plugins/com.st.stm32cube.ide.mcu.externaltools.gnu-tools-for-stm32.7-2018-q2-update.win32_1.0.0.201904181610/tools/bin/../lib/gcc/arm-none-eabi/7.3.1/../../../../arm-none-eabi/lib/thumb/v7-m\libc_nano.a(lib_a-memset.o)
 .ARM.attributes
                0x0000000000000548       0x2d c:/program files (x86)/stmicroelectronics/stm32cubeide_1.1.0/stm32cubeide/plugins/com.st.stm32cube.ide.mcu.externaltools.gnu-tools-for-stm32.7-2018-q2-update.win32_1.0.0.201904181610/tools/bin/../lib/gcc/arm-none-eabi/7.3.1/../../../../arm-none-eabi/lib/thumb/v7-m\libc_nano.a(lib_a-printf.o)
 .ARM.attributes
                0x0000000000000575       0x2d c:/program files (x86)/stmicroelectronics/stm32cubeide_1.1.0/stm32cubeide/plugins/com.st.stm32cube.ide.mcu.externaltools.gnu-tools-for-stm32.7-2018-q2-update.win32_1.0.0.201904181610/tools/bin/../lib/gcc/arm-none-eabi/7.3.1/../../../../arm-none-eabi/lib/thumb/v7-m\libc_nano.a(lib_a-puts.o)
 .ARM.attributes
                0x00000000000005a2       0x2d c:/program files (x86)/stmicroelectronics/stm32cubeide_1.1.0/stm32cubeide/plugins/com.st.stm32cube.ide.mcu.externaltools.gnu-tools-for-stm32.7-2018-q2-update.win32_1.0.0.201904181610/tools/bin/../lib/gcc/arm-none-eabi/7.3.1/../../../../arm-none-eabi/lib/thumb/v7-m\libc_nano.a(lib_a-wbuf.o)
 .ARM.attributes
                0x00000000000005cf       0x2d c:/program files (x86)/stmicroelectronics/stm32cubeide_1.1.0/stm32cubeide/plugins/com.st.stm32cube.ide.mcu.externaltools.gnu-tools-for-stm32.7-2018-q2-update.win32_1.0.0.201904181610/tools/bin/../lib/gcc/arm-none-eabi/7.3.1/../../../../arm-none-eabi/lib/thumb/v7-m\libc_nano.a(lib_a-wsetup.o)
 .ARM.attributes
                0x00000000000005fc       0x2d c:/program files (x86)/stmicroelectronics/stm32cubeide_1.1.0/stm32cubeide/plugins/com.st.stm32cube.ide.mcu.externaltools.gnu-tools-for-stm32.7-2018-q2-update.win32_1.0.0.201904181610/tools/bin/../lib/gcc/arm-none-eabi/7.3.1/../../../../arm-none-eabi/lib/thumb/v7-m\libc_nano.a(lib_a-fflush.o)
 .ARM.attributes
                0x0000000000000629       0x2d c:/program files (x86)/stmicroelectronics/stm32cubeide_1.1.0/stm32cubeide/plugins/com.st.stm32cube.ide.mcu.externaltools.gnu-tools-for-stm32.7-2018-q2-update.win32_1.0.0.201904181610/tools/bin/../lib/gcc/arm-none-eabi/7.3.1/../../../../arm-none-eabi/lib/thumb/v7-m\libc_nano.a(lib_a-findfp.o)
 .ARM.attributes
                0x0000000000000656       0x2d c:/program files (x86)/stmicroelectronics/stm32cubeide_1.1.0/stm32cubeide/plugins/com.st.stm32cube.ide.mcu.externaltools.gnu-tools-for-stm32.7-2018-q2-update.win32_1.0.0.201904181610/tools/bin/../lib/gcc/arm-none-eabi/7.3.1/../../../../arm-none-eabi/lib/thumb/v7-m\libc_nano.a(lib_a-fwalk.o)
 .ARM.attributes
                0x0000000000000683       0x2d c:/program files (x86)/stmicroelectronics/stm32cubeide_1.1.0/stm32cubeide/plugins/com.st.stm32cube.ide.mcu.externaltools.gnu-tools-for-stm32.7-2018-q2-update.win32_1.0.0.201904181610/tools/bin/../lib/gcc/arm-none-eabi/7.3.1/../../../../arm-none-eabi/lib/thumb/v7-m\libc_nano.a(lib_a-makebuf.o)
 .ARM.attributes
                0x00000000000006b0       0x2d c:/program files (x86)/stmicroelectronics/stm32cubeide_1.1.0/stm32cubeide/plugins/com.st.stm32cube.ide.mcu.externaltools.gnu-tools-for-stm32.7-2018-q2-update.win32_1.0.0.201904181610/tools/bin/../lib/gcc/arm-none-eabi/7.3.1/../../../../arm-none-eabi/lib/thumb/v7-m\libc_nano.a(lib_a-nano-freer.o)
 .ARM.attributes
                0x00000000000006dd       0x2d c:/program files (x86)/stmicroelectronics/stm32cubeide_1.1.0/stm32cubeide/plugins/com.st.stm32cube.ide.mcu.externaltools.gnu-tools-for-stm32.7-2018-q2-update.win32_1.0.0.201904181610/tools/bin/../lib/gcc/arm-none-eabi/7.3.1/../../../../arm-none-eabi/lib/thumb/v7-m\libc_nano.a(lib_a-nano-mallocr.o)
 .ARM.attributes
                0x000000000000070a       0x2d c:/program files (x86)/stmicroelectronics/stm32cubeide_1.1.0/stm32cubeide/plugins/com.st.stm32cube.ide.mcu.externaltools.gnu-tools-for-stm32.7-2018-q2-update.win32_1.0.0.201904181610/tools/bin/../lib/gcc/arm-none-eabi/7.3.1/../../../../arm-none-eabi/lib/thumb/v7-m\libc_nano.a(lib_a-nano-vfprintf.o)
 .ARM.attributes
                0x0000000000000737       0x2d c:/program files (x86)/stmicroelectronics/stm32cubeide_1.1.0/stm32cubeide/plugins/com.st.stm32cube.ide.mcu.externaltools.gnu-tools-for-stm32.7-2018-q2-update.win32_1.0.0.201904181610/tools/bin/../lib/gcc/arm-none-eabi/7.3.1/../../../../arm-none-eabi/lib/thumb/v7-m\libc_nano.a(lib_a-nano-vfprintf_i.o)
 .ARM.attributes
                0x0000000000000764       0x2d c:/program files (x86)/stmicroelectronics/stm32cubeide_1.1.0/stm32cubeide/plugins/com.st.stm32cube.ide.mcu.externaltools.gnu-tools-for-stm32.7-2018-q2-update.win32_1.0.0.201904181610/tools/bin/../lib/gcc/arm-none-eabi/7.3.1/../../../../arm-none-eabi/lib/thumb/v7-m\libc_nano.a(lib_a-sbrkr.o)
 .ARM.attributes
                0x0000000000000791       0x2d c:/program files (x86)/stmicroelectronics/stm32cubeide_1.1.0/stm32cubeide/plugins/com.st.stm32cube.ide.mcu.externaltools.gnu-tools-for-stm32.7-2018-q2-update.win32_1.0.0.201904181610/tools/bin/../lib/gcc/arm-none-eabi/7.3.1/../../../../arm-none-eabi/lib/thumb/v7-m\libc_nano.a(lib_a-stdio.o)
 .ARM.attributes
                0x00000000000007be       0x2d c:/program files (x86)/stmicroelectronics/stm32cubeide_1.1.0/stm32cubeide/plugins/com.st.stm32cube.ide.mcu.externaltools.gnu-tools-for-stm32.7-2018-q2-update.win32_1.0.0.201904181610/tools/bin/../lib/gcc/arm-none-eabi/7.3.1/../../../../arm-none-eabi/lib/thumb/v7-m\libc_nano.a(lib_a-writer.o)
 .ARM.attributes
                0x00000000000007eb       0x2d c:/program files (x86)/stmicroelectronics/stm32cubeide_1.1.0/stm32cubeide/plugins/com.st.stm32cube.ide.mcu.externaltools.gnu-tools-for-stm32.7-2018-q2-update.win32_1.0.0.201904181610/tools/bin/../lib/gcc/arm-none-eabi/7.3.1/../../../../arm-none-eabi/lib/thumb/v7-m\libc_nano.a(lib_a-closer.o)
 .ARM.attributes
                0x0000000000000818       0x2d c:/program files (x86)/stmicroelectronics/stm32cubeide_1.1.0/stm32cubeide/plugins/com.st.stm32cube.ide.mcu.externaltools.gnu-tools-for-stm32.7-2018-q2-update.win32_1.0.0.201904181610/tools/bin/../lib/gcc/arm-none-eabi/7.3.1/../../../../arm-none-eabi/lib/thumb/v7-m\libc_nano.a(lib_a-fstatr.o)
 .ARM.attributes
                0x0000000000000845       0x2d c:/program files (x86)/stmicroelectronics/stm32cubeide_1.1.0/stm32cubeide/plugins/com.st.stm32cube.ide.mcu.externaltools.gnu-tools-for-stm32.7-2018-q2-update.win32_1.0.0.201904181610/tools/bin/../lib/gcc/arm-none-eabi/7.3.1/../../../../arm-none-eabi/lib/thumb/v7-m\libc_nano.a(lib_a-isattyr.o)
 .ARM.attributes
                0x0000000000000872       0x2d c:/program files (x86)/stmicroelectronics/stm32cubeide_1.1.0/stm32cubeide/plugins/com.st.stm32cube.ide.mcu.externaltools.gnu-tools-for-stm32.7-2018-q2-update.win32_1.0.0.201904181610/tools/bin/../lib/gcc/arm-none-eabi/7.3.1/../../../../arm-none-eabi/lib/thumb/v7-m\libc_nano.a(lib_a-lseekr.o)
 .ARM.attributes
                0x000000000000089f       0x2d c:/program files (x86)/stmicroelectronics/stm32cubeide_1.1.0/stm32cubeide/plugins/com.st.stm32cube.ide.mcu.externaltools.gnu-tools-for-stm32.7-2018-q2-update.win32_1.0.0.201904181610/tools/bin/../lib/gcc/arm-none-eabi/7.3.1/../../../../arm-none-eabi/lib/thumb/v7-m\libc_nano.a(lib_a-memchr-stub.o)
 .ARM.attributes
                0x00000000000008cc       0x2d c:/program files (x86)/stmicroelectronics/stm32cubeide_1.1.0/stm32cubeide/plugins/com.st.stm32cube.ide.mcu.externaltools.gnu-tools-for-stm32.7-2018-q2-update.win32_1.0.0.201904181610/tools/bin/../lib/gcc/arm-none-eabi/7.3.1/../../../../arm-none-eabi/lib/thumb/v7-m\libc_nano.a(lib_a-mlock.o)
 .ARM.attributes
                0x00000000000008f9       0x2d c:/program files (x86)/stmicroelectronics/stm32cubeide_1.1.0/stm32cubeide/plugins/com.st.stm32cube.ide.mcu.externaltools.gnu-tools-for-stm32.7-2018-q2-update.win32_1.0.0.201904181610/tools/bin/../lib/gcc/arm-none-eabi/7.3.1/../../../../arm-none-eabi/lib/thumb/v7-m\libc_nano.a(lib_a-readr.o)
 .ARM.attributes
                0x0000000000000926       0x2d c:/program files (x86)/stmicroelectronics/stm32cubeide_1.1.0/stm32cubeide/plugins/com.st.stm32cube.ide.mcu.externaltools.gnu-tools-for-stm32.7-2018-q2-update.win32_1.0.0.201904181610/tools/bin/../lib/gcc/arm-none-eabi/7.3.1/../../../../arm-none-eabi/lib/thumb/v7-m\libc_nano.a(lib_a-reent.o)
 .ARM.attributes
                0x0000000000000953       0x1d c:/program files (x86)/stmicroelectronics/stm32cubeide_1.1.0/stm32cubeide/plugins/com.st.stm32cube.ide.mcu.externaltools.gnu-tools-for-stm32.7-2018-q2-update.win32_1.0.0.201904181610/tools/bin/../lib/gcc/arm-none-eabi/7.3.1/thumb/v7-m/crtn.o
OUTPUT(LoRa_Test_Rx.elf elf32-littlearm)

.debug_info     0x0000000000000000     0xc0f1
 .debug_info    0x0000000000000000     0x17b2 Core/Src/SX1278.o
 .debug_info    0x00000000000017b2      0x3a4 Core/Src/dma.o
 .debug_info    0x0000000000001b56      0x526 Core/Src/gpio.o
 .debug_info    0x000000000000207c      0x257 Core/Src/iwdg.o
 .debug_info    0x00000000000022d3     0x1518 Core/Src/main.o
 .debug_info    0x00000000000037eb      0x885 Core/Src/spi.o
 .debug_info    0x0000000000004070      0x290 Core/Src/stm32l1xx_hal_msp.o
 .debug_info    0x0000000000004300      0x489 Core/Src/stm32l1xx_it.o
 .debug_info    0x0000000000004789      0xebd Core/Src/syscalls.o
 .debug_info    0x0000000000005646      0x91c Core/Src/sysmem.o
 .debug_info    0x0000000000005f62      0x473 Core/Src/system_stm32l1xx.o
 .debug_info    0x00000000000063d5      0x821 Core/Src/usart.o
 .debug_info    0x0000000000006bf6       0x22 Core/Startup/startup_stm32l151cbux.o
 .debug_info    0x0000000000006c18      0x6da Drivers/STM32L1xx_HAL_Driver/Src/stm32l1xx_hal.o
 .debug_info    0x00000000000072f2      0xd42 Drivers/STM32L1xx_HAL_Driver/Src/stm32l1xx_hal_cortex.o
 .debug_info    0x0000000000008034      0x790 Drivers/STM32L1xx_HAL_Driver/Src/stm32l1xx_hal_dma.o
 .debug_info    0x00000000000087c4      0x690 Drivers/STM32L1xx_HAL_Driver/Src/stm32l1xx_hal_gpio.o
 .debug_info    0x0000000000008e54      0x2b3 Drivers/STM32L1xx_HAL_Driver/Src/stm32l1xx_hal_iwdg.o
 .debug_info    0x0000000000009107      0x8e8 Drivers/STM32L1xx_HAL_Driver/Src/stm32l1xx_hal_rcc.o
 .debug_info    0x00000000000099ef     0x1526 Drivers/STM32L1xx_HAL_Driver/Src/stm32l1xx_hal_spi.o
 .debug_info    0x000000000000af15     0x11dc Drivers/STM32L1xx_HAL_Driver/Src/stm32l1xx_hal_uart.o

.debug_abbrev   0x0000000000000000     0x23df
 .debug_abbrev  0x0000000000000000      0x2ab Core/Src/SX1278.o
 .debug_abbrev  0x00000000000002ab      0x107 Core/Src/dma.o
 .debug_abbrev  0x00000000000003b2      0x13d Core/Src/gpio.o
 .debug_abbrev  0x00000000000004ef      0x109 Core/Src/iwdg.o
 .debug_abbrev  0x00000000000005f8      0x24a Core/Src/main.o
 .debug_abbrev  0x0000000000000842      0x1aa Core/Src/spi.o
 .debug_abbrev  0x00000000000009ec       0xef Core/Src/stm32l1xx_hal_msp.o
 .debug_abbrev  0x0000000000000adb      0x13e Core/Src/stm32l1xx_it.o
 .debug_abbrev  0x0000000000000c19      0x261 Core/Src/syscalls.o
 .debug_abbrev  0x0000000000000e7a      0x1bb Core/Src/sysmem.o
 .debug_abbrev  0x0000000000001035      0x111 Core/Src/system_stm32l1xx.o
 .debug_abbrev  0x0000000000001146      0x1aa Core/Src/usart.o
 .debug_abbrev  0x00000000000012f0       0x12 Core/Startup/startup_stm32l151cbux.o
 .debug_abbrev  0x0000000000001302      0x21b Drivers/STM32L1xx_HAL_Driver/Src/stm32l1xx_hal.o
 .debug_abbrev  0x000000000000151d      0x2fa Drivers/STM32L1xx_HAL_Driver/Src/stm32l1xx_hal_cortex.o
 .debug_abbrev  0x0000000000001817      0x1d9 Drivers/STM32L1xx_HAL_Driver/Src/stm32l1xx_hal_dma.o
 .debug_abbrev  0x00000000000019f0      0x1c9 Drivers/STM32L1xx_HAL_Driver/Src/stm32l1xx_hal_gpio.o
 .debug_abbrev  0x0000000000001bb9      0x141 Drivers/STM32L1xx_HAL_Driver/Src/stm32l1xx_hal_iwdg.o
 .debug_abbrev  0x0000000000001cfa      0x254 Drivers/STM32L1xx_HAL_Driver/Src/stm32l1xx_hal_rcc.o
 .debug_abbrev  0x0000000000001f4e      0x240 Drivers/STM32L1xx_HAL_Driver/Src/stm32l1xx_hal_spi.o
 .debug_abbrev  0x000000000000218e      0x251 Drivers/STM32L1xx_HAL_Driver/Src/stm32l1xx_hal_uart.o

.debug_aranges  0x0000000000000000      0xad8
 .debug_aranges
                0x0000000000000000      0x100 Core/Src/SX1278.o
 .debug_aranges
                0x0000000000000100       0x20 Core/Src/dma.o
 .debug_aranges
                0x0000000000000120       0x20 Core/Src/gpio.o
 .debug_aranges
                0x0000000000000140       0x20 Core/Src/iwdg.o
 .debug_aranges
                0x0000000000000160       0x38 Core/Src/main.o
 .debug_aranges
                0x0000000000000198       0x30 Core/Src/spi.o
 .debug_aranges
                0x00000000000001c8       0x20 Core/Src/stm32l1xx_hal_msp.o
 .debug_aranges
                0x00000000000001e8       0x80 Core/Src/stm32l1xx_it.o
 .debug_aranges
                0x0000000000000268       0xa8 Core/Src/syscalls.o
 .debug_aranges
                0x0000000000000310       0x20 Core/Src/sysmem.o
 .debug_aranges
                0x0000000000000330       0x28 Core/Src/system_stm32l1xx.o
 .debug_aranges
                0x0000000000000358       0x30 Core/Src/usart.o
 .debug_aranges
                0x0000000000000388       0x28 Core/Startup/startup_stm32l151cbux.o
 .debug_aranges
                0x00000000000003b0       0xe0 Drivers/STM32L1xx_HAL_Driver/Src/stm32l1xx_hal.o
 .debug_aranges
                0x0000000000000490      0x118 Drivers/STM32L1xx_HAL_Driver/Src/stm32l1xx_hal_cortex.o
 .debug_aranges
                0x00000000000005a8       0x80 Drivers/STM32L1xx_HAL_Driver/Src/stm32l1xx_hal_dma.o
 .debug_aranges
                0x0000000000000628       0x58 Drivers/STM32L1xx_HAL_Driver/Src/stm32l1xx_hal_gpio.o
 .debug_aranges
                0x0000000000000680       0x28 Drivers/STM32L1xx_HAL_Driver/Src/stm32l1xx_hal_iwdg.o
 .debug_aranges
                0x00000000000006a8       0x90 Drivers/STM32L1xx_HAL_Driver/Src/stm32l1xx_hal_rcc.o
 .debug_aranges
                0x0000000000000738      0x1d0 Drivers/STM32L1xx_HAL_Driver/Src/stm32l1xx_hal_spi.o
 .debug_aranges
                0x0000000000000908      0x1d0 Drivers/STM32L1xx_HAL_Driver/Src/stm32l1xx_hal_uart.o

.debug_ranges   0x0000000000000000      0x990
 .debug_ranges  0x0000000000000000       0xf0 Core/Src/SX1278.o
 .debug_ranges  0x00000000000000f0       0x10 Core/Src/dma.o
 .debug_ranges  0x0000000000000100       0x10 Core/Src/gpio.o
 .debug_ranges  0x0000000000000110       0x10 Core/Src/iwdg.o
 .debug_ranges  0x0000000000000120       0x28 Core/Src/main.o
 .debug_ranges  0x0000000000000148       0x20 Core/Src/spi.o
 .debug_ranges  0x0000000000000168       0x10 Core/Src/stm32l1xx_hal_msp.o
 .debug_ranges  0x0000000000000178       0x70 Core/Src/stm32l1xx_it.o
 .debug_ranges  0x00000000000001e8       0x98 Core/Src/syscalls.o
 .debug_ranges  0x0000000000000280       0x10 Core/Src/sysmem.o
 .debug_ranges  0x0000000000000290       0x18 Core/Src/system_stm32l1xx.o
 .debug_ranges  0x00000000000002a8       0x20 Core/Src/usart.o
 .debug_ranges  0x00000000000002c8       0x20 Core/Startup/startup_stm32l151cbux.o
 .debug_ranges  0x00000000000002e8       0xd0 Drivers/STM32L1xx_HAL_Driver/Src/stm32l1xx_hal.o
 .debug_ranges  0x00000000000003b8      0x108 Drivers/STM32L1xx_HAL_Driver/Src/stm32l1xx_hal_cortex.o
 .debug_ranges  0x00000000000004c0       0x70 Drivers/STM32L1xx_HAL_Driver/Src/stm32l1xx_hal_dma.o
 .debug_ranges  0x0000000000000530       0x48 Drivers/STM32L1xx_HAL_Driver/Src/stm32l1xx_hal_gpio.o
 .debug_ranges  0x0000000000000578       0x18 Drivers/STM32L1xx_HAL_Driver/Src/stm32l1xx_hal_iwdg.o
 .debug_ranges  0x0000000000000590       0x80 Drivers/STM32L1xx_HAL_Driver/Src/stm32l1xx_hal_rcc.o
 .debug_ranges  0x0000000000000610      0x1c0 Drivers/STM32L1xx_HAL_Driver/Src/stm32l1xx_hal_spi.o
 .debug_ranges  0x00000000000007d0      0x1c0 Drivers/STM32L1xx_HAL_Driver/Src/stm32l1xx_hal_uart.o

.debug_macro    0x0000000000000000    0x15f00
 .debug_macro   0x0000000000000000      0x2a1 Core/Src/SX1278.o
 .debug_macro   0x00000000000002a1      0xa5a Core/Src/SX1278.o
 .debug_macro   0x0000000000000cfb       0x22 Core/Src/SX1278.o
 .debug_macro   0x0000000000000d1d       0x8e Core/Src/SX1278.o
 .debug_macro   0x0000000000000dab       0x51 Core/Src/SX1278.o
 .debug_macro   0x0000000000000dfc       0xef Core/Src/SX1278.o
 .debug_macro   0x0000000000000eeb       0x6a Core/Src/SX1278.o
 .debug_macro   0x0000000000000f55      0x1df Core/Src/SX1278.o
 .debug_macro   0x0000000000001134       0x22 Core/Src/SX1278.o
 .debug_macro   0x0000000000001156      0x112 Core/Src/SX1278.o
 .debug_macro   0x0000000000001268       0x2e Core/Src/SX1278.o
 .debug_macro   0x0000000000001296       0x22 Core/Src/SX1278.o
 .debug_macro   0x00000000000012b8       0x1c Core/Src/SX1278.o
 .debug_macro   0x00000000000012d4       0x22 Core/Src/SX1278.o
 .debug_macro   0x00000000000012f6       0xc3 Core/Src/SX1278.o
 .debug_macro   0x00000000000013b9      0xe49 Core/Src/SX1278.o
 .debug_macro   0x0000000000002202      0x11f Core/Src/SX1278.o
 .debug_macro   0x0000000000002321     0xa350 Core/Src/SX1278.o
 .debug_macro   0x000000000000c671       0x43 Core/Src/SX1278.o
 .debug_macro   0x000000000000c6b4     0x3468 Core/Src/SX1278.o
 .debug_macro   0x000000000000fb1c      0x174 Core/Src/SX1278.o
 .debug_macro   0x000000000000fc90       0x5b Core/Src/SX1278.o
 .debug_macro   0x000000000000fceb      0xe38 Core/Src/SX1278.o
 .debug_macro   0x0000000000010b23       0x5c Core/Src/SX1278.o
 .debug_macro   0x0000000000010b7f      0x13b Core/Src/SX1278.o
 .debug_macro   0x0000000000010cba       0xa7 Core/Src/SX1278.o
 .debug_macro   0x0000000000010d61      0x21e Core/Src/SX1278.o
 .debug_macro   0x0000000000010f7f      0x236 Core/Src/SX1278.o
 .debug_macro   0x00000000000111b5      0x107 Core/Src/SX1278.o
 .debug_macro   0x00000000000112bc      0x281 Core/Src/SX1278.o
 .debug_macro   0x000000000001153d       0x78 Core/Src/SX1278.o
 .debug_macro   0x00000000000115b5      0x1e9 Core/Src/SX1278.o
 .debug_macro   0x000000000001179e       0x22 Core/Src/SX1278.o
 .debug_macro   0x00000000000117c0      0x217 Core/Src/SX1278.o
 .debug_macro   0x00000000000119d7      0x287 Core/Src/SX1278.o
 .debug_macro   0x0000000000011c5e      0x3ce Core/Src/SX1278.o
 .debug_macro   0x000000000001202c       0x5e Core/Src/SX1278.o
 .debug_macro   0x000000000001208a      0x38c Core/Src/SX1278.o
 .debug_macro   0x0000000000012416       0x46 Core/Src/SX1278.o
 .debug_macro   0x000000000001245c       0x18 Core/Src/SX1278.o
 .debug_macro   0x0000000000012474       0x3c Core/Src/SX1278.o
 .debug_macro   0x00000000000124b0       0x34 Core/Src/SX1278.o
 .debug_macro   0x00000000000124e4       0x52 Core/Src/SX1278.o
 .debug_macro   0x0000000000012536       0x1f Core/Src/SX1278.o
 .debug_macro   0x0000000000012555       0x43 Core/Src/SX1278.o
 .debug_macro   0x0000000000012598       0x20 Core/Src/SX1278.o
 .debug_macro   0x00000000000125b8      0x1a3 Core/Src/SX1278.o
 .debug_macro   0x000000000001275b      0x32a Core/Src/SX1278.o
 .debug_macro   0x0000000000012a85       0x10 Core/Src/SX1278.o
 .debug_macro   0x0000000000012a95       0x35 Core/Src/SX1278.o
 .debug_macro   0x0000000000012aca       0x20 Core/Src/SX1278.o
 .debug_macro   0x0000000000012aea      0x1be Core/Src/dma.o
 .debug_macro   0x0000000000012ca8      0x1be Core/Src/gpio.o
 .debug_macro   0x0000000000012e66      0x1be Core/Src/iwdg.o
 .debug_macro   0x0000000000013024      0x3c2 Core/Src/main.o
 .debug_macro   0x00000000000133e6       0x16 Core/Src/main.o
 .debug_macro   0x00000000000133fc       0x10 Core/Src/main.o
 .debug_macro   0x000000000001340c       0x10 Core/Src/main.o
 .debug_macro   0x000000000001341c       0x1c Core/Src/main.o
 .debug_macro   0x0000000000013438       0x52 Core/Src/main.o
 .debug_macro   0x000000000001348a       0x40 Core/Src/main.o
 .debug_macro   0x00000000000134ca       0x10 Core/Src/main.o
 .debug_macro   0x00000000000134da       0x40 Core/Src/main.o
 .debug_macro   0x000000000001351a       0xd7 Core/Src/main.o
 .debug_macro   0x00000000000135f1       0x1c Core/Src/main.o
 .debug_macro   0x000000000001360d       0x3d Core/Src/main.o
 .debug_macro   0x000000000001364a       0x16 Core/Src/main.o
 .debug_macro   0x0000000000013660      0x145 Core/Src/main.o
 .debug_macro   0x00000000000137a5       0x16 Core/Src/main.o
 .debug_macro   0x00000000000137bb       0x16 Core/Src/main.o
 .debug_macro   0x00000000000137d1       0x16 Core/Src/main.o
 .debug_macro   0x00000000000137e7       0x29 Core/Src/main.o
 .debug_macro   0x0000000000013810      0x1be Core/Src/spi.o
 .debug_macro   0x00000000000139ce      0x1b4 Core/Src/stm32l1xx_hal_msp.o
 .debug_macro   0x0000000000013b82      0x1be Core/Src/stm32l1xx_it.o
 .debug_macro   0x0000000000013d40      0x243 Core/Src/syscalls.o
 .debug_macro   0x0000000000013f83       0x40 Core/Src/syscalls.o
 .debug_macro   0x0000000000013fc3       0x94 Core/Src/syscalls.o
 .debug_macro   0x0000000000014057       0x57 Core/Src/syscalls.o
 .debug_macro   0x00000000000140ae      0x330 Core/Src/syscalls.o
 .debug_macro   0x00000000000143de       0x10 Core/Src/syscalls.o
 .debug_macro   0x00000000000143ee       0x10 Core/Src/syscalls.o
 .debug_macro   0x00000000000143fe       0x10 Core/Src/syscalls.o
 .debug_macro   0x000000000001440e       0x35 Core/Src/syscalls.o
 .debug_macro   0x0000000000014443      0x122 Core/Src/syscalls.o
 .debug_macro   0x0000000000014565       0x10 Core/Src/syscalls.o
 .debug_macro   0x0000000000014575      0x241 Core/Src/syscalls.o
 .debug_macro   0x00000000000147b6       0x1c Core/Src/syscalls.o
 .debug_macro   0x00000000000147d2       0x10 Core/Src/syscalls.o
 .debug_macro   0x00000000000147e2      0x189 Core/Src/syscalls.o
 .debug_macro   0x000000000001496b       0x16 Core/Src/syscalls.o
 .debug_macro   0x0000000000014981       0x88 Core/Src/syscalls.o
 .debug_macro   0x0000000000014a09      0x1ae Core/Src/sysmem.o
 .debug_macro   0x0000000000014bb7      0x23b Core/Src/sysmem.o
 .debug_macro   0x0000000000014df2      0x1ab Core/Src/system_stm32l1xx.o
 .debug_macro   0x0000000000014f9d      0x1be Core/Src/usart.o
 .debug_macro   0x000000000001515b      0x1c9 Drivers/STM32L1xx_HAL_Driver/Src/stm32l1xx_hal.o
 .debug_macro   0x0000000000015324      0x1a5 Drivers/STM32L1xx_HAL_Driver/Src/stm32l1xx_hal_cortex.o
 .debug_macro   0x00000000000154c9      0x1a5 Drivers/STM32L1xx_HAL_Driver/Src/stm32l1xx_hal_dma.o
 .debug_macro   0x000000000001566e      0x1dd Drivers/STM32L1xx_HAL_Driver/Src/stm32l1xx_hal_gpio.o
 .debug_macro   0x000000000001584b      0x1ab Drivers/STM32L1xx_HAL_Driver/Src/stm32l1xx_hal_iwdg.o
 .debug_macro   0x00000000000159f6      0x1b7 Drivers/STM32L1xx_HAL_Driver/Src/stm32l1xx_hal_rcc.o
 .debug_macro   0x0000000000015bad      0x1ad Drivers/STM32L1xx_HAL_Driver/Src/stm32l1xx_hal_spi.o
 .debug_macro   0x0000000000015d5a      0x1a6 Drivers/STM32L1xx_HAL_Driver/Src/stm32l1xx_hal_uart.o

.debug_line     0x0000000000000000     0xc129
 .debug_line    0x0000000000000000      0xc0d Core/Src/SX1278.o
 .debug_line    0x0000000000000c0d      0x7a9 Core/Src/dma.o
 .debug_line    0x00000000000013b6      0x7ce Core/Src/gpio.o
 .debug_line    0x0000000000001b84      0x7a9 Core/Src/iwdg.o
 .debug_line    0x000000000000232d      0xaa1 Core/Src/main.o
 .debug_line    0x0000000000002dce      0x7f6 Core/Src/spi.o
 .debug_line    0x00000000000035c4      0x7ab Core/Src/stm32l1xx_hal_msp.o
 .debug_line    0x0000000000003d6f      0x897 Core/Src/stm32l1xx_it.o
 .debug_line    0x0000000000004606      0x883 Core/Src/syscalls.o
 .debug_line    0x0000000000004e89      0x69f Core/Src/sysmem.o
 .debug_line    0x0000000000005528      0x7d1 Core/Src/system_stm32l1xx.o
 .debug_line    0x0000000000005cf9      0x7ea Core/Src/usart.o
 .debug_line    0x00000000000064e3       0x84 Core/Startup/startup_stm32l151cbux.o
 .debug_line    0x0000000000006567      0x986 Drivers/STM32L1xx_HAL_Driver/Src/stm32l1xx_hal.o
 .debug_line    0x0000000000006eed      0xad1 Drivers/STM32L1xx_HAL_Driver/Src/stm32l1xx_hal_cortex.o
 .debug_line    0x00000000000079be      0x9b2 Drivers/STM32L1xx_HAL_Driver/Src/stm32l1xx_hal_dma.o
 .debug_line    0x0000000000008370      0x93c Drivers/STM32L1xx_HAL_Driver/Src/stm32l1xx_hal_gpio.o
 .debug_line    0x0000000000008cac      0x7db Drivers/STM32L1xx_HAL_Driver/Src/stm32l1xx_hal_iwdg.o
 .debug_line    0x0000000000009487      0xaaf Drivers/STM32L1xx_HAL_Driver/Src/stm32l1xx_hal_rcc.o
 .debug_line    0x0000000000009f36     0x1155 Drivers/STM32L1xx_HAL_Driver/Src/stm32l1xx_hal_spi.o
 .debug_line    0x000000000000b08b     0x109e Drivers/STM32L1xx_HAL_Driver/Src/stm32l1xx_hal_uart.o

.debug_str      0x0000000000000000    0x7c1b4
 .debug_str     0x0000000000000000    0x77b32 Core/Src/SX1278.o
                                      0x77ebf (size before relaxing)
 .debug_str     0x0000000000077b32      0x345 Core/Src/dma.o
                                      0x73fc2 (size before relaxing)
 .debug_str     0x0000000000077e77       0x56 Core/Src/gpio.o
                                      0x74062 (size before relaxing)
 .debug_str     0x0000000000077ecd       0x61 Core/Src/iwdg.o
                                      0x73d18 (size before relaxing)
 .debug_str     0x0000000000077f2e     0x15fb Core/Src/main.o
                                      0x7927e (size before relaxing)
 .debug_str     0x0000000000079529       0x65 Core/Src/spi.o
                                      0x74199 (size before relaxing)
 .debug_str     0x000000000007958e       0x2c Core/Src/stm32l1xx_hal_msp.o
                                      0x73d0a (size before relaxing)
 .debug_str     0x00000000000795ba      0x128 Core/Src/stm32l1xx_it.o
                                      0x73faa (size before relaxing)
 .debug_str     0x00000000000796e2     0x1100 Core/Src/syscalls.o
                                       0x8869 (size before relaxing)
 .debug_str     0x000000000007a7e2       0x36 Core/Src/sysmem.o
                                       0x7ac2 (size before relaxing)
 .debug_str     0x000000000007a818       0xd5 Core/Src/system_stm32l1xx.o
                                      0x73c61 (size before relaxing)
 .debug_str     0x000000000007a8ed       0x57 Core/Src/usart.o
                                      0x7417f (size before relaxing)
 .debug_str     0x000000000007a944       0x36 Core/Startup/startup_stm32l151cbux.o
                                         0x67 (size before relaxing)
 .debug_str     0x000000000007a97a      0x2e3 Drivers/STM32L1xx_HAL_Driver/Src/stm32l1xx_hal.o
                                      0x74233 (size before relaxing)
 .debug_str     0x000000000007ac5d      0x3bb Drivers/STM32L1xx_HAL_Driver/Src/stm32l1xx_hal_cortex.o
                                      0x74372 (size before relaxing)
 .debug_str     0x000000000007b018      0x252 Drivers/STM32L1xx_HAL_Driver/Src/stm32l1xx_hal_dma.o
                                      0x73fb0 (size before relaxing)
 .debug_str     0x000000000007b26a      0x20f Drivers/STM32L1xx_HAL_Driver/Src/stm32l1xx_hal_gpio.o
                                      0x73e85 (size before relaxing)
 .debug_str     0x000000000007b479       0x75 Drivers/STM32L1xx_HAL_Driver/Src/stm32l1xx_hal_iwdg.o
                                      0x73c3a (size before relaxing)
 .debug_str     0x000000000007b4ee      0x28a Drivers/STM32L1xx_HAL_Driver/Src/stm32l1xx_hal_rcc.o
                                      0x74048 (size before relaxing)
 .debug_str     0x000000000007b778      0x529 Drivers/STM32L1xx_HAL_Driver/Src/stm32l1xx_hal_spi.o
                                      0x744a1 (size before relaxing)
 .debug_str     0x000000000007bca1      0x513 Drivers/STM32L1xx_HAL_Driver/Src/stm32l1xx_hal_uart.o
                                      0x744aa (size before relaxing)

.comment        0x0000000000000000       0x7b
 .comment       0x0000000000000000       0x7b Core/Src/SX1278.o
                                         0x7c (size before relaxing)
 .comment       0x000000000000007b       0x7c Core/Src/dma.o
 .comment       0x000000000000007b       0x7c Core/Src/gpio.o
 .comment       0x000000000000007b       0x7c Core/Src/iwdg.o
 .comment       0x000000000000007b       0x7c Core/Src/main.o
 .comment       0x000000000000007b       0x7c Core/Src/spi.o
 .comment       0x000000000000007b       0x7c Core/Src/stm32l1xx_hal_msp.o
 .comment       0x000000000000007b       0x7c Core/Src/stm32l1xx_it.o
 .comment       0x000000000000007b       0x7c Core/Src/syscalls.o
 .comment       0x000000000000007b       0x7c Core/Src/sysmem.o
 .comment       0x000000000000007b       0x7c Core/Src/system_stm32l1xx.o
 .comment       0x000000000000007b       0x7c Core/Src/usart.o
 .comment       0x000000000000007b       0x7c Drivers/STM32L1xx_HAL_Driver/Src/stm32l1xx_hal.o
 .comment       0x000000000000007b       0x7c Drivers/STM32L1xx_HAL_Driver/Src/stm32l1xx_hal_cortex.o
 .comment       0x000000000000007b       0x7c Drivers/STM32L1xx_HAL_Driver/Src/stm32l1xx_hal_dma.o
 .comment       0x000000000000007b       0x7c Drivers/STM32L1xx_HAL_Driver/Src/stm32l1xx_hal_gpio.o
 .comment       0x000000000000007b       0x7c Drivers/STM32L1xx_HAL_Driver/Src/stm32l1xx_hal_iwdg.o
 .comment       0x000000000000007b       0x7c Drivers/STM32L1xx_HAL_Driver/Src/stm32l1xx_hal_rcc.o
 .comment       0x000000000000007b       0x7c Drivers/STM32L1xx_HAL_Driver/Src/stm32l1xx_hal_spi.o
 .comment       0x000000000000007b       0x7c Drivers/STM32L1xx_HAL_Driver/Src/stm32l1xx_hal_uart.o

.debug_frame    0x0000000000000000     0x30e0
 .debug_frame   0x0000000000000000      0x428 Core/Src/SX1278.o
 .debug_frame   0x0000000000000428       0x34 Core/Src/dma.o
 .debug_frame   0x000000000000045c       0x34 Core/Src/gpio.o
 .debug_frame   0x0000000000000490       0x2c Core/Src/iwdg.o
 .debug_frame   0x00000000000004bc       0x98 Core/Src/main.o
 .debug_frame   0x0000000000000554       0x74 Core/Src/spi.o
 .debug_frame   0x00000000000005c8       0x38 Core/Src/stm32l1xx_hal_msp.o
 .debug_frame   0x0000000000000600      0x17c Core/Src/stm32l1xx_it.o
 .debug_frame   0x000000000000077c      0x2ac Core/Src/syscalls.o
 .debug_frame   0x0000000000000a28       0x34 Core/Src/sysmem.o
 .debug_frame   0x0000000000000a5c       0x58 Core/Src/system_stm32l1xx.o
 .debug_frame   0x0000000000000ab4       0x74 Core/Src/usart.o