Archive member included to satisfy reference by file (symbol)

c:/program files (x86)/stmicroelectronics/stm32cubeide_1.1.0/stm32cubeide/plugins/com.st.stm32cube.ide.mcu.externaltools.gnu-tools-for-stm32.7-2018-q2-update.win32_1.0.0.201904181610/tools/bin/../lib/gcc/arm-none-eabi/7.3.1/../../../../arm-none-eabi/lib/thumb/v7-m\libc_nano.a(lib_a-errno.o)
                              Core/Src/syscalls.o (__errno)
c:/program files (x86)/stmicroelectronics/stm32cubeide_1.1.0/stm32cubeide/plugins/com.st.stm32cube.ide.mcu.externaltools.gnu-tools-for-stm32.7-2018-q2-update.win32_1.0.0.201904181610/tools/bin/../lib/gcc/arm-none-eabi/7.3.1/../../../../arm-none-eabi/lib/thumb/v7-m\libc_nano.a(lib_a-exit.o)
                              c:/program files (x86)/stmicroelectronics/stm32cubeide_1.1.0/stm32cubeide/plugins/com.st.stm32cube.ide.mcu.externaltools.gnu-tools-for-stm32.7-2018-q2-update.win32_1.0.0.201904181610/tools/bin/../lib/gcc/arm-none-eabi/7.3.1/../../../../arm-none-eabi/lib/thumb/v7-m/crt0.o (exit)
c:/program files (x86)/stmicroelectronics/stm32cubeide_1.1.0/stm32cubeide/plugins/com.st.stm32cube.ide.mcu.externaltools.gnu-tools-for-stm32.7-2018-q2-update.win32_1.0.0.201904181610/tools/bin/../lib/gcc/arm-none-eabi/7.3.1/../../../../arm-none-eabi/lib/thumb/v7-m\libc_nano.a(lib_a-impure.o)
                              c:/program files (x86)/stmicroelectronics/stm32cubeide_1.1.0/stm32cubeide/plugins/com.st.stm32cube.ide.mcu.externaltools.gnu-tools-for-stm32.7-2018-q2-update.win32_1.0.0.201904181610/tools/bin/../lib/gcc/arm-none-eabi/7.3.1/../../../../arm-none-eabi/lib/thumb/v7-m\libc_nano.a(lib_a-exit.o) (_global_impure_ptr)
c:/program files (x86)/stmicroelectronics/stm32cubeide_1.1.0/stm32cubeide/plugins/com.st.stm32cube.ide.mcu.externaltools.gnu-tools-for-stm32.7-2018-q2-update.win32_1.0.0.201904181610/tools/bin/../lib/gcc/arm-none-eabi/7.3.1/../../../../arm-none-eabi/lib/thumb/v7-m\libc_nano.a(lib_a-init.o)
                              c:/program files (x86)/stmicroelectronics/stm32cubeide_1.1.0/stm32cubeide/plugins/com.st.stm32cube.ide.mcu.externaltools.gnu-tools-for-stm32.7-2018-q2-update.win32_1.0.0.201904181610/tools/bin/../lib/gcc/arm-none-eabi/7.3.1/../../../../arm-none-eabi/lib/thumb/v7-m/crt0.o (__libc_init_array)
c:/program files (x86)/stmicroelectronics/stm32cubeide_1.1.0/stm32cubeide/plugins/com.st.stm32cube.ide.mcu.externaltools.gnu-tools-for-stm32.7-2018-q2-update.win32_1.0.0.201904181610/tools/bin/../lib/gcc/arm-none-eabi/7.3.1/../../../../arm-none-eabi/lib/thumb/v7-m\libc_nano.a(lib_a-memcpy-stub.o)
                              Core/Src/SX1278.o (memcpy)
c:/program files (x86)/stmicroelectronics/stm32cubeide_1.1.0/stm32cubeide/plugins/com.st.stm32cube.ide.mcu.externaltools.gnu-tools-for-stm32.7-2018-q2-update.win32_1.0.0.201904181610/tools/bin/../lib/gcc/arm-none-eabi/7.3.1/../../../../arm-none-eabi/lib/thumb/v7-m\libc_nano.a(lib_a-memset.o)
                              c:/program files (x86)/stmicroelectronics/stm32cubeide_1.1.0/stm32cubeide/plugins/com.st.stm32cube.ide.mcu.externaltools.gnu-tools-for-stm32.7-2018-q2-update.win32_1.0.0.201904181610/tools/bin/../lib/gcc/arm-none-eabi/7.3.1/../../../../arm-none-eabi/lib/thumb/v7-m/crt0.o (memset)
c:/program files (x86)/stmicroelectronics/stm32cubeide_1.1.0/stm32cubeide/plugins/com.st.stm32cube.ide.mcu.externaltools.gnu-tools-for-stm32.7-2018-q2-update.win32_1.0.0.201904181610/tools/bin/../lib/gcc/arm-none-eabi/7.3.1/../../../../arm-none-eabi/lib/thumb/v7-m\libc_nano.a(lib_a-puts.o)
                              Core/Src/main.o (puts)
c:/program files (x86)/stmicroelectronics/stm32cubeide_1.1.0/stm32cubeide/plugins/com.st.stm32cube.ide.mcu.externaltools.gnu-tools-for-stm32.7-2018-q2-update.win32_1.0.0.201904181610/tools/bin/../lib/gcc/arm-none-eabi/7.3.1/../../../../arm-none-eabi/lib/thumb/v7-m\libc_nano.a(lib_a-sprintf.o)
                              Core/Src/main.o (sprintf)
c:/program files (x86)/stmicroelectronics/stm32cubeide_1.1.0/stm32cubeide/plugins/com.st.stm32cube.ide.mcu.externaltools.gnu-tools-for-stm32.7-2018-q2-update.win32_1.0.0.201904181610/tools/bin/../lib/gcc/arm-none-eabi/7.3.1/../../../../arm-none-eabi/lib/thumb/v7-m\libc_nano.a(lib_a-wbuf.o)
                              c:/program files (x86)/stmicroelectronics/stm32cubeide_1.1.0/stm32cubeide/plugins/com.st.stm32cube.ide.mcu.externaltools.gnu-tools-for-stm32.7-2018-q2-update.win32_1.0.0.201904181610/tools/bin/../lib/gcc/arm-none-eabi/7.3.1/../../../../arm-none-eabi/lib/thumb/v7-m\libc_nano.a(lib_a-puts.o) (__swbuf_r)
c:/program files (x86)/stmicroelectronics/stm32cubeide_1.1.0/stm32cubeide/plugins/com.st.stm32cube.ide.mcu.externaltools.gnu-tools-for-stm32.7-2018-q2-update.win32_1.0.0.201904181610/tools/bin/../lib/gcc/arm-none-eabi/7.3.1/../../../../arm-none-eabi/lib/thumb/v7-m\libc_nano.a(lib_a-wsetup.o)
[...]
Memory Configuration

Name             Origin             Length             Attributes
RAM              0x0000000020000000 0x0000000000004000 xrw
FLASH            0x0000000008000000 0x0000000000020000 xr
*default*        0x0000000000000000 0xffffffffffffffff

Linker script and memory map

LOAD c:/program files (x86)/stmicroelectronics/stm32cubeide_1.1.0/stm32cubeide/plugins/com.st.stm32cube.ide.mcu.externaltools.gnu-tools-for-stm32.7-2018-q2-update.win32_1.0.0.201904181610/tools/bin/../lib/gcc/arm-none-eabi/7.3.1/thumb/v7-m/crti.o
LOAD c:/program files (x86)/stmicroelectronics/stm32cubeide_1.1.0/stm32cubeide/plugins/com.st.stm32cube.ide.mcu.externaltools.gnu-tools-for-stm32.7-2018-q2-update.win32_1.0.0.201904181610/tools/bin/../lib/gcc/arm-none-eabi/7.3.1/thumb/v7-m/crtbegin.o
LOAD c:/program files (x86)/stmicroelectronics/stm32cubeide_1.1.0/stm32cubeide/plugins/com.st.stm32cube.ide.mcu.externaltools.gnu-tools-for-stm32.7-2018-q2-update.win32_1.0.0.201904181610/tools/bin/../lib/gcc/arm-none-eabi/7.3.1/../../../../arm-none-eabi/lib/thumb/v7-m/crt0.o
LOAD Core/Src/SX1278.o
LOAD Core/Src/dma.o
LOAD Core/Src/gpio.o
LOAD Core/Src/iwdg.o
LOAD Core/Src/main.o
LOAD Core/Src/spi.o
LOAD Core/Src/stm32l1xx_hal_msp.o
LOAD Core/Src/stm32l1xx_it.o
LOAD Core/Src/sys.o
LOAD Core/Src/syscalls.o
LOAD Core/Src/sysmem.o
LOAD Core/Src/system_stm32l1xx.o
LOAD Core/Src/tim.o
LOAD Core/Src/usart.o
LOAD Core/Startup/startup_stm32l151cbux.o
LOAD Drivers/STM32L1xx_HAL_Driver/Src/stm32l1xx_hal.o
LOAD Drivers/STM32L1xx_HAL_Driver/Src/stm32l1xx_hal_cortex.o
LOAD Drivers/STM32L1xx_HAL_Driver/Src/stm32l1xx_hal_dma.o
LOAD Drivers/STM32L1xx_HAL_Driver/Src/stm32l1xx_hal_flash.o
LOAD Drivers/STM32L1xx_HAL_Driver/Src/stm32l1xx_hal_flash_ex.o
LOAD Drivers/STM32L1xx_HAL_Driver/Src/stm32l1xx_hal_flash_ramfunc.o
LOAD Drivers/STM32L1xx_HAL_Driver/Src/stm32l1xx_hal_gpio.o
LOAD Drivers/STM32L1xx_HAL_Driver/Src/stm32l1xx_hal_iwdg.o
LOAD Drivers/STM32L1xx_HAL_Driver/Src/stm32l1xx_hal_pwr.o
LOAD Drivers/STM32L1xx_HAL_Driver/Src/stm32l1xx_hal_pwr_ex.o
LOAD Drivers/STM32L1xx_HAL_Driver/Src/stm32l1xx_hal_rcc.o
LOAD Drivers/STM32L1xx_HAL_Driver/Src/stm32l1xx_hal_rcc_ex.o
LOAD Drivers/STM32L1xx_HAL_Driver/Src/stm32l1xx_hal_spi.o
LOAD Drivers/STM32L1xx_HAL_Driver/Src/stm32l1xx_hal_tim.o
LOAD Drivers/STM32L1xx_HAL_Driver/Src/stm32l1xx_hal_tim_ex.o
LOAD Drivers/STM32L1xx_HAL_Driver/Src/stm32l1xx_hal_uart.o
START GROUP
LOAD c:/program files (x86)/stmicroelectronics/stm32cubeide_1.1.0/stm32cubeide/plugins/com.st.stm32cube.ide.mcu.externaltools.gnu-tools-for-stm32.7-2018-q2-update.win32_1.0.0.201904181610/tools/bin/../lib/gcc/arm-none-eabi/7.3.1/../../../../arm-none-eabi/lib/thumb/v7-m\libc_nano.a
LOAD c:/program files (x86)/stmicroelectronics/stm32cubeide_1.1.0/stm32cubeide/plugins/com.st.stm32cube.ide.mcu.externaltools.gnu-tools-for-stm32.7-2018-q2-update.win32_1.0.0.201904181610/tools/bin/../lib/gcc/arm-none-eabi/7.3.1/../../../../arm-none-eabi/lib/thumb/v7-m\libm.a
END GROUP
START GROUP
LOAD c:/program files (x86)/stmicroelectronics/stm32cubeide_1.1.0/stm32cubeide/plugins/com.st.stm32cube.ide.mcu.externaltools.gnu-tools-for-stm32.7-2018-q2-update.win32_1.0.0.201904181610/tools/bin/../lib/gcc/arm-none-eabi/7.3.1/thumb/v7-m\libgcc.a
LOAD c:/program files (x86)/stmicroelectronics/stm32cubeide_1.1.0/stm32cubeide/plugins/com.st.stm32cube.ide.mcu.externaltools.gnu-tools-for-stm32.7-2018-q2-update.win32_1.0.0.201904181610/tools/bin/../lib/gcc/arm-none-eabi/7.3.1/../../../../arm-none-eabi/lib/thumb/v7-m\libc_nano.a
END GROUP
START GROUP
LOAD c:/program files (x86)/stmicroelectronics/stm32cubeide_1.1.0/stm32cubeide/plugins/com.st.stm32cube.ide.mcu.externaltools.gnu-tools-for-stm32.7-2018-q2-update.win32_1.0.0.201904181610/tools/bin/../lib/gcc/arm-none-eabi/7.3.1/thumb/v7-m\libgcc.a
LOAD c:/program files (x86)/stmicroelectronics/stm32cubeide_1.1.0/stm32cubeide/plugins/com.st.stm32cube.ide.mcu.externaltools.gnu-tools-for-stm32.7-2018-q2-update.win32_1.0.0.201904181610/tools/bin/../lib/gcc/arm-none-eabi/7.3.1/../../../../arm-none-eabi/lib/thumb/v7-m\libc_nano.a
LOAD c:/program files (x86)/stmicroelectronics/stm32cubeide_1.1.0/stm32cubeide/plugins/com.st.stm32cube.ide.mcu.externaltools.gnu-tools-for-stm32.7-2018-q2-update.win32_1.0.0.201904181610/tools/bin/../lib/gcc/arm-none-eabi/7.3.1/../../../../arm-none-eabi/lib/thumb/v7-m\libnosys.a
END GROUP
START GROUP
LOAD c:/program files (x86)/stmicroelectronics/stm32cubeide_1.1.0/stm32cubeide/plugins/com.st.stm32cube.ide.mcu.externaltools.gnu-tools-for-stm32.7-2018-q2-update.win32_1.0.0.201904181610/tools/bin/../lib/gcc/arm-none-eabi/7.3.1/thumb/v7-m\libgcc.a
LOAD c:/program files (x86)/stmicroelectronics/stm32cubeide_1.1.0/stm32cubeide/plugins/com.st.stm32cube.ide.mcu.externaltools.gnu-tools-for-stm32.7-2018-q2-update.win32_1.0.0.201904181610/tools/bin/../lib/gcc/arm-none-eabi/7.3.1/../../../../arm-none-eabi/lib/thumb/v7-m\libc_nano.a
LOAD c:/program files (x86)/stmicroelectronics/stm32cubeide_1.1.0/stm32cubeide/plugins/com.st.stm32cube.ide.mcu.externaltools.gnu-tools-for-stm32.7-2018-q2-update.win32_1.0.0.201904181610/tools/bin/../lib/gcc/arm-none-eabi/7.3.1/../../../../arm-none-eabi/lib/thumb/v7-m\libnosys.a
END GROUP
LOAD c:/program files (x86)/stmicroelectronics/stm32cubeide_1.1.0/stm32cubeide/plugins/com.st.stm32cube.ide.mcu.externaltools.gnu-tools-for-stm32.7-2018-q2-update.win32_1.0.0.201904181610/tools/bin/../lib/gcc/arm-none-eabi/7.3.1/thumb/v7-m/crtend.o
LOAD c:/program files (x86)/stmicroelectronics/stm32cubeide_1.1.0/stm32cubeide/plugins/com.st.stm32cube.ide.mcu.externaltools.gnu-tools-for-stm32.7-2018-q2-update.win32_1.0.0.201904181610/tools/bin/../lib/gcc/arm-none-eabi/7.3.1/thumb/v7-m/crtn.o
                0x0000000020004000                _estack = (ORIGIN (RAM) + LENGTH (RAM))
                0x0000000000000200                _Min_Heap_Size = 0x200
                0x0000000000000400                _Min_Stack_Size = 0x400

.isr_vector     0x0000000008000000      0x13c
                0x0000000008000000                . = ALIGN (0x4)
 *(.isr_vector)
 .isr_vector    0x0000000008000000      0x13c Core/Startup/startup_stm32l151cbux.o
                0x0000000008000000                g_pfnVectors
                0x000000000800013c                . = ALIGN (0x4)

.text           0x000000000800013c     0x48e4
                0x000000000800013c                . = ALIGN (0x4)
 *(.text)
 .text          0x000000000800013c       0x40 c:/program files (x86)/stmicroelectronics/stm32cubeide_1.1.0/stm32cubeide/plugins/com.st.stm32cube.ide.mcu.externaltools.gnu-tools-for-stm32.7-2018-q2-update.win32_1.0.0.201904181610/tools/bin/../lib/gcc/arm-none-eabi/7.3.1/thumb/v7-m/crtbegin.o
 *(.text*)
 .text.SX1278_device_init
                0x000000000800017c       0x64 Core/Src/SX1278.o
                0x000000000800017c                SX1278_device_init
 .text.SX1278_hw_init
                0x00000000080001e0       0x2a Core/Src/SX1278.o
                0x00000000080001e0                SX1278_hw_init
 .text.SX1278_hw_SetNSS
                0x000000000800020a       0x2e Core/Src/SX1278.o
                0x000000000800020a                SX1278_hw_SetNSS
 .text.SX1278_hw_Reset
                0x0000000008000238       0x48 Core/Src/SX1278.o
                0x0000000008000238                SX1278_hw_Reset
 .text.SX1278_hw_SPICommand
                0x0000000008000280       0x38 Core/Src/SX1278.o
                0x0000000008000280                SX1278_hw_SPICommand
 .text.SX1278_hw_SPIReadByte
                0x00000000080002b8       0x42 Core/Src/SX1278.o
                0x00000000080002b8                SX1278_hw_SPIReadByte
 .text.SX1278_hw_DelayMs
                0x00000000080002fa       0x16 Core/Src/SX1278.o
                0x00000000080002fa                SX1278_hw_DelayMs
 .text.SX1278_hw_GetDIO0
                0x0000000008000310       0x2e Core/Src/SX1278.o
                0x0000000008000310                SX1278_hw_GetDIO0
 .text.SX1278_SPIRead
                0x000000000800033e       0x3e Core/Src/SX1278.o
                0x000000000800033e                SX1278_SPIRead
 .text.SX1278_SPIWrite
                0x000000000800037c       0x52 Core/Src/SX1278.o
                0x000000000800037c                SX1278_SPIWrite
 .text.SX1278_SPIBurstWrite
                0x00000000080003ce       0x76 Core/Src/SX1278.o
                0x00000000080003ce                SX1278_SPIBurstWrite
 .text.SX1278_defaultConfig
                0x0000000008000444       0x2a Core/Src/SX1278.o
                0x0000000008000444                SX1278_defaultConfig
 *fill*         0x000000000800046e        0x2 
 .text.SX1278_config
                0x0000000008000470      0x154 Core/Src/SX1278.o
                0x0000000008000470                SX1278_config
 .text.SX1278_standby
                0x00000000080005c4       0x20 Core/Src/SX1278.o
                0x00000000080005c4                SX1278_standby
 .text.SX1278_sleep
                0x00000000080005e4       0x20 Core/Src/SX1278.o
                0x00000000080005e4                SX1278_sleep
 .text.SX1278_entryLoRa
                0x0000000008000604       0x1a Core/Src/SX1278.o
                0x0000000008000604                SX1278_entryLoRa
 .text.SX1278_clearLoRaIrq
                0x000000000800061e       0x1a Core/Src/SX1278.o
                0x000000000800061e                SX1278_clearLoRaIrq
 .text.SX1278_LoRaEntryTx
                0x0000000008000638       0xb0 Core/Src/SX1278.o
                0x0000000008000638                SX1278_LoRaEntryTx
 .text.SX1278_LoRaTxPacket
                0x00000000080006e8       0x7e Core/Src/SX1278.o
                0x00000000080006e8                SX1278_LoRaTxPacket
 .text.SX1278_begin
                0x0000000008000766       0x50 Core/Src/SX1278.o
                0x0000000008000766                SX1278_begin
 *fill*         0x00000000080007b6        0x2 
 .text.MX_DMA_Init
                0x00000000080007b8       0x5c Core/Src/dma.o
                0x00000000080007b8                MX_DMA_Init
 .text.MX_GPIO_Init
                0x0000000008000814      0x164 Core/Src/gpio.o
                0x0000000008000814                MX_GPIO_Init
 .text.MX_IWDG_Init
                0x0000000008000978       0x34 Core/Src/iwdg.o
                0x0000000008000978                MX_IWDG_Init
 .text.__io_putchar
                0x00000000080009ac       0x24 Core/Src/main.o
                0x00000000080009ac                __io_putchar
 .text.main     0x00000000080009d0      0x1e8 Core/Src/main.o
                0x00000000080009d0                main
 .text.SystemClock_Config
                0x0000000008000bb8       0xa0 Core/Src/main.o
                0x0000000008000bb8                SystemClock_Config
 .text.Error_Handler
                0x0000000008000c58        0xc Core/Src/main.o
                0x0000000008000c58                Error_Handler
 .text.MX_SPI1_Init
                0x0000000008000c64       0x6c Core/Src/spi.o
                0x0000000008000c64                MX_SPI1_Init
 .text.HAL_SPI_MspInit
                0x0000000008000cd0      0x134 Core/Src/spi.o
                0x0000000008000cd0                HAL_SPI_MspInit
 .text.HAL_MspInit
                0x0000000008000e04       0x5c Core/Src/stm32l1xx_hal_msp.o
                0x0000000008000e04                HAL_MspInit
 .text.NMI_Handler
                0x0000000008000e60        0xc Core/Src/stm32l1xx_it.o
                0x0000000008000e60                NMI_Handler
 .text.HardFault_Handler
                0x0000000008000e6c        0x6 Core/Src/stm32l1xx_it.o
                0x0000000008000e6c                HardFault_Handler
 .text.MemManage_Handler
                0x0000000008000e72        0x6 Core/Src/stm32l1xx_it.o
                0x0000000008000e72                MemManage_Handler
 .text.BusFault_Handler
                0x0000000008000e78        0x6 Core/Src/stm32l1xx_it.o
                0x0000000008000e78                BusFault_Handler
 .text.UsageFault_Handler
                0x0000000008000e7e        0x6 Core/Src/stm32l1xx_it.o
                0x0000000008000e7e                UsageFault_Handler
 .text.SVC_Handler
                0x0000000008000e84        0xc Core/Src/stm32l1xx_it.o
                0x0000000008000e84                SVC_Handler
 .text.DebugMon_Handler
                0x0000000008000e90        0xc Core/Src/stm32l1xx_it.o
                0x0000000008000e90                DebugMon_Handler
 .text.PendSV_Handler
                0x0000000008000e9c        0xc Core/Src/stm32l1xx_it.o
                0x0000000008000e9c                PendSV_Handler
 .text.SysTick_Handler
                0x0000000008000ea8        0xc Core/Src/stm32l1xx_it.o
                0x0000000008000ea8                SysTick_Handler
 .text.DMA1_Channel2_IRQHandler
                0x0000000008000eb4       0x14 Core/Src/stm32l1xx_it.o
                0x0000000008000eb4                DMA1_Channel2_IRQHandler
 .text.DMA1_Channel3_IRQHandler
                0x0000000008000ec8       0x14 Core/Src/stm32l1xx_it.o
                0x0000000008000ec8                DMA1_Channel3_IRQHandler
 .text.DMA1_Channel4_IRQHandler
                0x0000000008000edc       0x14 Core/Src/stm32l1xx_it.o
                0x0000000008000edc                DMA1_Channel4_IRQHandler
 .text.TIM6_IRQHandler
                0x0000000008000ef0       0x1c Core/Src/stm32l1xx_it.o
                0x0000000008000ef0                TIM6_IRQHandler
 .text._read    0x0000000008000f0c       0x3a Core/Src/syscalls.o
                0x0000000008000f0c                _read
 .text._write   0x0000000008000f46       0x38 Core/Src/syscalls.o
                0x0000000008000f46                _write
 .text._close   0x0000000008000f7e       0x16 Core/Src/syscalls.o
                0x0000000008000f7e                _close
 .text._fstat   0x0000000008000f94       0x1e Core/Src/syscalls.o
                0x0000000008000f94                _fstat
 .text._isatty  0x0000000008000fb2       0x14 Core/Src/syscalls.o
                0x0000000008000fb2                _isatty
 .text._lseek   0x0000000008000fc6       0x18 Core/Src/syscalls.o
                0x0000000008000fc6                _lseek
 *fill*         0x0000000008000fde        0x2 
 .text._sbrk    0x0000000008000fe0       0x58 Core/Src/sysmem.o
                0x0000000008000fe0                _sbrk
 .text.SystemInit
                0x0000000008001038       0x68 Core/Src/system_stm32l1xx.o
                0x0000000008001038                SystemInit
 .text.MX_TIM6_Init
                0x00000000080010a0       0x6c Core/Src/tim.o
                0x00000000080010a0                MX_TIM6_Init
 .text.HAL_TIM_Base_MspInit
                0x000000000800110c       0x4c Core/Src/tim.o
                0x000000000800110c                HAL_TIM_Base_MspInit
 .text.MX_USART1_UART_Init
                0x0000000008001158       0x54 Core/Src/usart.o
                0x0000000008001158                MX_USART1_UART_Init
 .text.HAL_UART_MspInit
                0x00000000080011ac       0xdc Core/Src/usart.o
                0x00000000080011ac                HAL_UART_MspInit
 .text.Reset_Handler
                0x0000000008001288       0x48 Core/Startup/startup_stm32l151cbux.o
                0x0000000008001288                Reset_Handler
 .text.Default_Handler
                0x00000000080012d0        0x2 Core/Startup/startup_stm32l151cbux.o
                0x00000000080012d0                RTC_Alarm_IRQHandler
                0x00000000080012d0                EXTI2_IRQHandler
                0x00000000080012d0                TIM10_IRQHandler
                0x00000000080012d0                USB_HP_IRQHandler
                0x00000000080012d0                PVD_IRQHandler
                0x00000000080012d0                EXTI3_IRQHandler
                0x00000000080012d0                EXTI0_IRQHandler
                0x00000000080012d0                I2C2_EV_IRQHandler
                0x00000000080012d0                SPI1_IRQHandler
                0x00000000080012d0                USB_FS_WKUP_IRQHandler
                0x00000000080012d0                ADC1_IRQHandler
                0x00000000080012d0                USART3_IRQHandler
                0x00000000080012d0                DMA1_Channel7_IRQHandler
                0x00000000080012d0                TIM4_IRQHandler
                0x00000000080012d0                I2C1_EV_IRQHandler
                0x00000000080012d0                DMA1_Channel6_IRQHandler
                0x00000000080012d0                TIM3_IRQHandler
                0x00000000080012d0                RCC_IRQHandler
                0x00000000080012d0                DMA1_Channel1_IRQHandler
                0x00000000080012d0                Default_Handler
                0x00000000080012d0                EXTI15_10_IRQHandler
                0x00000000080012d0                TIM7_IRQHandler
                0x00000000080012d0                EXTI9_5_IRQHandler
                0x00000000080012d0                TIM9_IRQHandler
                0x00000000080012d0                TAMPER_STAMP_IRQHandler
                0x00000000080012d0                RTC_WKUP_IRQHandler
                0x00000000080012d0                SPI2_IRQHandler
                0x00000000080012d0                DMA1_Channel5_IRQHandler
                0x00000000080012d0                USB_LP_IRQHandler
                0x00000000080012d0                EXTI4_IRQHandler
                0x00000000080012d0                COMP_IRQHandler
                0x00000000080012d0                WWDG_IRQHandler
                0x00000000080012d0                TIM2_IRQHandler
                0x00000000080012d0                DAC_IRQHandler
                0x00000000080012d0                EXTI1_IRQHandler
                0x00000000080012d0                TIM11_IRQHandler
                0x00000000080012d0                USART2_IRQHandler
                0x00000000080012d0                I2C2_ER_IRQHandler
                0x00000000080012d0                FLASH_IRQHandler
                0x00000000080012d0                USART1_IRQHandler
                0x00000000080012d0                I2C1_ER_IRQHandler
 .text.HAL_Init
                0x00000000080012d2       0x30 Drivers/STM32L1xx_HAL_Driver/Src/stm32l1xx_hal.o
                0x00000000080012d2                HAL_Init
 *fill*         0x0000000008001302        0x2 
 .text.HAL_InitTick
                0x0000000008001304       0x74 Drivers/STM32L1xx_HAL_Driver/Src/stm32l1xx_hal.o
                0x0000000008001304                HAL_InitTick
 .text.HAL_IncTick
                0x0000000008001378       0x24 Drivers/STM32L1xx_HAL_Driver/Src/stm32l1xx_hal.o
                0x0000000008001378                HAL_IncTick
 .text.HAL_GetTick
                0x000000000800139c       0x14 Drivers/STM32L1xx_HAL_Driver/Src/stm32l1xx_hal.o
                0x000000000800139c                HAL_GetTick
 .text.HAL_Delay
                0x00000000080013b0       0x44 Drivers/STM32L1xx_HAL_Driver/Src/stm32l1xx_hal.o
                0x00000000080013b0                HAL_Delay
 .text.__NVIC_SetPriorityGrouping
                0x00000000080013f4       0x48 Drivers/STM32L1xx_HAL_Driver/Src/stm32l1xx_hal_cortex.o
 .text.__NVIC_GetPriorityGrouping
                0x000000000800143c       0x1c Drivers/STM32L1xx_HAL_Driver/Src/stm32l1xx_hal_cortex.o
 .text.__NVIC_EnableIRQ
                0x0000000008001458       0x38 Drivers/STM32L1xx_HAL_Driver/Src/stm32l1xx_hal_cortex.o
 .text.__NVIC_SetPriority
                0x0000000008001490       0x54 Drivers/STM32L1xx_HAL_Driver/Src/stm32l1xx_hal_cortex.o
 .text.NVIC_EncodePriority
                0x00000000080014e4       0x64 Drivers/STM32L1xx_HAL_Driver/Src/stm32l1xx_hal_cortex.o
 .text.SysTick_Config
                0x0000000008001548       0x44 Drivers/STM32L1xx_HAL_Driver/Src/stm32l1xx_hal_cortex.o
 .text.HAL_NVIC_SetPriorityGrouping
                0x000000000800158c       0x16 Drivers/STM32L1xx_HAL_Driver/Src/stm32l1xx_hal_cortex.o
                0x000000000800158c                HAL_NVIC_SetPriorityGrouping
 .text.HAL_NVIC_SetPriority
                0x00000000080015a2       0x38 Drivers/STM32L1xx_HAL_Driver/Src/stm32l1xx_hal_cortex.o
                0x00000000080015a2                HAL_NVIC_SetPriority
 .text.HAL_NVIC_EnableIRQ
                0x00000000080015da       0x1c Drivers/STM32L1xx_HAL_Driver/Src/stm32l1xx_hal_cortex.o
                0x00000000080015da                HAL_NVIC_EnableIRQ
 .text.HAL_SYSTICK_Config
                0x00000000080015f6       0x18 Drivers/STM32L1xx_HAL_Driver/Src/stm32l1xx_hal_cortex.o
                0x00000000080015f6                HAL_SYSTICK_Config
 *fill*         0x000000000800160e        0x2 
 .text.HAL_DMA_Init
                0x0000000008001610       0xb0 Drivers/STM32L1xx_HAL_Driver/Src/stm32l1xx_hal_dma.o
                0x0000000008001610                HAL_DMA_Init
 .text.HAL_DMA_Start_IT
                0x00000000080016c0       0xc0 Drivers/STM32L1xx_HAL_Driver/Src/stm32l1xx_hal_dma.o
                0x00000000080016c0                HAL_DMA_Start_IT
 .text.HAL_DMA_IRQHandler
                0x0000000008001780      0x15e Drivers/STM32L1xx_HAL_Driver/Src/stm32l1xx_hal_dma.o
                0x0000000008001780                HAL_DMA_IRQHandler
 .text.DMA_SetConfig
                0x00000000080018de       0x5e Drivers/STM32L1xx_HAL_Driver/Src/stm32l1xx_hal_dma.o
 .text.HAL_GPIO_Init
                0x000000000800193c      0x2fc Drivers/STM32L1xx_HAL_Driver/Src/stm32l1xx_hal_gpio.o
                0x000000000800193c                HAL_GPIO_Init
 .text.HAL_GPIO_ReadPin
                0x0000000008001c38       0x2e Drivers/STM32L1xx_HAL_Driver/Src/stm32l1xx_hal_gpio.o
                0x0000000008001c38                HAL_GPIO_ReadPin
 .text.HAL_GPIO_WritePin
                0x0000000008001c66       0x30 Drivers/STM32L1xx_HAL_Driver/Src/stm32l1xx_hal_gpio.o
                0x0000000008001c66                HAL_GPIO_WritePin
 .text.HAL_IWDG_Init
                0x0000000008001c96       0x72 Drivers/STM32L1xx_HAL_Driver/Src/stm32l1xx_hal_iwdg.o
                0x0000000008001c96                HAL_IWDG_Init
 .text.HAL_IWDG_Refresh
                0x0000000008001d08       0x1e Drivers/STM32L1xx_HAL_Driver/Src/stm32l1xx_hal_iwdg.o
                0x0000000008001d08                HAL_IWDG_Refresh
 *fill*         0x0000000008001d26        0x2 
 .text.HAL_RCC_OscConfig
                0x0000000008001d28      0x660 Drivers/STM32L1xx_HAL_Driver/Src/stm32l1xx_hal_rcc.o
                0x0000000008001d28                HAL_RCC_OscConfig
 .text.HAL_RCC_ClockConfig
                0x0000000008002388      0x268 Drivers/STM32L1xx_HAL_Driver/Src/stm32l1xx_hal_rcc.o
                0x0000000008002388                HAL_RCC_ClockConfig
 .text.HAL_RCC_GetSysClockFreq
                0x00000000080025f0       0xb0 Drivers/STM32L1xx_HAL_Driver/Src/stm32l1xx_hal_rcc.o
                0x00000000080025f0                HAL_RCC_GetSysClockFreq
 .text.HAL_RCC_GetHCLKFreq
                0x00000000080026a0       0x14 Drivers/STM32L1xx_HAL_Driver/Src/stm32l1xx_hal_rcc.o
                0x00000000080026a0                HAL_RCC_GetHCLKFreq
 .text.HAL_RCC_GetPCLK1Freq
                0x00000000080026b4       0x28 Drivers/STM32L1xx_HAL_Driver/Src/stm32l1xx_hal_rcc.o
                0x00000000080026b4                HAL_RCC_GetPCLK1Freq
 .text.HAL_RCC_GetPCLK2Freq
                0x00000000080026dc       0x28 Drivers/STM32L1xx_HAL_Driver/Src/stm32l1xx_hal_rcc.o
                0x00000000080026dc                HAL_RCC_GetPCLK2Freq
 .text.RCC_SetFlashLatencyFromMSIRange
                0x0000000008002704       0xc0 Drivers/STM32L1xx_HAL_Driver/Src/stm32l1xx_hal_rcc.o
 .text.HAL_SPI_Init
                0x00000000080027c4       0xb2 Drivers/STM32L1xx_HAL_Driver/Src/stm32l1xx_hal_spi.o
                0x00000000080027c4                HAL_SPI_Init
 *fill*         0x0000000008002876        0x2 
 .text.HAL_SPI_Transmit_DMA
                0x0000000008002878      0x15c Drivers/STM32L1xx_HAL_Driver/Src/stm32l1xx_hal_spi.o
                0x0000000008002878                HAL_SPI_Transmit_DMA
 .text.HAL_SPI_TransmitReceive_DMA
                0x00000000080029d4      0x204 Drivers/STM32L1xx_HAL_Driver/Src/stm32l1xx_hal_spi.o
                0x00000000080029d4                HAL_SPI_TransmitReceive_DMA
 .text.HAL_SPI_TxCpltCallback
                0x0000000008002bd8       0x12 Drivers/STM32L1xx_HAL_Driver/Src/stm32l1xx_hal_spi.o
                0x0000000008002bd8                HAL_SPI_TxCpltCallback
 .text.HAL_SPI_RxCpltCallback
                0x0000000008002bea       0x12 Drivers/STM32L1xx_HAL_Driver/Src/stm32l1xx_hal_spi.o
                0x0000000008002bea                HAL_SPI_RxCpltCallback
 .text.HAL_SPI_TxRxCpltCallback
                0x0000000008002bfc       0x12 Drivers/STM32L1xx_HAL_Driver/Src/stm32l1xx_hal_spi.o
                0x0000000008002bfc                HAL_SPI_TxRxCpltCallback
 .text.HAL_SPI_TxHalfCpltCallback
                0x0000000008002c0e       0x12 Drivers/STM32L1xx_HAL_Driver/Src/stm32l1xx_hal_spi.o
                0x0000000008002c0e                HAL_SPI_TxHalfCpltCallback
 .text.HAL_SPI_RxHalfCpltCallback
                0x0000000008002c20       0x12 Drivers/STM32L1xx_HAL_Driver/Src/stm32l1xx_hal_spi.o
                0x0000000008002c20                HAL_SPI_RxHalfCpltCallback
 .text.HAL_SPI_TxRxHalfCpltCallback
                0x0000000008002c32       0x12 Drivers/STM32L1xx_HAL_Driver/Src/stm32l1xx_hal_spi.o
                0x0000000008002c32                HAL_SPI_TxRxHalfCpltCallback
 .text.HAL_SPI_ErrorCallback
                0x0000000008002c44       0x12 Drivers/STM32L1xx_HAL_Driver/Src/stm32l1xx_hal_spi.o
                0x0000000008002c44                HAL_SPI_ErrorCallback
 .text.SPI_DMATransmitCplt
                0x0000000008002c56       0xa6 Drivers/STM32L1xx_HAL_Driver/Src/stm32l1xx_hal_spi.o
 .text.SPI_DMAReceiveCplt
                0x0000000008002cfc       0x82 Drivers/STM32L1xx_HAL_Driver/Src/stm32l1xx_hal_spi.o
 .text.SPI_DMATransmitReceiveCplt
                0x0000000008002d7e       0x8e Drivers/STM32L1xx_HAL_Driver/Src/stm32l1xx_hal_spi.o
 .text.SPI_DMAHalfTransmitCplt
                0x0000000008002e0c       0x1c Drivers/STM32L1xx_HAL_Driver/Src/stm32l1xx_hal_spi.o
 .text.SPI_DMAHalfReceiveCplt
                0x0000000008002e28       0x1c Drivers/STM32L1xx_HAL_Driver/Src/stm32l1xx_hal_spi.o
 .text.SPI_DMAHalfTransmitReceiveCplt
                0x0000000008002e44       0x1c Drivers/STM32L1xx_HAL_Driver/Src/stm32l1xx_hal_spi.o
 .text.SPI_DMAError
                0x0000000008002e60       0x40 Drivers/STM32L1xx_HAL_Driver/Src/stm32l1xx_hal_spi.o
 .text.SPI_WaitFlagStateUntilTimeout
                0x0000000008002ea0       0xd4 Drivers/STM32L1xx_HAL_Driver/Src/stm32l1xx_hal_spi.o
 .text.SPI_EndRxTransaction
                0x0000000008002f74       0xca Drivers/STM32L1xx_HAL_Driver/Src/stm32l1xx_hal_spi.o
 .text.SPI_EndRxTxTransaction
                0x000000000800303e       0x78 Drivers/STM32L1xx_HAL_Driver/Src/stm32l1xx_hal_spi.o
 .text.HAL_TIM_Base_Init
                0x00000000080030b6       0x56 Drivers/STM32L1xx_HAL_Driver/Src/stm32l1xx_hal_tim.o
                0x00000000080030b6                HAL_TIM_Base_Init
 .text.HAL_TIM_Base_Start_IT
                0x000000000800310c       0x46 Drivers/STM32L1xx_HAL_Driver/Src/stm32l1xx_hal_tim.o
                0x000000000800310c                HAL_TIM_Base_Start_IT
 .text.HAL_TIM_IRQHandler
                0x0000000008003152      0x1b8 Drivers/STM32L1xx_HAL_Driver/Src/stm32l1xx_hal_tim.o
                0x0000000008003152                HAL_TIM_IRQHandler
 .text.HAL_TIM_PeriodElapsedCallback
                0x000000000800330a       0x12 Drivers/STM32L1xx_HAL_Driver/Src/stm32l1xx_hal_tim.o
                0x000000000800330a                HAL_TIM_PeriodElapsedCallback
 .text.HAL_TIM_OC_DelayElapsedCallback
                0x000000000800331c       0x12 Drivers/STM32L1xx_HAL_Driver/Src/stm32l1xx_hal_tim.o
                0x000000000800331c                HAL_TIM_OC_DelayElapsedCallback
 .text.HAL_TIM_IC_CaptureCallback
                0x000000000800332e       0x12 Drivers/STM32L1xx_HAL_Driver/Src/stm32l1xx_hal_tim.o
                0x000000000800332e                HAL_TIM_IC_CaptureCallback
 .text.HAL_TIM_PWM_PulseFinishedCallback
                0x0000000008003340       0x12 Drivers/STM32L1xx_HAL_Driver/Src/stm32l1xx_hal_tim.o
                0x0000000008003340                HAL_TIM_PWM_PulseFinishedCallback
 .text.HAL_TIM_TriggerCallback
                0x0000000008003352       0x12 Drivers/STM32L1xx_HAL_Driver/Src/stm32l1xx_hal_tim.o
                0x0000000008003352                HAL_TIM_TriggerCallback
 .text.TIM_Base_SetConfig
                0x0000000008003364       0xc4 Drivers/STM32L1xx_HAL_Driver/Src/stm32l1xx_hal_tim.o
 .text.HAL_TIMEx_MasterConfigSynchronization
                0x0000000008003428       0x88 Drivers/STM32L1xx_HAL_Driver/Src/stm32l1xx_hal_tim_ex.o
                0x0000000008003428                HAL_TIMEx_MasterConfigSynchronization
 .text.HAL_UART_Init
                0x00000000080034b0       0x9a Drivers/STM32L1xx_HAL_Driver/Src/stm32l1xx_hal_uart.o
                0x00000000080034b0                HAL_UART_Init
 .text.HAL_UART_Transmit
                0x000000000800354a      0x132 Drivers/STM32L1xx_HAL_Driver/Src/stm32l1xx_hal_uart.o
                0x000000000800354a                HAL_UART_Transmit
 .text.UART_WaitOnFlagUntilTimeout
                0x000000000800367c       0x94 Drivers/STM32L1xx_HAL_Driver/Src/stm32l1xx_hal_uart.o
 .text.UART_SetConfig
                0x0000000008003710      0x310 Drivers/STM32L1xx_HAL_Driver/Src/stm32l1xx_hal_uart.o
 .text.__errno  0x0000000008003a20        0xc c:/program files (x86)/stmicroelectronics/stm32cubeide_1.1.0/stm32cubeide/plugins/com.st.stm32cube.ide.mcu.externaltools.gnu-tools-for-stm32.7-2018-q2-update.win32_1.0.0.201904181610/tools/bin/../lib/gcc/arm-none-eabi/7.3.1/../../../../arm-none-eabi/lib/thumb/v7-m\libc_nano.a(lib_a-errno.o)
                0x0000000008003a20                __errno
 .text.__libc_init_array
                0x0000000008003a2c       0x48 c:/program files (x86)/stmicroelectronics/stm32cubeide_1.1.0/stm32cubeide/plugins/com.st.stm32cube.ide.mcu.externaltools.gnu-tools-for-stm32.7-2018-q2-update.win32_1.0.0.201904181610/tools/bin/../lib/gcc/arm-none-eabi/7.3.1/../../../../arm-none-eabi/lib/thumb/v7-m\libc_nano.a(lib_a-init.o)
                0x0000000008003a2c                __libc_init_array
 .text.memcpy   0x0000000008003a74       0x16 c:/program files (x86)/stmicroelectronics/stm32cubeide_1.1.0/stm32cubeide/plugins/com.st.stm32cube.ide.mcu.externaltools.gnu-tools-for-stm32.7-2018-q2-update.win32_1.0.0.201904181610/tools/bin/../lib/gcc/arm-none-eabi/7.3.1/../../../../arm-none-eabi/lib/thumb/v7-m\libc_nano.a(lib_a-memcpy-stub.o)
                0x0000000008003a74                memcpy
 .text.memset   0x0000000008003a8a       0x10 c:/program files (x86)/stmicroelectronics/stm32cubeide_1.1.0/stm32cubeide/plugins/com.st.stm32cube.ide.mcu.externaltools.gnu-tools-for-stm32.7-2018-q2-update.win32_1.0.0.201904181610/tools/bin/../lib/gcc/arm-none-eabi/7.3.1/../../../../arm-none-eabi/lib/thumb/v7-m\libc_nano.a(lib_a-memset.o)
                0x0000000008003a8a                memset
 *fill*         0x0000000008003a9a        0x2 
 .text._puts_r  0x0000000008003a9c       0xb8 c:/program files (x86)/stmicroelectronics/stm32cubeide_1.1.0/stm32cubeide/plugins/com.st.stm32cube.ide.mcu.externaltools.gnu-tools-for-stm32.7-2018-q2-update.win32_1.0.0.201904181610/tools/bin/../lib/gcc/arm-none-eabi/7.3.1/../../../../arm-none-eabi/lib/thumb/v7-m\libc_nano.a(lib_a-puts.o)
                0x0000000008003a9c                _puts_r
 .text.puts     0x0000000008003b54       0x10 c:/program files (x86)/stmicroelectronics/stm32cubeide_1.1.0/stm32cubeide/plugins/com.st.stm32cube.ide.mcu.externaltools.gnu-tools-for-stm32.7-2018-q2-update.win32_1.0.0.201904181610/tools/bin/../lib/gcc/arm-none-eabi/7.3.1/../../../../arm-none-eabi/lib/thumb/v7-m\libc_nano.a(lib_a-puts.o)
                0x0000000008003b54                puts
 .text.sprintf  0x0000000008003b64       0x40 c:/program files (x86)/stmicroelectronics/stm32cubeide_1.1.0/stm32cubeide/plugins/com.st.stm32cube.ide.mcu.externaltools.gnu-tools-for-stm32.7-2018-q2-update.win32_1.0.0.201904181610/tools/bin/../lib/gcc/arm-none-eabi/7.3.1/../../../../arm-none-eabi/lib/thumb/v7-m\libc_nano.a(lib_a-sprintf.o)
                0x0000000008003b64                siprintf
                0x0000000008003b64                sprintf
 .text.__swbuf_r
                0x0000000008003ba4       0xa4 c:/program files (x86)/stmicroelectronics/stm32cubeide_1.1.0/stm32cubeide/plugins/com.st.stm32cube.ide.mcu.externaltools.gnu-tools-for-stm32.7-2018-q2-update.win32_1.0.0.201904181610/tools/bin/../lib/gcc/arm-none-eabi/7.3.1/../../../../arm-none-eabi/lib/thumb/v7-m\libc_nano.a(lib_a-wbuf.o)
                0x0000000008003ba4                __swbuf_r
 .text.__swsetup_r
                0x0000000008003c48       0xdc c:/program files (x86)/stmicroelectronics/stm32cubeide_1.1.0/stm32cubeide/plugins/com.st.stm32cube.ide.mcu.externaltools.gnu-tools-for-stm32.7-2018-q2-update.win32_1.0.0.201904181610/tools/bin/../lib/gcc/arm-none-eabi/7.3.1/../../../../arm-none-eabi/lib/thumb/v7-m\libc_nano.a(lib_a-wsetup.o)
                0x0000000008003c48                __swsetup_r
 .text.__sflush_r
                0x0000000008003d24      0x10c c:/program files (x86)/stmicroelectronics/stm32cubeide_1.1.0/stm32cubeide/plugins/com.st.stm32cube.ide.mcu.externaltools.gnu-tools-for-stm32.7-2018-q2-update.win32_1.0.0.201904181610/tools/bin/../lib/gcc/arm-none-eabi/7.3.1/../../../../arm-none-eabi/lib/thumb/v7-m\libc_nano.a(lib_a-fflush.o)
                0x0000000008003d24                __sflush_r
 .text._fflush_r
                0x0000000008003e30       0x54 c:/program files (x86)/stmicroelectronics/stm32cubeide_1.1.0/stm32cubeide/plugins/com.st.stm32cube.ide.mcu.externaltools.gnu-tools-for-stm32.7-2018-q2-update.win32_1.0.0.201904181610/tools/bin/../lib/gcc/arm-none-eabi/7.3.1/../../../../arm-none-eabi/lib/thumb/v7-m\libc_nano.a(lib_a-fflush.o)
                0x0000000008003e30                _fflush_r
 .text.std      0x0000000008003e84       0x48 c:/program files (x86)/stmicroelectronics/stm32cubeide_1.1.0/stm32cubeide/plugins/com.st.stm32cube.ide.mcu.externaltools.gnu-tools-for-stm32.7-2018-q2-update.win32_1.0.0.201904181610/tools/bin/../lib/gcc/arm-none-eabi/7.3.1/../../../../arm-none-eabi/lib/thumb/v7-m\libc_nano.a(lib_a-findfp.o)
 .text._cleanup_r
                0x0000000008003ecc        0xc c:/program files (x86)/stmicroelectronics/stm32cubeide_1.1.0/stm32cubeide/plugins/com.st.stm32cube.ide.mcu.externaltools.gnu-tools-for-stm32.7-2018-q2-update.win32_1.0.0.201904181610/tools/bin/../lib/gcc/arm-none-eabi/7.3.1/../../../../arm-none-eabi/lib/thumb/v7-m\libc_nano.a(lib_a-findfp.o)
                0x0000000008003ecc                _cleanup_r
 .text.__sfmoreglue
                0x0000000008003ed8       0x2c c:/program files (x86)/stmicroelectronics/stm32cubeide_1.1.0/stm32cubeide/plugins/com.st.stm32cube.ide.mcu.externaltools.gnu-tools-for-stm32.7-2018-q2-update.win32_1.0.0.201904181610/tools/bin/../lib/gcc/arm-none-eabi/7.3.1/../../../../arm-none-eabi/lib/thumb/v7-m\libc_nano.a(lib_a-findfp.o)
                0x0000000008003ed8                __sfmoreglue
 .text.__sinit  0x0000000008003f04       0x60 c:/program files (x86)/stmicroelectronics/stm32cubeide_1.1.0/stm32cubeide/plugins/com.st.stm32cube.ide.mcu.externaltools.gnu-tools-for-stm32.7-2018-q2-update.win32_1.0.0.201904181610/tools/bin/../lib/gcc/arm-none-eabi/7.3.1/../../../../arm-none-eabi/lib/thumb/v7-m\libc_nano.a(lib_a-findfp.o)
                0x0000000008003f04                __sinit
 .text.__sfp    0x0000000008003f64       0x78 c:/program files (x86)/stmicroelectronics/stm32cubeide_1.1.0/stm32cubeide/plugins/com.st.stm32cube.ide.mcu.externaltools.gnu-tools-for-stm32.7-2018-q2-update.win32_1.0.0.201904181610/tools/bin/../lib/gcc/arm-none-eabi/7.3.1/../../../../arm-none-eabi/lib/thumb/v7-m\libc_nano.a(lib_a-findfp.o)
                0x0000000008003f64                __sfp
 .text._fwalk_reent
                0x0000000008003fdc       0x3c c:/program files (x86)/stmicroelectronics/stm32cubeide_1.1.0/stm32cubeide/plugins/com.st.stm32cube.ide.mcu.externaltools.gnu-tools-for-stm32.7-2018-q2-update.win32_1.0.0.201904181610/tools/bin/../lib/gcc/arm-none-eabi/7.3.1/../../../../arm-none-eabi/lib/thumb/v7-m\libc_nano.a(lib_a-fwalk.o)
                0x0000000008003fdc                _fwalk_reent
 .text.__swhatbuf_r
                0x0000000008004018       0x48 c:/program files (x86)/stmicroelectronics/stm32cubeide_1.1.0/stm32cubeide/plugins/com.st.stm32cube.ide.mcu.externaltools.gnu-tools-for-stm32.7-2018-q2-update.win32_1.0.0.201904181610/tools/bin/../lib/gcc/arm-none-eabi/7.3.1/../../../../arm-none-eabi/lib/thumb/v7-m\libc_nano.a(lib_a-makebuf.o)
                0x0000000008004018                __swhatbuf_r
 .text.__smakebuf_r
                0x0000000008004060       0x80 c:/program files (x86)/stmicroelectronics/stm32cubeide_1.1.0/stm32cubeide/plugins/com.st.stm32cube.ide.mcu.externaltools.gnu-tools-for-stm32.7-2018-q2-update.win32_1.0.0.201904181610/tools/bin/../lib/gcc/arm-none-eabi/7.3.1/../../../../arm-none-eabi/lib/thumb/v7-m\libc_nano.a(lib_a-makebuf.o)
                0x0000000008004060                __smakebuf_r
 .text._free_r  0x00000000080040e0       0x98 c:/program files (x86)/stmicroelectronics/stm32cubeide_1.1.0/stm32cubeide/plugins/com.st.stm32cube.ide.mcu.externaltools.gnu-tools-for-stm32.7-2018-q2-update.win32_1.0.0.201904181610/tools/bin/../lib/gcc/arm-none-eabi/7.3.1/../../../../arm-none-eabi/lib/thumb/v7-m\libc_nano.a(lib_a-nano-freer.o)
                0x00000000080040e0                _free_r
 .text._malloc_r
                0x0000000008004178       0xb4 c:/program files (x86)/stmicroelectronics/stm32cubeide_1.1.0/stm32cubeide/plugins/com.st.stm32cube.ide.mcu.externaltools.gnu-tools-for-stm32.7-2018-q2-update.win32_1.0.0.201904181610/tools/bin/../lib/gcc/arm-none-eabi/7.3.1/../../../../arm-none-eabi/lib/thumb/v7-m\libc_nano.a(lib_a-nano-mallocr.o)
                0x0000000008004178                _malloc_r
 .text.__ssputs_r
                0x000000000800422c       0xb4 c:/program files (x86)/stmicroelectronics/stm32cubeide_1.1.0/stm32cubeide/plugins/com.st.stm32cube.ide.mcu.externaltools.gnu-tools-for-stm32.7-2018-q2-update.win32_1.0.0.201904181610/tools/bin/../lib/gcc/arm-none-eabi/7.3.1/../../../../arm-none-eabi/lib/thumb/v7-m\libc_nano.a(lib_a-nano-svfprintf.o)
                0x000000000800422c                __ssputs_r
 .text._svfprintf_r
                0x00000000080042e0      0x1f0 c:/program files (x86)/stmicroelectronics/stm32cubeide_1.1.0/stm32cubeide/plugins/com.st.stm32cube.ide.mcu.externaltools.gnu-tools-for-stm32.7-2018-q2-update.win32_1.0.0.201904181610/tools/bin/../lib/gcc/arm-none-eabi/7.3.1/../../../../arm-none-eabi/lib/thumb/v7-m\libc_nano.a(lib_a-nano-svfprintf.o)
                0x00000000080042e0                _svfiprintf_r
                0x00000000080042e0                _svfprintf_r
 .text._printf_common
                0x00000000080044d0       0xec c:/program files (x86)/stmicroelectronics/stm32cubeide_1.1.0/stm32cubeide/plugins/com.st.stm32cube.ide.mcu.externaltools.gnu-tools-for-stm32.7-2018-q2-update.win32_1.0.0.201904181610/tools/bin/../lib/gcc/arm-none-eabi/7.3.1/../../../../arm-none-eabi/lib/thumb/v7-m\libc_nano.a(lib_a-nano-vfprintf_i.o)
                0x00000000080044d0                _printf_common
 .text._printf_i
                0x00000000080045bc      0x224 c:/program files (x86)/stmicroelectronics/stm32cubeide_1.1.0/stm32cubeide/plugins/com.st.stm32cube.ide.mcu.externaltools.gnu-tools-for-stm32.7-2018-q2-update.win32_1.0.0.201904181610/tools/bin/../lib/gcc/arm-none-eabi/7.3.1/../../../../arm-none-eabi/lib/thumb/v7-m\libc_nano.a(lib_a-nano-vfprintf_i.o)
                0x00000000080045bc                _printf_i
 .text._sbrk_r  0x00000000080047e0       0x20 c:/program files (x86)/stmicroelectronics/stm32cubeide_1.1.0/stm32cubeide/plugins/com.st.stm32cube.ide.mcu.externaltools.gnu-tools-for-stm32.7-2018-q2-update.win32_1.0.0.201904181610/tools/bin/../lib/gcc/arm-none-eabi/7.3.1/../../../../arm-none-eabi/lib/thumb/v7-m\libc_nano.a(lib_a-sbrkr.o)
                0x00000000080047e0                _sbrk_r
 .text.__sread  0x0000000008004800       0x22 c:/program files (x86)/stmicroelectronics/stm32cubeide_1.1.0/stm32cubeide/plugins/com.st.stm32cube.ide.mcu.externaltools.gnu-tools-for-stm32.7-2018-q2-update.win32_1.0.0.201904181610/tools/bin/../lib/gcc/arm-none-eabi/7.3.1/../../../../arm-none-eabi/lib/thumb/v7-m\libc_nano.a(lib_a-stdio.o)
                0x0000000008004800                __sread
 .text.__swrite
                0x0000000008004822       0x38 c:/program files (x86)/stmicroelectronics/stm32cubeide_1.1.0/stm32cubeide/plugins/com.st.stm32cube.ide.mcu.externaltools.gnu-tools-for-stm32.7-2018-q2-update.win32_1.0.0.201904181610/tools/bin/../lib/gcc/arm-none-eabi/7.3.1/../../../../arm-none-eabi/lib/thumb/v7-m\libc_nano.a(lib_a-stdio.o)
                0x0000000008004822                __swrite
 .text.__sseek  0x000000000800485a       0x24 c:/program files (x86)/stmicroelectronics/stm32cubeide_1.1.0/stm32cubeide/plugins/com.st.stm32cube.ide.mcu.externaltools.gnu-tools-for-stm32.7-2018-q2-update.win32_1.0.0.201904181610/tools/bin/../lib/gcc/arm-none-eabi/7.3.1/../../../../arm-none-eabi/lib/thumb/v7-m\libc_nano.a(lib_a-stdio.o)
                0x000000000800485a                __sseek
 .text.__sclose
                0x000000000800487e        0x8 c:/program files (x86)/stmicroelectronics/stm32cubeide_1.1.0/stm32cubeide/plugins/com.st.stm32cube.ide.mcu.externaltools.gnu-tools-for-stm32.7-2018-q2-update.win32_1.0.0.201904181610/tools/bin/../lib/gcc/arm-none-eabi/7.3.1/../../../../arm-none-eabi/lib/thumb/v7-m\libc_nano.a(lib_a-stdio.o)
                0x000000000800487e                __sclose
 *fill*         0x0000000008004886        0x2 
 .text._write_r
                0x0000000008004888       0x24 c:/program files (x86)/stmicroelectronics/stm32cubeide_1.1.0/stm32cubeide/plugins/com.st.stm32cube.ide.mcu.externaltools.gnu-tools-for-stm32.7-2018-q2-update.win32_1.0.0.201904181610/tools/bin/../lib/gcc/arm-none-eabi/7.3.1/../../../../arm-none-eabi/lib/thumb/v7-m\libc_nano.a(lib_a-writer.o)
                0x0000000008004888                _write_r
 .text._close_r
                0x00000000080048ac       0x20 c:/program files (x86)/stmicroelectronics/stm32cubeide_1.1.0/stm32cubeide/plugins/com.st.stm32cube.ide.mcu.externaltools.gnu-tools-for-stm32.7-2018-q2-update.win32_1.0.0.201904181610/tools/bin/../lib/gcc/arm-none-eabi/7.3.1/../../../../arm-none-eabi/lib/thumb/v7-m\libc_nano.a(lib_a-closer.o)
                0x00000000080048ac                _close_r
 .text._fstat_r
                0x00000000080048cc       0x24 c:/program files (x86)/stmicroelectronics/stm32cubeide_1.1.0/stm32cubeide/plugins/com.st.stm32cube.ide.mcu.externaltools.gnu-tools-for-stm32.7-2018-q2-update.win32_1.0.0.201904181610/tools/bin/../lib/gcc/arm-none-eabi/7.3.1/../../../../arm-none-eabi/lib/thumb/v7-m\libc_nano.a(lib_a-fstatr.o)
                0x00000000080048cc                _fstat_r
 .text._isatty_r
                0x00000000080048f0       0x20 c:/program files (x86)/stmicroelectronics/stm32cubeide_1.1.0/stm32cubeide/plugins/com.st.stm32cube.ide.mcu.externaltools.gnu-tools-for-stm32.7-2018-q2-update.win32_1.0.0.201904181610/tools/bin/../lib/gcc/arm-none-eabi/7.3.1/../../../../arm-none-eabi/lib/thumb/v7-m\libc_nano.a(lib_a-isattyr.o)
                0x00000000080048f0                _isatty_r
 .text._lseek_r
                0x0000000008004910       0x24 c:/program files (x86)/stmicroelectronics/stm32cubeide_1.1.0/stm32cubeide/plugins/com.st.stm32cube.ide.mcu.externaltools.gnu-tools-for-stm32.7-2018-q2-update.win32_1.0.0.201904181610/tools/bin/../lib/gcc/arm-none-eabi/7.3.1/../../../../arm-none-eabi/lib/thumb/v7-m\libc_nano.a(lib_a-lseekr.o)
                0x0000000008004910                _lseek_r
 .text.memchr   0x0000000008004934       0x1c c:/program files (x86)/stmicroelectronics/stm32cubeide_1.1.0/stm32cubeide/plugins/com.st.stm32cube.ide.mcu.externaltools.gnu-tools-for-stm32.7-2018-q2-update.win32_1.0.0.201904181610/tools/bin/../lib/gcc/arm-none-eabi/7.3.1/../../../../arm-none-eabi/lib/thumb/v7-m\libc_nano.a(lib_a-memchr-stub.o)
                0x0000000008004934                memchr
 .text.memmove  0x0000000008004950       0x32 c:/program files (x86)/stmicroelectronics/stm32cubeide_1.1.0/stm32cubeide/plugins/com.st.stm32cube.ide.mcu.externaltools.gnu-tools-for-stm32.7-2018-q2-update.win32_1.0.0.201904181610/tools/bin/../lib/gcc/arm-none-eabi/7.3.1/../../../../arm-none-eabi/lib/thumb/v7-m\libc_nano.a(lib_a-memmove.o)
                0x0000000008004950                memmove
 .text.__malloc_lock
                0x0000000008004982        0x2 c:/program files (x86)/stmicroelectronics/stm32cubeide_1.1.0/stm32cubeide/plugins/com.st.stm32cube.ide.mcu.externaltools.gnu-tools-for-stm32.7-2018-q2-update.win32_1.0.0.201904181610/tools/bin/../lib/gcc/arm-none-eabi/7.3.1/../../../../arm-none-eabi/lib/thumb/v7-m\libc_nano.a(lib_a-mlock.o)
                0x0000000008004982                __malloc_lock
 .text.__malloc_unlock
                0x0000000008004984        0x2 c:/program files (x86)/stmicroelectronics/stm32cubeide_1.1.0/stm32cubeide/plugins/com.st.stm32cube.ide.mcu.externaltools.gnu-tools-for-stm32.7-2018-q2-update.win32_1.0.0.201904181610/tools/bin/../lib/gcc/arm-none-eabi/7.3.1/../../../../arm-none-eabi/lib/thumb/v7-m\libc_nano.a(lib_a-mlock.o)
                0x0000000008004984                __malloc_unlock
 .text._realloc_r
                0x0000000008004986       0x4c c:/program files (x86)/stmicroelectronics/stm32cubeide_1.1.0/stm32cubeide/plugins/com.st.stm32cube.ide.mcu.externaltools.gnu-tools-for-stm32.7-2018-q2-update.win32_1.0.0.201904181610/tools/bin/../lib/gcc/arm-none-eabi/7.3.1/../../../../arm-none-eabi/lib/thumb/v7-m\libc_nano.a(lib_a-nano-reallocr.o)
                0x0000000008004986                _realloc_r
 *fill*         0x00000000080049d2        0x2 
 .text._read_r  0x00000000080049d4       0x24 c:/program files (x86)/stmicroelectronics/stm32cubeide_1.1.0/stm32cubeide/plugins/com.st.stm32cube.ide.mcu.externaltools.gnu-tools-for-stm32.7-2018-q2-update.win32_1.0.0.201904181610/tools/bin/../lib/gcc/arm-none-eabi/7.3.1/../../../../arm-none-eabi/lib/thumb/v7-m\libc_nano.a(lib_a-readr.o)
                0x00000000080049d4                _read_r
 .text._malloc_usable_size_r
                0x00000000080049f8       0x10 c:/program files (x86)/stmicroelectronics/stm32cubeide_1.1.0/stm32cubeide/plugins/com.st.stm32cube.ide.mcu.externaltools.gnu-tools-for-stm32.7-2018-q2-update.win32_1.0.0.201904181610/tools/bin/../lib/gcc/arm-none-eabi/7.3.1/../../../../arm-none-eabi/lib/thumb/v7-m\libc_nano.a(lib_a-nano-msizer.o)
                0x00000000080049f8                _malloc_usable_size_r
 *(.glue_7)
 .glue_7        0x0000000008004a08        0x0 linker stubs
 *(.glue_7t)
 .glue_7t       0x0000000008004a08        0x0 linker stubs
 *(.eh_frame)
 .eh_frame      0x0000000008004a08        0x0 c:/program files (x86)/stmicroelectronics/stm32cubeide_1.1.0/stm32cubeide/plugins/com.st.stm32cube.ide.mcu.externaltools.gnu-tools-for-stm32.7-2018-q2-update.win32_1.0.0.201904181610/tools/bin/../lib/gcc/arm-none-eabi/7.3.1/thumb/v7-m/crtbegin.o
 *(.init)
 .init          0x0000000008004a08        0x4 c:/program files (x86)/stmicroelectronics/stm32cubeide_1.1.0/stm32cubeide/plugins/com.st.stm32cube.ide.mcu.externaltools.gnu-tools-for-stm32.7-2018-q2-update.win32_1.0.0.201904181610/tools/bin/../lib/gcc/arm-none-eabi/7.3.1/thumb/v7-m/crti.o
                0x0000000008004a08                _init
 .init          0x0000000008004a0c        0x8 c:/program files (x86)/stmicroelectronics/stm32cubeide_1.1.0/stm32cubeide/plugins/com.st.stm32cube.ide.mcu.externaltools.gnu-tools-for-stm32.7-2018-q2-update.win32_1.0.0.201904181610/tools/bin/../lib/gcc/arm-none-eabi/7.3.1/thumb/v7-m/crtn.o
 *(.fini)
 .fini          0x0000000008004a14        0x4 c:/program files (x86)/stmicroelectronics/stm32cubeide_1.1.0/stm32cubeide/plugins/com.st.stm32cube.ide.mcu.externaltools.gnu-tools-for-stm32.7-2018-q2-update.win32_1.0.0.201904181610/tools/bin/../lib/gcc/arm-none-eabi/7.3.1/thumb/v7-m/crti.o
                0x0000000008004a14                _fini
 .fini          0x0000000008004a18        0x8 c:/program files (x86)/stmicroelectronics/stm32cubeide_1.1.0/stm32cubeide/plugins/com.st.stm32cube.ide.mcu.externaltools.gnu-tools-for-stm32.7-2018-q2-update.win32_1.0.0.201904181610/tools/bin/../lib/gcc/arm-none-eabi/7.3.1/thumb/v7-m/crtn.o
                0x0000000008004a20                . = ALIGN (0x4)
                0x0000000008004a20                _etext = .

.vfp11_veneer   0x0000000008004a20        0x0
 .vfp11_veneer  0x0000000008004a20        0x0 linker stubs

.v4_bx          0x0000000008004a20        0x0
 .v4_bx         0x0000000008004a20        0x0 linker stubs

.iplt           0x0000000008004a20        0x0
 .iplt          0x0000000008004a20        0x0 c:/program files (x86)/stmicroelectronics/stm32cubeide_1.1.0/stm32cubeide/plugins/com.st.stm32cube.ide.mcu.externaltools.gnu-tools-for-stm32.7-2018-q2-update.win32_1.0.0.201904181610/tools/bin/../lib/gcc/arm-none-eabi/7.3.1/thumb/v7-m/crtbegin.o

.rodata         0x0000000008004a20      0x280
                0x0000000008004a20                . = ALIGN (0x4)
 *(.rodata)
 .rodata        0x0000000008004a20      0x1a6 Core/Src/main.o
 *(.rodata*)
 *fill*         0x0000000008004bc6        0x2 
 .rodata.SX1278_Frequency
                0x0000000008004bc8        0x3 Core/Src/SX1278.o
 *fill*         0x0000000008004bcb        0x1 
 .rodata.SX1278_Power
                0x0000000008004bcc        0x4 Core/Src/SX1278.o
 .rodata.SX1278_SpreadFactor
                0x0000000008004bd0        0x7 Core/Src/SX1278.o
 *fill*         0x0000000008004bd7        0x1 
 .rodata.SX1278_LoRaBandwidth
                0x0000000008004bd8        0xa Core/Src/SX1278.o
 *fill*         0x0000000008004be2        0x2 
 .rodata.PLLMulTable
                0x0000000008004be4        0x9 Core/Src/system_stm32l1xx.o
                0x0000000008004be4                PLLMulTable
 *fill*         0x0000000008004bed        0x3 
 .rodata.AHBPrescTable
                0x0000000008004bf0       0x10 Core/Src/system_stm32l1xx.o
                0x0000000008004bf0                AHBPrescTable
 .rodata.APBPrescTable
                0x0000000008004c00        0x8 Core/Src/system_stm32l1xx.o
                0x0000000008004c00                APBPrescTable
 .rodata._global_impure_ptr
                0x0000000008004c08        0x4 c:/program files (x86)/stmicroelectronics/stm32cubeide_1.1.0/stm32cubeide/plugins/com.st.stm32cube.ide.mcu.externaltools.gnu-tools-for-stm32.7-2018-q2-update.win32_1.0.0.201904181610/tools/bin/../lib/gcc/arm-none-eabi/7.3.1/../../../../arm-none-eabi/lib/thumb/v7-m\libc_nano.a(lib_a-impure.o)
                0x0000000008004c08                _global_impure_ptr
 .rodata.__sf_fake_stderr
                0x0000000008004c0c       0x20 c:/program files (x86)/stmicroelectronics/stm32cubeide_1.1.0/stm32cubeide/plugins/com.st.stm32cube.ide.mcu.externaltools.gnu-tools-for-stm32.7-2018-q2-update.win32_1.0.0.201904181610/tools/bin/../lib/gcc/arm-none-eabi/7.3.1/../../../../arm-none-eabi/lib/thumb/v7-m\libc_nano.a(lib_a-findfp.o)
                0x0000000008004c0c                __sf_fake_stderr
 .rodata.__sf_fake_stdin
                0x0000000008004c2c       0x20 c:/program files (x86)/stmicroelectronics/stm32cubeide_1.1.0/stm32cubeide/plugins/com.st.stm32cube.ide.mcu.externaltools.gnu-tools-for-stm32.7-2018-q2-update.win32_1.0.0.201904181610/tools/bin/../lib/gcc/arm-none-eabi/7.3.1/../../../../arm-none-eabi/lib/thumb/v7-m\libc_nano.a(lib_a-findfp.o)
                0x0000000008004c2c                __sf_fake_stdin
 .rodata.__sf_fake_stdout
                0x0000000008004c4c       0x20 c:/program files (x86)/stmicroelectronics/stm32cubeide_1.1.0/stm32cubeide/plugins/com.st.stm32cube.ide.mcu.externaltools.gnu-tools-for-stm32.7-2018-q2-update.win32_1.0.0.201904181610/tools/bin/../lib/gcc/arm-none-eabi/7.3.1/../../../../arm-none-eabi/lib/thumb/v7-m\libc_nano.a(lib_a-findfp.o)
                0x0000000008004c4c                __sf_fake_stdout
 .rodata._svfprintf_r.str1.1
                0x0000000008004c6c       0x11 c:/program files (x86)/stmicroelectronics/stm32cubeide_1.1.0/stm32cubeide/plugins/com.st.stm32cube.ide.mcu.externaltools.gnu-tools-for-stm32.7-2018-q2-update.win32_1.0.0.201904181610/tools/bin/../lib/gcc/arm-none-eabi/7.3.1/../../../../arm-none-eabi/lib/thumb/v7-m\libc_nano.a(lib_a-nano-svfprintf.o)
 .rodata._printf_i.str1.1
                0x0000000008004c7d       0x22 c:/program files (x86)/stmicroelectronics/stm32cubeide_1.1.0/stm32cubeide/plugins/com.st.stm32cube.ide.mcu.externaltools.gnu-tools-for-stm32.7-2018-q2-update.win32_1.0.0.201904181610/tools/bin/../lib/gcc/arm-none-eabi/7.3.1/../../../../arm-none-eabi/lib/thumb/v7-m\libc_nano.a(lib_a-nano-vfprintf_i.o)
                0x0000000008004ca0                . = ALIGN (0x4)
 *fill*         0x0000000008004c9f        0x1 

.rel.dyn        0x0000000008004ca0        0x0
 .rel.iplt      0x0000000008004ca0        0x0 c:/program files (x86)/stmicroelectronics/stm32cubeide_1.1.0/stm32cubeide/plugins/com.st.stm32cube.ide.mcu.externaltools.gnu-tools-for-stm32.7-2018-q2-update.win32_1.0.0.201904181610/tools/bin/../lib/gcc/arm-none-eabi/7.3.1/thumb/v7-m/crtbegin.o

.ARM.extab      0x0000000008004ca0        0x0
                0x0000000008004ca0                . = ALIGN (0x4)
 *(.ARM.extab* .gnu.linkonce.armextab.*)
                0x0000000008004ca0                . = ALIGN (0x4)

.ARM            0x0000000008004ca0        0x0
                0x0000000008004ca0                . = ALIGN (0x4)
                0x0000000008004ca0                __exidx_start = .
 *(.ARM.exidx*)
                0x0000000008004ca0                __exidx_end = .
                0x0000000008004ca0                . = ALIGN (0x4)

.preinit_array  0x0000000008004ca0        0x0
                0x0000000008004ca0                . = ALIGN (0x4)
                0x0000000008004ca0                PROVIDE (__preinit_array_start = .)
 *(.preinit_array*)
                0x0000000008004ca0                PROVIDE (__preinit_array_end = .)
                0x0000000008004ca0                . = ALIGN (0x4)

.init_array     0x0000000008004ca0        0x4
                0x0000000008004ca0                . = ALIGN (0x4)
                0x0000000008004ca0                PROVIDE (__init_array_start = .)
 *(SORT_BY_NAME(.init_array.*))
 *(.init_array*)
 .init_array    0x0000000008004ca0        0x4 c:/program files (x86)/stmicroelectronics/stm32cubeide_1.1.0/stm32cubeide/plugins/com.st.stm32cube.ide.mcu.externaltools.gnu-tools-for-stm32.7-2018-q2-update.win32_1.0.0.201904181610/tools/bin/../lib/gcc/arm-none-eabi/7.3.1/thumb/v7-m/crtbegin.o
                0x0000000008004ca4                PROVIDE (__init_array_end = .)
                0x0000000008004ca4                . = ALIGN (0x4)

.fini_array     0x0000000008004ca4        0x4
                0x0000000008004ca4                . = ALIGN (0x4)
                [!provide]                        PROVIDE (__fini_array_start = .)
 *(SORT_BY_NAME(.fini_array.*))
 *(.fini_array*)
 .fini_array    0x0000000008004ca4        0x4 c:/program files (x86)/stmicroelectronics/stm32cubeide_1.1.0/stm32cubeide/plugins/com.st.stm32cube.ide.mcu.externaltools.gnu-tools-for-stm32.7-2018-q2-update.win32_1.0.0.201904181610/tools/bin/../lib/gcc/arm-none-eabi/7.3.1/thumb/v7-m/crtbegin.o
                [!provide]                        PROVIDE (__fini_array_end = .)
                0x0000000008004ca8                . = ALIGN (0x4)
                0x0000000008004ca8                _sidata = LOADADDR (.data)

.data           0x0000000020000000       0x70 load address 0x0000000008004ca8
                0x0000000020000000                . = ALIGN (0x4)
                0x0000000020000000                _sdata = .
 *(.data)
 *(.data*)
 .data.SystemCoreClock
                0x0000000020000000        0x4 Core/Src/system_stm32l1xx.o
                0x0000000020000000                SystemCoreClock
 .data.uwTickPrio
                0x0000000020000004        0x4 Drivers/STM32L1xx_HAL_Driver/Src/stm32l1xx_hal.o
                0x0000000020000004                uwTickPrio
 .data.uwTickFreq
                0x0000000020000008        0x4 Drivers/STM32L1xx_HAL_Driver/Src/stm32l1xx_hal.o
                0x0000000020000008                uwTickFreq
 .data._impure_ptr
                0x000000002000000c        0x4 c:/program files (x86)/stmicroelectronics/stm32cubeide_1.1.0/stm32cubeide/plugins/com.st.stm32cube.ide.mcu.externaltools.gnu-tools-for-stm32.7-2018-q2-update.win32_1.0.0.201904181610/tools/bin/../lib/gcc/arm-none-eabi/7.3.1/../../../../arm-none-eabi/lib/thumb/v7-m\libc_nano.a(lib_a-impure.o)
                0x000000002000000c                _impure_ptr
 .data.impure_data
                0x0000000020000010       0x60 c:/program files (x86)/stmicroelectronics/stm32cubeide_1.1.0/stm32cubeide/plugins/com.st.stm32cube.ide.mcu.externaltools.gnu-tools-for-stm32.7-2018-q2-update.win32_1.0.0.201904181610/tools/bin/../lib/gcc/arm-none-eabi/7.3.1/../../../../arm-none-eabi/lib/thumb/v7-m\libc_nano.a(lib_a-impure.o)
                0x0000000020000070                . = ALIGN (0x4)
                0x0000000020000070                _edata = .

.igot.plt       0x0000000020000070        0x0 load address 0x0000000008004d18
 .igot.plt      0x0000000020000070        0x0 c:/program files (x86)/stmicroelectronics/stm32cubeide_1.1.0/stm32cubeide/plugins/com.st.stm32cube.ide.mcu.externaltools.gnu-tools-for-stm32.7-2018-q2-update.win32_1.0.0.201904181610/tools/bin/../lib/gcc/arm-none-eabi/7.3.1/thumb/v7-m/crtbegin.o
                0x0000000020000070                . = ALIGN (0x4)

.bss            0x0000000020000070      0x30c load address 0x0000000008004d18
                0x0000000020000070                _sbss = .
                0x0000000020000070                __bss_start__ = _sbss
 *(.bss)
 .bss           0x0000000020000070       0x1c c:/program files (x86)/stmicroelectronics/stm32cubeide_1.1.0/stm32cubeide/plugins/com.st.stm32cube.ide.mcu.externaltools.gnu-tools-for-stm32.7-2018-q2-update.win32_1.0.0.201904181610/tools/bin/../lib/gcc/arm-none-eabi/7.3.1/thumb/v7-m/crtbegin.o
 *(.bss*)
 .bss.timerInterrupt
                0x000000002000008c        0x1 Core/Src/stm32l1xx_it.o
                0x000000002000008c                timerInterrupt
 *fill*         0x000000002000008d        0x3 
 .bss.heap_end.5149
                0x0000000020000090        0x4 Core/Src/sysmem.o
 .bss.__malloc_free_list
                0x0000000020000094        0x4 c:/program files (x86)/stmicroelectronics/stm32cubeide_1.1.0/stm32cubeide/plugins/com.st.stm32cube.ide.mcu.externaltools.gnu-tools-for-stm32.7-2018-q2-update.win32_1.0.0.201904181610/tools/bin/../lib/gcc/arm-none-eabi/7.3.1/../../../../arm-none-eabi/lib/thumb/v7-m\libc_nano.a(lib_a-nano-mallocr.o)
                0x0000000020000094                __malloc_free_list
 .bss.__malloc_sbrk_start
                0x0000000020000098        0x4 c:/program files (x86)/stmicroelectronics/stm32cubeide_1.1.0/stm32cubeide/plugins/com.st.stm32cube.ide.mcu.externaltools.gnu-tools-for-stm32.7-2018-q2-update.win32_1.0.0.201904181610/tools/bin/../lib/gcc/arm-none-eabi/7.3.1/../../../../arm-none-eabi/lib/thumb/v7-m\libc_nano.a(lib_a-nano-mallocr.o)
                0x0000000020000098                __malloc_sbrk_start
 *(COMMON)
 COMMON         0x000000002000009c      0x128 Core/Src/SX1278.o
                0x000000002000009c                SX1278
                0x00000000200001a8                SX1278_hw
 COMMON         0x00000000200001c4        0xc Core/Src/iwdg.o
                0x00000000200001c4                hiwdg
 COMMON         0x00000000200001d0        0x4 Core/Src/main.o
                0x00000000200001d0                ticks
 COMMON         0x00000000200001d4       0xe0 Core/Src/spi.o
                0x00000000200001d4                hspi1
                0x000000002000022c                hdma_spi1_rx
                0x0000000020000270                hdma_spi1_tx
 COMMON         0x00000000200002b4       0x3c Core/Src/tim.o
                0x00000000200002b4                htim6
 COMMON         0x00000000200002f0       0x84 Core/Src/usart.o
                0x00000000200002f0                hdma_usart1_tx
                0x0000000020000334                huart1
 COMMON         0x0000000020000374        0x4 Drivers/STM32L1xx_HAL_Driver/Src/stm32l1xx_hal.o
                0x0000000020000374                uwTick
 COMMON         0x0000000020000378        0x4 c:/program files (x86)/stmicroelectronics/stm32cubeide_1.1.0/stm32cubeide/plugins/com.st.stm32cube.ide.mcu.externaltools.gnu-tools-for-stm32.7-2018-q2-update.win32_1.0.0.201904181610/tools/bin/../lib/gcc/arm-none-eabi/7.3.1/../../../../arm-none-eabi/lib/thumb/v7-m\libc_nano.a(lib_a-reent.o)
                0x0000000020000378                errno
                0x000000002000037c                . = ALIGN (0x4)
                0x000000002000037c                _ebss = .
                0x000000002000037c                __bss_end__ = _ebss

._user_heap_stack
                0x000000002000037c      0x604 load address 0x0000000008004d18
                0x0000000020000380                . = ALIGN (0x8)
 *fill*         0x000000002000037c        0x4 
                0x0000000020000380                PROVIDE (end = .)
                [!provide]                        PROVIDE (_end = .)
                0x0000000020000580                . = (. + _Min_Heap_Size)
 *fill*         0x0000000020000380      0x200 
                0x0000000020000980                . = (. + _Min_Stack_Size)
 *fill*         0x0000000020000580      0x400 
                0x0000000020000980                . = ALIGN (0x8)

/DISCARD/
 libc.a(*)
 libm.a(*)
 libgcc.a(*)

.ARM.attributes
                0x0000000000000000       0x29
 *(.ARM.attributes)
 .ARM.attributes
                0x0000000000000000       0x1d c:/program files (x86)/stmicroelectronics/stm32cubeide_1.1.0/stm32cubeide/plugins/com.st.stm32cube.ide.mcu.externaltools.gnu-tools-for-stm32.7-2018-q2-update.win32_1.0.0.201904181610/tools/bin/../lib/gcc/arm-none-eabi/7.3.1/thumb/v7-m/crti.o
 .ARM.attributes
                0x000000000000001d       0x2d c:/program files (x86)/stmicroelectronics/stm32cubeide_1.1.0/stm32cubeide/plugins/com.st.stm32cube.ide.mcu.externaltools.gnu-tools-for-stm32.7-2018-q2-update.win32_1.0.0.201904181610/tools/bin/../lib/gcc/arm-none-eabi/7.3.1/thumb/v7-m/crtbegin.o
 .ARM.attributes
                0x000000000000004a       0x33 Core/Src/SX1278.o
 .ARM.attributes
                0x000000000000007d       0x33 Core/Src/dma.o
 .ARM.attributes
                0x00000000000000b0       0x33 Core/Src/gpio.o
 .ARM.attributes
                0x00000000000000e3       0x33 Core/Src/iwdg.o
 .ARM.attributes
                0x0000000000000116       0x33 Core/Src/main.o
 .ARM.attributes
                0x0000000000000149       0x33 Core/Src/spi.o
 .ARM.attributes
                0x000000000000017c       0x33 Core/Src/stm32l1xx_hal_msp.o
 .ARM.attributes
                0x00000000000001af       0x33 Core/Src/stm32l1xx_it.o
 .ARM.attributes
                0x00000000000001e2       0x33 Core/Src/syscalls.o
 .ARM.attributes
                0x0000000000000215       0x33 Core/Src/sysmem.o
 .ARM.attributes
                0x0000000000000248       0x33 Core/Src/system_stm32l1xx.o
 .ARM.attributes
                0x000000000000027b       0x33 Core/Src/tim.o
 .ARM.attributes
                0x00000000000002ae       0x33 Core/Src/usart.o
 .ARM.attributes
                0x00000000000002e1       0x21 Core/Startup/startup_stm32l151cbux.o
 .ARM.attributes
                0x0000000000000302       0x33 Drivers/STM32L1xx_HAL_Driver/Src/stm32l1xx_hal.o
 .ARM.attributes
                0x0000000000000335       0x33 Drivers/STM32L1xx_HAL_Driver/Src/stm32l1xx_hal_cortex.o
 .ARM.attributes
                0x0000000000000368       0x33 Drivers/STM32L1xx_HAL_Driver/Src/stm32l1xx_hal_dma.o
 .ARM.attributes
                0x000000000000039b       0x33 Drivers/STM32L1xx_HAL_Driver/Src/stm32l1xx_hal_gpio.o
 .ARM.attributes
                0x00000000000003ce       0x33 Drivers/STM32L1xx_HAL_Driver/Src/stm32l1xx_hal_iwdg.o
 .ARM.attributes
                0x0000000000000401       0x33 Drivers/STM32L1xx_HAL_Driver/Src/stm32l1xx_hal_rcc.o
 .ARM.attributes
                0x0000000000000434       0x33 Drivers/STM32L1xx_HAL_Driver/Src/stm32l1xx_hal_spi.o
 .ARM.attributes
                0x0000000000000467       0x33 Drivers/STM32L1xx_HAL_Driver/Src/stm32l1xx_hal_tim.o
 .ARM.attributes
                0x000000000000049a       0x33 Drivers/STM32L1xx_HAL_Driver/Src/stm32l1xx_hal_tim_ex.o
 .ARM.attributes
                0x00000000000004cd       0x33 Drivers/STM32L1xx_HAL_Driver/Src/stm32l1xx_hal_uart.o
 .ARM.attributes
                0x0000000000000500       0x2d c:/program files (x86)/stmicroelectronics/stm32cubeide_1.1.0/stm32cubeide/plugins/com.st.stm32cube.ide.mcu.externaltools.gnu-tools-for-stm32.7-2018-q2-update.win32_1.0.0.201904181610/tools/bin/../lib/gcc/arm-none-eabi/7.3.1/../../../../arm-none-eabi/lib/thumb/v7-m\libc_nano.a(lib_a-errno.o)
 .ARM.attributes
                0x000000000000052d       0x2d c:/program files (x86)/stmicroelectronics/stm32cubeide_1.1.0/stm32cubeide/plugins/com.st.stm32cube.ide.mcu.externaltools.gnu-tools-for-stm32.7-2018-q2-update.win32_1.0.0.201904181610/tools/bin/../lib/gcc/arm-none-eabi/7.3.1/../../../../arm-none-eabi/lib/thumb/v7-m\libc_nano.a(lib_a-impure.o)
 .ARM.attributes
                0x000000000000055a       0x2d c:/program files (x86)/stmicroelectronics/stm32cubeide_1.1.0/stm32cubeide/plugins/com.st.stm32cube.ide.mcu.externaltools.gnu-tools-for-stm32.7-2018-q2-update.win32_1.0.0.201904181610/tools/bin/../lib/gcc/arm-none-eabi/7.3.1/../../../../arm-none-eabi/lib/thumb/v7-m\libc_nano.a(lib_a-init.o)
 .ARM.attributes
                0x0000000000000587       0x2d c:/program files (x86)/stmicroelectronics/stm32cubeide_1.1.0/stm32cubeide/plugins/com.st.stm32cube.ide.mcu.externaltools.gnu-tools-for-stm32.7-2018-q2-update.win32_1.0.0.201904181610/tools/bin/../lib/gcc/arm-none-eabi/7.3.1/../../../../arm-none-eabi/lib/thumb/v7-m\libc_nano.a(lib_a-memcpy-stub.o)
 .ARM.attributes
                0x00000000000005b4       0x2d c:/program files (x86)/stmicroelectronics/stm32cubeide_1.1.0/stm32cubeide/plugins/com.st.stm32cube.ide.mcu.externaltools.gnu-tools-for-stm32.7-2018-q2-update.win32_1.0.0.201904181610/tools/bin/../lib/gcc/arm-none-eabi/7.3.1/../../../../arm-none-eabi/lib/thumb/v7-m\libc_nano.a(lib_a-memset.o)
 .ARM.attributes
                0x00000000000005e1       0x2d c:/program files (x86)/stmicroelectronics/stm32cubeide_1.1.0/stm32cubeide/plugins/com.st.stm32cube.ide.mcu.externaltools.gnu-tools-for-stm32.7-2018-q2-update.win32_1.0.0.201904181610/tools/bin/../lib/gcc/arm-none-eabi/7.3.1/../../../../arm-none-eabi/lib/thumb/v7-m\libc_nano.a(lib_a-puts.o)
 .ARM.attributes
                0x000000000000060e       0x2d c:/program files (x86)/stmicroelectronics/stm32cubeide_1.1.0/stm32cubeide/plugins/com.st.stm32cube.ide.mcu.externaltools.gnu-tools-for-stm32.7-2018-q2-update.win32_1.0.0.201904181610/tools/bin/../lib/gcc/arm-none-eabi/7.3.1/../../../../arm-none-eabi/lib/thumb/v7-m\libc_nano.a(lib_a-sprintf.o)
 .ARM.attributes
                0x000000000000063b       0x2d c:/program files (x86)/stmicroelectronics/stm32cubeide_1.1.0/stm32cubeide/plugins/com.st.stm32cube.ide.mcu.externaltools.gnu-tools-for-stm32.7-2018-q2-update.win32_1.0.0.201904181610/tools/bin/../lib/gcc/arm-none-eabi/7.3.1/../../../../arm-none-eabi/lib/thumb/v7-m\libc_nano.a(lib_a-wbuf.o)
 .ARM.attributes
                0x0000000000000668       0x2d c:/program files (x86)/stmicroelectronics/stm32cubeide_1.1.0/stm32cubeide/plugins/com.st.stm32cube.ide.mcu.externaltools.gnu-tools-for-stm32.7-2018-q2-update.win32_1.0.0.201904181610/tools/bin/../lib/gcc/arm-none-eabi/7.3.1/../../../../arm-none-eabi/lib/thumb/v7-m\libc_nano.a(lib_a-wsetup.o)
 .ARM.attributes
                0x0000000000000695       0x2d c:/program files (x86)/stmicroelectronics/stm32cubeide_1.1.0/stm32cubeide/plugins/com.st.stm32cube.ide.mcu.externaltools.gnu-tools-for-stm32.7-2018-q2-update.win32_1.0.0.201904181610/tools/bin/../lib/gcc/arm-none-eabi/7.3.1/../../../../arm-none-eabi/lib/thumb/v7-m\libc_nano.a(lib_a-fflush.o)
 .ARM.attributes
                0x00000000000006c2       0x2d c:/program files (x86)/stmicroelectronics/stm32cubeide_1.1.0/stm32cubeide/plugins/com.st.stm32cube.ide.mcu.externaltools.gnu-tools-for-stm32.7-2018-q2-update.win32_1.0.0.201904181610/tools/bin/../lib/gcc/arm-none-eabi/7.3.1/../../../../arm-none-eabi/lib/thumb/v7-m\libc_nano.a(lib_a-findfp.o)
 .ARM.attributes
                0x00000000000006ef       0x2d c:/program files (x86)/stmicroelectronics/stm32cubeide_1.1.0/stm32cubeide/plugins/com.st.stm32cube.ide.mcu.externaltools.gnu-tools-for-stm32.7-2018-q2-update.win32_1.0.0.201904181610/tools/bin/../lib/gcc/arm-none-eabi/7.3.1/../../../../arm-none-eabi/lib/thumb/v7-m\libc_nano.a(lib_a-fwalk.o)
 .ARM.attributes
                0x000000000000071c       0x2d c:/program files (x86)/stmicroelectronics/stm32cubeide_1.1.0/stm32cubeide/plugins/com.st.stm32cube.ide.mcu.externaltools.gnu-tools-for-stm32.7-2018-q2-update.win32_1.0.0.201904181610/tools/bin/../lib/gcc/arm-none-eabi/7.3.1/../../../../arm-none-eabi/lib/thumb/v7-m\libc_nano.a(lib_a-makebuf.o)
 .ARM.attributes
                0x0000000000000749       0x2d c:/program files (x86)/stmicroelectronics/stm32cubeide_1.1.0/stm32cubeide/plugins/com.st.stm32cube.ide.mcu.externaltools.gnu-tools-for-stm32.7-2018-q2-update.win32_1.0.0.201904181610/tools/bin/../lib/gcc/arm-none-eabi/7.3.1/../../../../arm-none-eabi/lib/thumb/v7-m\libc_nano.a(lib_a-nano-freer.o)
 .ARM.attributes
                0x0000000000000776       0x2d c:/program files (x86)/stmicroelectronics/stm32cubeide_1.1.0/stm32cubeide/plugins/com.st.stm32cube.ide.mcu.externaltools.gnu-tools-for-stm32.7-2018-q2-update.win32_1.0.0.201904181610/tools/bin/../lib/gcc/arm-none-eabi/7.3.1/../../../../arm-none-eabi/lib/thumb/v7-m\libc_nano.a(lib_a-nano-mallocr.o)
 .ARM.attributes
                0x00000000000007a3       0x2d c:/program files (x86)/stmicroelectronics/stm32cubeide_1.1.0/stm32cubeide/plugins/com.st.stm32cube.ide.mcu.externaltools.gnu-tools-for-stm32.7-2018-q2-update.win32_1.0.0.201904181610/tools/bin/../lib/gcc/arm-none-eabi/7.3.1/../../../../arm-none-eabi/lib/thumb/v7-m\libc_nano.a(lib_a-nano-svfprintf.o)
 .ARM.attributes
                0x00000000000007d0       0x2d c:/program files (x86)/stmicroelectronics/stm32cubeide_1.1.0/stm32cubeide/plugins/com.st.stm32cube.ide.mcu.externaltools.gnu-tools-for-stm32.7-2018-q2-update.win32_1.0.0.201904181610/tools/bin/../lib/gcc/arm-none-eabi/7.3.1/../../../../arm-none-eabi/lib/thumb/v7-m\libc_nano.a(lib_a-nano-vfprintf_i.o)
 .ARM.attributes
                0x00000000000007fd       0x2d c:/program files (x86)/stmicroelectronics/stm32cubeide_1.1.0/stm32cubeide/plugins/com.st.stm32cube.ide.mcu.externaltools.gnu-tools-for-stm32.7-2018-q2-update.win32_1.0.0.201904181610/tools/bin/../lib/gcc/arm-none-eabi/7.3.1/../../../../arm-none-eabi/lib/thumb/v7-m\libc_nano.a(lib_a-sbrkr.o)
 .ARM.attributes
                0x000000000000082a       0x2d c:/program files (x86)/stmicroelectronics/stm32cubeide_1.1.0/stm32cubeide/plugins/com.st.stm32cube.ide.mcu.externaltools.gnu-tools-for-stm32.7-2018-q2-update.win32_1.0.0.201904181610/tools/bin/../lib/gcc/arm-none-eabi/7.3.1/../../../../arm-none-eabi/lib/thumb/v7-m\libc_nano.a(lib_a-stdio.o)
 .ARM.attributes
                0x0000000000000857       0x2d c:/program files (x86)/stmicroelectronics/stm32cubeide_1.1.0/stm32cubeide/plugins/com.st.stm32cube.ide.mcu.externaltools.gnu-tools-for-stm32.7-2018-q2-update.win32_1.0.0.201904181610/tools/bin/../lib/gcc/arm-none-eabi/7.3.1/../../../../arm-none-eabi/lib/thumb/v7-m\libc_nano.a(lib_a-writer.o)
 .ARM.attributes
                0x0000000000000884       0x2d c:/program files (x86)/stmicroelectronics/stm32cubeide_1.1.0/stm32cubeide/plugins/com.st.stm32cube.ide.mcu.externaltools.gnu-tools-for-stm32.7-2018-q2-update.win32_1.0.0.201904181610/tools/bin/../lib/gcc/arm-none-eabi/7.3.1/../../../../arm-none-eabi/lib/thumb/v7-m\libc_nano.a(lib_a-closer.o)
 .ARM.attributes
                0x00000000000008b1       0x2d c:/program files (x86)/stmicroelectronics/stm32cubeide_1.1.0/stm32cubeide/plugins/com.st.stm32cube.ide.mcu.externaltools.gnu-tools-for-stm32.7-2018-q2-update.win32_1.0.0.201904181610/tools/bin/../lib/gcc/arm-none-eabi/7.3.1/../../../../arm-none-eabi/lib/thumb/v7-m\libc_nano.a(lib_a-fstatr.o)
 .ARM.attributes
                0x00000000000008de       0x2d c:/program files (x86)/stmicroelectronics/stm32cubeide_1.1.0/stm32cubeide/plugins/com.st.stm32cube.ide.mcu.externaltools.gnu-tools-for-stm32.7-2018-q2-update.win32_1.0.0.201904181610/tools/bin/../lib/gcc/arm-none-eabi/7.3.1/../../../../arm-none-eabi/lib/thumb/v7-m\libc_nano.a(lib_a-isattyr.o)
 .ARM.attributes
                0x000000000000090b       0x2d c:/program files (x86)/stmicroelectronics/stm32cubeide_1.1.0/stm32cubeide/plugins/com.st.stm32cube.ide.mcu.externaltools.gnu-tools-for-stm32.7-2018-q2-update.win32_1.0.0.201904181610/tools/bin/../lib/gcc/arm-none-eabi/7.3.1/../../../../arm-none-eabi/lib/thumb/v7-m\libc_nano.a(lib_a-lseekr.o)
 .ARM.attributes
                0x0000000000000938       0x2d c:/program files (x86)/stmicroelectronics/stm32cubeide_1.1.0/stm32cubeide/plugins/com.st.stm32cube.ide.mcu.externaltools.gnu-tools-for-stm32.7-2018-q2-update.win32_1.0.0.201904181610/tools/bin/../lib/gcc/arm-none-eabi/7.3.1/../../../../arm-none-eabi/lib/thumb/v7-m\libc_nano.a(lib_a-memchr-stub.o)
 .ARM.attributes
                0x0000000000000965       0x2d c:/program files (x86)/stmicroelectronics/stm32cubeide_1.1.0/stm32cubeide/plugins/com.st.stm32cube.ide.mcu.externaltools.gnu-tools-for-stm32.7-2018-q2-update.win32_1.0.0.201904181610/tools/bin/../lib/gcc/arm-none-eabi/7.3.1/../../../../arm-none-eabi/lib/thumb/v7-m\libc_nano.a(lib_a-memmove.o)
 .ARM.attributes
                0x0000000000000992       0x2d c:/program files (x86)/stmicroelectronics/stm32cubeide_1.1.0/stm32cubeide/plugins/com.st.stm32cube.ide.mcu.externaltools.gnu-tools-for-stm32.7-2018-q2-update.win32_1.0.0.201904181610/tools/bin/../lib/gcc/arm-none-eabi/7.3.1/../../../../arm-none-eabi/lib/thumb/v7-m\libc_nano.a(lib_a-mlock.o)
 .ARM.attributes
                0x00000000000009bf       0x2d c:/program files (x86)/stmicroelectronics/stm32cubeide_1.1.0/stm32cubeide/plugins/com.st.stm32cube.ide.mcu.externaltools.gnu-tools-for-stm32.7-2018-q2-update.win32_1.0.0.201904181610/tools/bin/../lib/gcc/arm-none-eabi/7.3.1/../../../../arm-none-eabi/lib/thumb/v7-m\libc_nano.a(lib_a-nano-reallocr.o)
 .ARM.attributes
                0x00000000000009ec       0x2d c:/program files (x86)/stmicroelectronics/stm32cubeide_1.1.0/stm32cubeide/plugins/com.st.stm32cube.ide.mcu.externaltools.gnu-tools-for-stm32.7-2018-q2-update.win32_1.0.0.201904181610/tools/bin/../lib/gcc/arm-none-eabi/7.3.1/../../../../arm-none-eabi/lib/thumb/v7-m\libc_nano.a(lib_a-readr.o)
 .ARM.attributes
                0x0000000000000a19       0x2d c:/program files (x86)/stmicroelectronics/stm32cubeide_1.1.0/stm32cubeide/plugins/com.st.stm32cube.ide.mcu.externaltools.gnu-tools-for-stm32.7-2018-q2-update.win32_1.0.0.201904181610/tools/bin/../lib/gcc/arm-none-eabi/7.3.1/../../../../arm-none-eabi/lib/thumb/v7-m\libc_nano.a(lib_a-reent.o)
 .ARM.attributes
                0x0000000000000a46       0x2d c:/program files (x86)/stmicroelectronics/stm32cubeide_1.1.0/stm32cubeide/plugins/com.st.stm32cube.ide.mcu.externaltools.gnu-tools-for-stm32.7-2018-q2-update.win32_1.0.0.201904181610/tools/bin/../lib/gcc/arm-none-eabi/7.3.1/../../../../arm-none-eabi/lib/thumb/v7-m\libc_nano.a(lib_a-nano-msizer.o)
 .ARM.attributes
                0x0000000000000a73       0x1d c:/program files (x86)/stmicroelectronics/stm32cubeide_1.1.0/stm32cubeide/plugins/com.st.stm32cube.ide.mcu.externaltools.gnu-tools-for-stm32.7-2018-q2-update.win32_1.0.0.201904181610/tools/bin/../lib/gcc/arm-none-eabi/7.3.1/thumb/v7-m/crtn.o
OUTPUT(LoRa_Test_Tx.elf elf32-littlearm)

.debug_info     0x0000000000000000     0xf7b2
 .debug_info    0x0000000000000000     0x17b2 Core/Src/SX1278.o
 .debug_info    0x00000000000017b2      0x3a4 Core/Src/dma.o
 .debug_info    0x0000000000001b56      0x3da Core/Src/gpio.o
 .debug_info    0x0000000000001f30      0x257 Core/Src/iwdg.o
 .debug_info    0x0000000000002187     0x174e Core/Src/main.o
 .debug_info    0x00000000000038d5      0x885 Core/Src/spi.o
 .debug_info    0x000000000000415a      0x290 Core/Src/stm32l1xx_hal_msp.o
 .debug_info    0x00000000000043ea      0x6e3 Core/Src/stm32l1xx_it.o
 .debug_info    0x0000000000004acd      0xebd Core/Src/syscalls.o
 .debug_info    0x000000000000598a      0x91c Core/Src/sysmem.o
 .debug_info    0x00000000000062a6      0x473 Core/Src/system_stm32l1xx.o
 .debug_info    0x0000000000006719      0x8d0 Core/Src/tim.o
 .debug_info    0x0000000000006fe9      0x821 Core/Src/usart.o
 .debug_info    0x000000000000780a       0x22 Core/Startup/startup_stm32l151cbux.o
 .debug_info    0x000000000000782c      0x6da Drivers/STM32L1xx_HAL_Driver/Src/stm32l1xx_hal.o
 .debug_info    0x0000000000007f06      0xd42 Drivers/STM32L1xx_HAL_Driver/Src/stm32l1xx_hal_cortex.o
 .debug_info    0x0000000000008c48      0x790 Drivers/STM32L1xx_HAL_Driver/Src/stm32l1xx_hal_dma.o
 .debug_info    0x00000000000093d8      0x690 Drivers/STM32L1xx_HAL_Driver/Src/stm32l1xx_hal_gpio.o
 .debug_info    0x0000000000009a68      0x2b3 Drivers/STM32L1xx_HAL_Driver/Src/stm32l1xx_hal_iwdg.o
 .debug_info    0x0000000000009d1b      0x8e8 Drivers/STM32L1xx_HAL_Driver/Src/stm32l1xx_hal_rcc.o
 .debug_info    0x000000000000a603     0x1526 Drivers/STM32L1xx_HAL_Driver/Src/stm32l1xx_hal_spi.o
 .debug_info    0x000000000000bb29     0x23f3 Drivers/STM32L1xx_HAL_Driver/Src/stm32l1xx_hal_tim.o
 .debug_info    0x000000000000df1c      0x6ba Drivers/STM32L1xx_HAL_Driver/Src/stm32l1xx_hal_tim_ex.o
 .debug_info    0x000000000000e5d6     0x11dc Drivers/STM32L1xx_HAL_Driver/Src/stm32l1xx_hal_uart.o

.debug_abbrev   0x0000000000000000     0x2928
 .debug_abbrev  0x0000000000000000      0x2ab Core/Src/SX1278.o
 .debug_abbrev  0x00000000000002ab      0x107 Core/Src/dma.o
 .debug_abbrev  0x00000000000003b2      0x134 Core/Src/gpio.o
 .debug_abbrev  0x00000000000004e6      0x109 Core/Src/iwdg.o
 .debug_abbrev  0x00000000000005ef      0x24a Core/Src/main.o
 .debug_abbrev  0x0000000000000839      0x1aa Core/Src/spi.o
 .debug_abbrev  0x00000000000009e3       0xef Core/Src/stm32l1xx_hal_msp.o
 .debug_abbrev  0x0000000000000ad2      0x169 Core/Src/stm32l1xx_it.o
 .debug_abbrev  0x0000000000000c3b      0x261 Core/Src/syscalls.o
 .debug_abbrev  0x0000000000000e9c      0x1bb Core/Src/sysmem.o
 .debug_abbrev  0x0000000000001057      0x111 Core/Src/system_stm32l1xx.o
 .debug_abbrev  0x0000000000001168      0x197 Core/Src/tim.o
 .debug_abbrev  0x00000000000012ff      0x1aa Core/Src/usart.o
 .debug_abbrev  0x00000000000014a9       0x12 Core/Startup/startup_stm32l151cbux.o
 .debug_abbrev  0x00000000000014bb      0x21b Drivers/STM32L1xx_HAL_Driver/Src/stm32l1xx_hal.o
 .debug_abbrev  0x00000000000016d6      0x2fa Drivers/STM32L1xx_HAL_Driver/Src/stm32l1xx_hal_cortex.o
 .debug_abbrev  0x00000000000019d0      0x1d9 Drivers/STM32L1xx_HAL_Driver/Src/stm32l1xx_hal_dma.o
 .debug_abbrev  0x0000000000001ba9      0x1c9 Drivers/STM32L1xx_HAL_Driver/Src/stm32l1xx_hal_gpio.o
 .debug_abbrev  0x0000000000001d72      0x141 Drivers/STM32L1xx_HAL_Driver/Src/stm32l1xx_hal_iwdg.o
 .debug_abbrev  0x0000000000001eb3      0x254 Drivers/STM32L1xx_HAL_Driver/Src/stm32l1xx_hal_rcc.o
 .debug_abbrev  0x0000000000002107      0x240 Drivers/STM32L1xx_HAL_Driver/Src/stm32l1xx_hal_spi.o
 .debug_abbrev  0x0000000000002347      0x22e Drivers/STM32L1xx_HAL_Driver/Src/stm32l1xx_hal_tim.o
 .debug_abbrev  0x0000000000002575      0x162 Drivers/STM32L1xx_HAL_Driver/Src/stm32l1xx_hal_tim_ex.o
 .debug_abbrev  0x00000000000026d7      0x251 Drivers/STM32L1xx_HAL_Driver/Src/stm32l1xx_hal_uart.o

.debug_aranges  0x0000000000000000      0xed8
 .debug_aranges
                0x0000000000000000      0x100 Core/Src/SX1278.o
 .debug_aranges
                0x0000000000000100       0x20 Core/Src/dma.o
 .debug_aranges
                0x0000000000000120       0x20 Core/Src/gpio.o
 .debug_aranges
                0x0000000000000140       0x20 Core/Src/iwdg.o
 .debug_aranges
                0x0000000000000160       0x38 Core/Src/main.o
 .debug_aranges
                0x0000000000000198       0x30 Core/Src/spi.o
 .debug_aranges
                0x00000000000001c8       0x20 Core/Src/stm32l1xx_hal_msp.o
 .debug_aranges
                0x00000000000001e8       0x80 Core/Src/stm32l1xx_it.o
 .debug_aranges
                0x0000000000000268       0xa8 Core/Src/syscalls.o
 .debug_aranges
                0x0000000000000310       0x20 Core/Src/sysmem.o
 .debug_aranges
                0x0000000000000330       0x28 Core/Src/system_stm32l1xx.o
 .debug_aranges
                0x0000000000000358       0x30 Core/Src/tim.o
 .debug_aranges
                0x0000000000000388       0x30 Core/Src/usart.o
 .debug_aranges
                0x00000000000003b8       0x28 Core/Startup/startup_stm32l151cbux.o
 .debug_aranges
                0x00000000000003e0       0xe0 Drivers/STM32L1xx_HAL_Driver/Src/stm32l1xx_hal.o
 .debug_aranges
                0x00000000000004c0      0x118 Drivers/STM32L1xx_HAL_Driver/Src/stm32l1xx_hal_cortex.o
 .debug_aranges
                0x00000000000005d8       0x80 Drivers/STM32L1xx_HAL_Driver/Src/stm32l1xx_hal_dma.o
 .debug_aranges
                0x0000000000000658       0x58 Drivers/STM32L1xx_HAL_Driver/Src/stm32l1xx_hal_gpio.o
 .debug_aranges
                0x00000000000006b0       0x28 Drivers/STM32L1xx_HAL_Driver/Src/stm32l1xx_hal_iwdg.o
 .debug_aranges
                0x00000000000006d8       0x90 Drivers/STM32L1xx_HAL_Driver/Src/stm32l1xx_hal_rcc.o
 .debug_aranges
                0x0000000000000768      0x1d0 Drivers/STM32L1xx_HAL_Driver/Src/stm32l1xx_hal_spi.o
 .debug_aranges
                0x0000000000000938      0x3a8 Drivers/STM32L1xx_HAL_Driver/Src/stm32l1xx_hal_tim.o
 .debug_aranges
                0x0000000000000ce0       0x28 Drivers/STM32L1xx_HAL_Driver/Src/stm32l1xx_hal_tim_ex.o
 .debug_aranges
                0x0000000000000d08      0x1d0 Drivers/STM32L1xx_HAL_Driver/Src/stm32l1xx_hal_uart.o

.debug_ranges   0x0000000000000000      0xd60
 .debug_ranges  0x0000000000000000       0xf0 Core/Src/SX1278.o
 .debug_ranges  0x00000000000000f0       0x10 Core/Src/dma.o
 .debug_ranges  0x0000000000000100       0x10 Core/Src/gpio.o
 .debug_ranges  0x0000000000000110       0x10 Core/Src/iwdg.o
 .debug_ranges  0x0000000000000120       0x28 Core/Src/main.o
 .debug_ranges  0x0000000000000148       0x20 Core/Src/spi.o
 .debug_ranges  0x0000000000000168       0x10 Core/Src/stm32l1xx_hal_msp.o
 .debug_ranges  0x0000000000000178       0x70 Core/Src/stm32l1xx_it.o
 .debug_ranges  0x00000000000001e8       0x98 Core/Src/syscalls.o
 .debug_ranges  0x0000000000000280       0x10 Core/Src/sysmem.o
 .debug_ranges  0x0000000000000290       0x18 Core/Src/system_stm32l1xx.o
 .debug_ranges  0x00000000000002a8       0x20 Core/Src/tim.o
 .debug_ranges  0x00000000000002c8       0x20 Core/Src/usart.o
 .debug_ranges  0x00000000000002e8       0x20 Core/Startup/startup_stm32l151cbux.o
 .debug_ranges  0x0000000000000308       0xd0 Drivers/STM32L1xx_HAL_Driver/Src/stm32l1xx_hal.o
 .debug_ranges  0x00000000000003d8      0x108 Drivers/STM32L1xx_HAL_Driver/Src/stm32l1xx_hal_cortex.o
 .debug_ranges  0x00000000000004e0       0x70 Drivers/STM32L1xx_HAL_Driver/Src/stm32l1xx_hal_dma.o
 .debug_ranges  0x0000000000000550       0x48 Drivers/STM32L1xx_HAL_Driver/Src/stm32l1xx_hal_gpio.o
 .debug_ranges  0x0000000000000598       0x18 Drivers/STM32L1xx_HAL_Driver/Src/stm32l1xx_hal_iwdg.o
 .debug_ranges  0x00000000000005b0       0x80 Drivers/STM32L1xx_HAL_Driver/Src/stm32l1xx_hal_rcc.o
 .debug_ranges  0x0000000000000630      0x1c0 Drivers/STM32L1xx_HAL_Driver/Src/stm32l1xx_hal_spi.o
 .debug_ranges  0x00000000000007f0      0x398 Drivers/STM32L1xx_HAL_Driver/Src/stm32l1xx_hal_tim.o
 .debug_ranges  0x0000000000000b88       0x18 Drivers/STM32L1xx_HAL_Driver/Src/stm32l1xx_hal_tim_ex.o
 .debug_ranges  0x0000000000000ba0      0x1c0 Drivers/STM32L1xx_HAL_Driver/Src/stm32l1xx_hal_uart.o

.debug_macro    0x0000000000000000    0x16cc3
 .debug_macro   0x0000000000000000      0x2b5 Core/Src/SX1278.o
 .debug_macro   0x00000000000002b5      0xa5a Core/Src/SX1278.o
 .debug_macro   0x0000000000000d0f       0x22 Core/Src/SX1278.o
 .debug_macro   0x0000000000000d31       0x8e Core/Src/SX1278.o
 .debug_macro   0x0000000000000dbf       0x51 Core/Src/SX1278.o
 .debug_macro   0x0000000000000e10       0xef Core/Src/SX1278.o
 .debug_macro   0x0000000000000eff       0x6a Core/Src/SX1278.o
 .debug_macro   0x0000000000000f69      0x1df Core/Src/SX1278.o
 .debug_macro   0x0000000000001148       0x22 Core/Src/SX1278.o
 .debug_macro   0x000000000000116a      0x118 Core/Src/SX1278.o
 .debug_macro   0x0000000000001282       0x2e Core/Src/SX1278.o
 .debug_macro   0x00000000000012b0       0x22 Core/Src/SX1278.o
 .debug_macro   0x00000000000012d2       0x1c Core/Src/SX1278.o
 .debug_macro   0x00000000000012ee       0x22 Core/Src/SX1278.o
 .debug_macro   0x0000000000001310       0xc3 Core/Src/SX1278.o
 .debug_macro   0x00000000000013d3      0xe49 Core/Src/SX1278.o
 .debug_macro   0x000000000000221c      0x11f Core/Src/SX1278.o
 .debug_macro   0x000000000000233b     0xa350 Core/Src/SX1278.o
 .debug_macro   0x000000000000c68b       0x43 Core/Src/SX1278.o
 .debug_macro   0x000000000000c6ce     0x3468 Core/Src/SX1278.o
 .debug_macro   0x000000000000fb36      0x174 Core/Src/SX1278.o
 .debug_macro   0x000000000000fcaa       0x5b Core/Src/SX1278.o
 .debug_macro   0x000000000000fd05      0xe38 Core/Src/SX1278.o
 .debug_macro   0x0000000000010b3d       0x5c Core/Src/SX1278.o
 .debug_macro   0x0000000000010b99      0x13b Core/Src/SX1278.o
 .debug_macro   0x0000000000010cd4       0xa7 Core/Src/SX1278.o
 .debug_macro   0x0000000000010d7b      0x21e Core/Src/SX1278.o
 .debug_macro   0x0000000000010f99      0x236 Core/Src/SX1278.o
 .debug_macro   0x00000000000111cf      0x107 Core/Src/SX1278.o
 .debug_macro   0x00000000000112d6      0x281 Core/Src/SX1278.o
 .debug_macro   0x0000000000011557       0x78 Core/Src/SX1278.o
 .debug_macro   0x00000000000115cf      0x1e9 Core/Src/SX1278.o
 .debug_macro   0x00000000000117b8       0x22 Core/Src/SX1278.o
 .debug_macro   0x00000000000117da      0x217 Core/Src/SX1278.o
 .debug_macro   0x00000000000119f1      0x72d Core/Src/SX1278.o
 .debug_macro   0x000000000001211e       0x59 Core/Src/SX1278.o
 .debug_macro   0x0000000000012177      0x287 Core/Src/SX1278.o
 .debug_macro   0x00000000000123fe      0x3ce Core/Src/SX1278.o
 .debug_macro   0x00000000000127cc       0x58 Core/Src/SX1278.o
 .debug_macro   0x0000000000012824      0x38c Core/Src/SX1278.o
 .debug_macro   0x0000000000012bb0       0x46 Core/Src/SX1278.o
 .debug_macro   0x0000000000012bf6       0x18 Core/Src/SX1278.o
 .debug_macro   0x0000000000012c0e       0x3c Core/Src/SX1278.o
 .debug_macro   0x0000000000012c4a       0x34 Core/Src/SX1278.o
 .debug_macro   0x0000000000012c7e       0x52 Core/Src/SX1278.o
 .debug_macro   0x0000000000012cd0       0x1f Core/Src/SX1278.o
 .debug_macro   0x0000000000012cef       0x43 Core/Src/SX1278.o
 .debug_macro   0x0000000000012d32       0x20 Core/Src/SX1278.o
 .debug_macro   0x0000000000012d52      0x1a3 Core/Src/SX1278.o
 .debug_macro   0x0000000000012ef5      0x32a Core/Src/SX1278.o
 .debug_macro   0x000000000001321f       0x10 Core/Src/SX1278.o
 .debug_macro   0x000000000001322f       0x35 Core/Src/SX1278.o
 .debug_macro   0x0000000000013264       0x20 Core/Src/SX1278.o
 .debug_macro   0x0000000000013284      0x1d2 Core/Src/dma.o
 .debug_macro   0x0000000000013456      0x1d2 Core/Src/gpio.o
 .debug_macro   0x0000000000013628      0x1d2 Core/Src/iwdg.o
 .debug_macro   0x00000000000137fa      0x37c Core/Src/main.o
 .debug_macro   0x0000000000013b76       0x16 Core/Src/main.o
 .debug_macro   0x0000000000013b8c       0x10 Core/Src/main.o
 .debug_macro   0x0000000000013b9c       0x10 Core/Src/main.o
 .debug_macro   0x0000000000013bac       0x1c Core/Src/main.o
 .debug_macro   0x0000000000013bc8       0x52 Core/Src/main.o
 .debug_macro   0x0000000000013c1a       0x40 Core/Src/main.o
 .debug_macro   0x0000000000013c5a       0x10 Core/Src/main.o
 .debug_macro   0x0000000000013c6a       0x40 Core/Src/main.o
 .debug_macro   0x0000000000013caa       0xd7 Core/Src/main.o
 .debug_macro   0x0000000000013d81       0x1c Core/Src/main.o
 .debug_macro   0x0000000000013d9d       0x3d Core/Src/main.o
 .debug_macro   0x0000000000013dda       0x16 Core/Src/main.o
 .debug_macro   0x0000000000013df0      0x145 Core/Src/main.o
 .debug_macro   0x0000000000013f35      0x1d2 Core/Src/spi.o
 .debug_macro   0x0000000000014107      0x1c8 Core/Src/stm32l1xx_hal_msp.o
 .debug_macro   0x00000000000142cf      0x1d2 Core/Src/stm32l1xx_it.o
 .debug_macro   0x00000000000144a1      0x243 Core/Src/syscalls.o
 .debug_macro   0x00000000000146e4       0x40 Core/Src/syscalls.o
 .debug_macro   0x0000000000014724       0x94 Core/Src/syscalls.o
 .debug_macro   0x00000000000147b8       0x57 Core/Src/syscalls.o
 .debug_macro   0x000000000001480f      0x330 Core/Src/syscalls.o
 .debug_macro   0x0000000000014b3f       0x10 Core/Src/syscalls.o
 .debug_macro   0x0000000000014b4f       0x10 Core/Src/syscalls.o
 .debug_macro   0x0000000000014b5f       0x10 Core/Src/syscalls.o
 .debug_macro   0x0000000000014b6f       0x35 Core/Src/syscalls.o
 .debug_macro   0x0000000000014ba4      0x122 Core/Src/syscalls.o
 .debug_macro   0x0000000000014cc6       0x16 Core/Src/syscalls.o
 .debug_macro   0x0000000000014cdc       0x16 Core/Src/syscalls.o
 .debug_macro   0x0000000000014cf2       0x29 Core/Src/syscalls.o
 .debug_macro   0x0000000000014d1b       0x10 Core/Src/syscalls.o
 .debug_macro   0x0000000000014d2b      0x241 Core/Src/syscalls.o
 .debug_macro   0x0000000000014f6c       0x1c Core/Src/syscalls.o
 .debug_macro   0x0000000000014f88       0x10 Core/Src/syscalls.o
 .debug_macro   0x0000000000014f98      0x189 Core/Src/syscalls.o
 .debug_macro   0x0000000000015121       0x16 Core/Src/syscalls.o
 .debug_macro   0x0000000000015137       0x88 Core/Src/syscalls.o
 .debug_macro   0x00000000000151bf      0x1ae Core/Src/sysmem.o
 .debug_macro   0x000000000001536d      0x23b Core/Src/sysmem.o
 .debug_macro   0x00000000000155a8      0x1bf Core/Src/system_stm32l1xx.o
 .debug_macro   0x0000000000015767      0x1d2 Core/Src/tim.o
 .debug_macro   0x0000000000015939      0x1d2 Core/Src/usart.o
 .debug_macro   0x0000000000015b0b      0x1dd Drivers/STM32L1xx_HAL_Driver/Src/stm32l1xx_hal.o
 .debug_macro   0x0000000000015ce8      0x1b9 Drivers/STM32L1xx_HAL_Driver/Src/stm32l1xx_hal_cortex.o
 .debug_macro   0x0000000000015ea1      0x1b9 Drivers/STM32L1xx_HAL_Driver/Src/stm32l1xx_hal_dma.o
 .debug_macro   0x000000000001605a      0x1f1 Drivers/STM32L1xx_HAL_Driver/Src/stm32l1xx_hal_gpio.o
 .debug_macro   0x000000000001624b      0x1bf Drivers/STM32L1xx_HAL_Driver/Src/stm32l1xx_hal_iwdg.o
 .debug_macro   0x000000000001640a      0x1cb Drivers/STM32L1xx_HAL_Driver/Src/stm32l1xx_hal_rcc.o
 .debug_macro   0x00000000000165d5      0x1c1 Drivers/STM32L1xx_HAL_Driver/Src/stm32l1xx_hal_spi.o
 .debug_macro   0x0000000000016796      0x1ba Drivers/STM32L1xx_HAL_Driver/Src/stm32l1xx_hal_tim.o
 .debug_macro   0x0000000000016950      0x1b9 Drivers/STM32L1xx_HAL_Driver/Src/stm32l1xx_hal_tim_ex.o
 .debug_macro   0x0000000000016b09      0x1ba Drivers/STM32L1xx_HAL_Driver/Src/stm32l1xx_hal_uart.o

.debug_line     0x0000000000000000     0xebe5
 .debug_line    0x0000000000000000      0xc29 Core/Src/SX1278.o
 .debug_line    0x0000000000000c29      0x7da Core/Src/dma.o
 .debug_line    0x0000000000001403      0x7fa Core/Src/gpio.o
 .debug_line    0x0000000000001bfd      0x7da Core/Src/iwdg.o
 .debug_line    0x00000000000023d7      0xaa0 Core/Src/main.o
 .debug_line    0x0000000000002e77      0x827 Core/Src/spi.o
 .debug_line    0x000000000000369e      0x7dc Core/Src/stm32l1xx_hal_msp.o
 .debug_line    0x0000000000003e7a      0x8c8 Core/Src/stm32l1xx_it.o
 .debug_line    0x0000000000004742      0x883 Core/Src/syscalls.o
 .debug_line    0x0000000000004fc5      0x69f Core/Src/sysmem.o
 .debug_line    0x0000000000005664      0x802 Core/Src/system_stm32l1xx.o
 .debug_line    0x0000000000005e66      0x807 Core/Src/tim.o
 .debug_line    0x000000000000666d      0x81b Core/Src/usart.o
 .debug_line    0x0000000000006e88       0x84 Core/Startup/startup_stm32l151cbux.o
 .debug_line    0x0000000000006f0c      0x9b7 Drivers/STM32L1xx_HAL_Driver/Src/stm32l1xx_hal.o
 .debug_line    0x00000000000078c3      0xb02 Drivers/STM32L1xx_HAL_Driver/Src/stm32l1xx_hal_cortex.o
 .debug_line    0x00000000000083c5      0x9e3 Drivers/STM32L1xx_HAL_Driver/Src/stm32l1xx_hal_dma.o
 .debug_line    0x0000000000008da8      0x96d Drivers/STM32L1xx_HAL_Driver/Src/stm32l1xx_hal_gpio.o
 .debug_line    0x0000000000009715      0x80c Drivers/STM32L1xx_HAL_Driver/Src/stm32l1xx_hal_iwdg.o
 .debug_line    0x0000000000009f21      0xae0 Drivers/STM32L1xx_HAL_Driver/Src/stm32l1xx_hal_rcc.o
 .debug_line    0x000000000000aa01     0x1186 Drivers/STM32L1xx_HAL_Driver/Src/stm32l1xx_hal_spi.o
 .debug_line    0x000000000000bb87     0x172d Drivers/STM32L1xx_HAL_Driver/Src/stm32l1xx_hal_tim.o
 .debug_line    0x000000000000d2b4      0x862 Drivers/STM32L1xx_HAL_Driver/Src/stm32l1xx_hal_tim_ex.o
 .debug_line    0x000000000000db16     0x10cf Drivers/STM32L1xx_HAL_Driver/Src/stm32l1xx_hal_uart.o

.debug_str      0x0000000000000000    0x828dd
 .debug_str     0x0000000000000000    0x7d1f6 Core/Src/SX1278.o
                                      0x7d58a (size before relaxing)
 .debug_str     0x000000000007d1f6      0x350 Core/Src/dma.o
                                      0x7968d (size before relaxing)
 .debug_str     0x000000000007d546       0x56 Core/Src/gpio.o
                                      0x79470 (size before relaxing)